❯ Building...
✔ Building...
Application bundle generation failed. [39.183 seconds]

▲ [WARNING] NG8107: The left side of this optional chain operation does not include 'null' or 'undefined' in its type, therefore the '?.' operator can be replaced with the '.' operator. [plugin angular-compiler]

    src/app/ui/view/branch/branch-inventory/branch-inventory.component.html:254:92:
      254 │ ...tatus-badge ql-status-badge--{{ branch.status?.toLowerCase() }}">
          ╵                                                   ~~~~~~~~~~~

  Error occurs in the template of component BranchInventoryComponent.

    src/app/ui/view/branch/branch-inventory/branch-inventory.component.ts:24:15:
      24 │   templateUrl: './branch-inventory.component.html',
         ╵                ~~~~~~~~~~~~~~~~~~~~~~~~~~~~~~~~~~~


▲ [WARNING] NG8107: The left side of this optional chain operation does not include 'null' or 'undefined' in its type, therefore the '?.' operator can be replaced with the '.' operator. [plugin angular-compiler]

    src/app/ui/view/request-management/delivery-tracking/delivery-tracking.component.html:445:74:
      445 │ ...rnNumber }} — {{ grn.items?.length }} item(s), received by {...
          ╵                              ~~~~~~

  Error occurs in the template of component DeliveryTrackingComponent.

    src/app/ui/view/request-management/delivery-tracking/delivery-tracking.component.ts:14:15:
      14 │   templateUrl: './delivery-tracking.component.html',
         ╵                ~~~~~~~~~~~~~~~~~~~~~~~~~~~~~~~~~~~~


▲ [WARNING] NG8107: The left side of this optional chain operation does not include 'null' or 'undefined' in its type, therefore the '?.' operator can be replaced with the '.' operator. [plugin angular-compiler]

    src/app/ui/view/request-management/payment-voucher/payment-voucher.component.html:29:24:
      29 │           <span>{{ grn?.vendorName || '—' }}</span>
         ╵                         ~~~~~~~~~~

  Error occurs in the template of component PaymentVoucherComponent.

    src/app/ui/view/request-management/payment-voucher/payment-voucher.component.ts:13:15:
      13 │   templateUrl: './payment-voucher.component.html',
         ╵                ~~~~~~~~~~~~~~~~~~~~~~~~~~~~~~~~~~


▲ [WARNING] NG8107: The left side of this optional chain operation does not include 'null' or 'undefined' in its type, therefore the '?.' operator can be replaced with the '.' operator. [plugin angular-compiler]

    src/app/ui/view/request-management/payment-voucher/payment-voucher.component.html:360:22:
      360 │           <h4>{{ grn?.vendorName || existingVoucher?.vendorName |...
          ╵                       ~~~~~~~~~~

  Error occurs in the template of component PaymentVoucherComponent.

    src/app/ui/view/request-management/payment-voucher/payment-voucher.component.ts:13:15:
      13 │   templateUrl: './payment-voucher.component.html',
         ╵                ~~~~~~~~~~~~~~~~~~~~~~~~~~~~~~~~~~


▲ [WARNING] NG8107: The left side of this optional chain operation does not include 'null' or 'undefined' in its type, therefore the '?.' operator can be replaced with the '.' operator. [plugin angular-compiler]

    src/app/ui/view/request-management/payment-voucher/payment-voucher.component.html:399:51:
      399 │ ...d-value monospace">{{ grn?.grnNumber || existingVoucher?.grnNu...
          ╵                               ~~~~~~~~~

  Error occurs in the template of component PaymentVoucherComponent.

    src/app/ui/view/request-management/payment-voucher/payment-voucher.component.ts:13:15:
      13 │   templateUrl: './payment-voucher.component.html',
         ╵                ~~~~~~~~~~~~~~~~~~~~~~~~~~~~~~~~~~


▲ [WARNING] NG8107: The left side of this optional chain operation does not include 'null' or 'undefined' in its type, therefore the '?.' operator can be replaced with the '.' operator. [plugin angular-compiler]

    src/app/ui/view/request-management/rfq-preview/rfq-preview.component.html:167:80:
      167 │ ... [disabled]="!(request?.vendorsToNotify?.length) || isSubmitting"
          ╵                            ~~~~~~~~~~~~~~~

  Error occurs in the template of component RfqPreviewComponent.

    src/app/ui/view/request-management/rfq-preview/rfq-preview.component.ts:14:15:
      14 │   templateUrl: './rfq-preview.component.html',
         ╵                ~~~~~~~~~~~~~~~~~~~~~~~~~~~~~~


▲ [WARNING] NG8107: The left side of this optional chain operation does not include 'null' or 'undefined' in its type, therefore the '?.' operator can be replaced with the '.' operator. [plugin angular-compiler]

    src/app/ui/view/sales-hub/payment-receipt/payment-receipt.component.html:96:55:
      96 │ ...receipt.payment.customerName?.name || receipt.payment.customerN...
         ╵                                  ~~~~

  Error occurs in the template of component PaymentReceiptComponent.

    src/app/ui/view/sales-hub/payment-receipt/payment-receipt.component.ts:15:15:
      15 │   templateUrl: './payment-receipt.component.html',
         ╵                ~~~~~~~~~~~~~~~~~~~~~~~~~~~~~~~~~~


▲ [WARNING] NG8107: The left side of this optional chain operation does not include 'null' or 'undefined' in its type, therefore the '?.' operator can be replaced with the '.' operator. [plugin angular-compiler]

    src/app/ui/view/sales-hub/product-service-catalog/product-service-catalog-detail/product-service-catalog-detail.component.html:156:66:
      156 │ ...il-value">{{ product.supplier?.name || product.supplier }}</span>
          ╵                                   ~~~~

  Error occurs in the template of component ProductServiceCatalogDetailComponent.

    src/app/ui/view/sales-hub/product-service-catalog/product-service-catalog-detail/product-service-catalog-detail.component.ts:16:15:
      16 │   templateUrl: './product-service-catalog-detail.component.html',
         ╵                ~~~~~~~~~~~~~~~~~~~~~~~~~~~~~~~~~~~~~~~~~~~~~~~~~


▲ [WARNING] NG8107: The left side of this optional chain operation does not include 'null' or 'undefined' in its type, therefore the '?.' operator can be replaced with the '.' operator. [plugin angular-compiler]

    src/app/ui/view/sales-hub/quotations/quote-list/quote-list.component.html:208:73:
      208 │ ..."ql-status-badge ql-status-badge--{{ q.status?.toLowerCase() }}">
          ╵                                                   ~~~~~~~~~~~

  Error occurs in the template of component QuoteListComponent.

    src/app/ui/view/sales-hub/quotations/quote-list/quote-list.component.ts:25:15:
      25 │   templateUrl: './quote-list.component.html',
         ╵                ~~~~~~~~~~~~~~~~~~~~~~~~~~~~~


▲ [WARNING] NG8107: The left side of this optional chain operation does not include 'null' or 'undefined' in its type, therefore the '?.' operator can be replaced with the '.' operator. [plugin angular-compiler]

    src/app/ui/view/vendor-management/vendor-management-detail/overview/overview.component.html:12:87:
      12 │ ...rojects || vendor.performanceMetrics?.totalProjects || 0 }}</span>
         ╵                                          ~~~~~~~~~~~~~

  Error occurs in the template of component OverviewComponent.

    src/app/ui/view/vendor-management/vendor-management-detail/overview/overview.component.ts:24:15:
      24 │   templateUrl: './overview.component.html',
         ╵                ~~~~~~~~~~~~~~~~~~~~~~~~~~~


▲ [WARNING] NG8107: The left side of this optional chain operation does not include 'null' or 'undefined' in its type, therefore the '?.' operator can be replaced with the '.' operator. [plugin angular-compiler]

    src/app/ui/view/vendor-management/vendor-management-detail/overview/overview.component.html:17:78:
      17 │ ...atCurrency(vendor.performanceMetrics?.totalRevenue || 0) }}</span>
         ╵                                          ~~~~~~~~~~~~

  Error occurs in the template of component OverviewComponent.

    src/app/ui/view/vendor-management/vendor-management-detail/overview/overview.component.ts:24:15:
      24 │   templateUrl: './overview.component.html',
         ╵                ~~~~~~~~~~~~~~~~~~~~~~~~~~~


▲ [WARNING] NG8107: The left side of this optional chain operation does not include 'null' or 'undefined' in its type, therefore the '?.' operator can be replaced with the '.' operator. [plugin angular-compiler]

    src/app/ui/view/vendor-management/vendor-management-detail/overview/overview.component.html:22:58:
      22 │ ...stat-value">{{ vendor.averageRating?.toFixed(1) || '—' }}</span>
         ╵                                         ~~~~~~~

  Error occurs in the template of component OverviewComponent.

    src/app/ui/view/vendor-management/vendor-management-detail/overview/overview.component.ts:24:15:
      24 │   templateUrl: './overview.component.html',
         ╵                ~~~~~~~~~~~~~~~~~~~~~~~~~~~


▲ [WARNING] NG8107: The left side of this optional chain operation does not include 'null' or 'undefined' in its type, therefore the '?.' operator can be replaced with the '.' operator. [plugin angular-compiler]

    src/app/ui/view/vendor-management/vendor-management-detail/risk/risk.component.html:21:84:
      21 │ ...="value" [class.compliant]="vendor.complianceStatus?.isCompliant">
         ╵                                                         ~~~~~~~~~~~

  Error occurs in the template of component RiskComponent.

    src/app/ui/view/vendor-management/vendor-management-detail/risk/risk.component.ts:18:15:
      18 │   templateUrl: './risk.component.html',
         ╵                ~~~~~~~~~~~~~~~~~~~~~~~


▲ [WARNING] NG8107: The left side of this optional chain operation does not include 'null' or 'undefined' in its type, therefore the '?.' operator can be replaced with the '.' operator. [plugin angular-compiler]

    src/app/ui/view/vendor-management/vendor-management-detail/risk/risk.component.html:22:89:
      22 │ ...as" [class.fa-check-circle]="vendor.complianceStatus?.isCompliant"
         ╵                                                          ~~~~~~~~~~~

  Error occurs in the template of component RiskComponent.

    src/app/ui/view/vendor-management/vendor-management-detail/risk/risk.component.ts:18:15:
      18 │   templateUrl: './risk.component.html',
         ╵                ~~~~~~~~~~~~~~~~~~~~~~~


▲ [WARNING] NG8107: The left side of this optional chain operation does not include 'null' or 'undefined' in its type, therefore the '?.' operator can be replaced with the '.' operator. [plugin angular-compiler]

    src/app/ui/view/vendor-management/vendor-management-detail/risk/risk.component.html:23:94:
      23 │ ...exclamation-triangle]="!vendor.complianceStatus?.isCompliant"></i>
         ╵                                                     ~~~~~~~~~~~

  Error occurs in the template of component RiskComponent.

    src/app/ui/view/vendor-management/vendor-management-detail/risk/risk.component.ts:18:15:
      18 │   templateUrl: './risk.component.html',
         ╵                ~~~~~~~~~~~~~~~~~~~~~~~


▲ [WARNING] NG8107: The left side of this optional chain operation does not include 'null' or 'undefined' in its type, therefore the '?.' operator can be replaced with the '.' operator. [plugin angular-compiler]

    src/app/ui/view/vendor-management/vendor-management-detail/risk/risk.component.html:24:52:
      24 │ ... vendor.complianceStatus?.isCompliant ? '✓ Compliant' : '⚠�...
         ╵                              ~~~~~~~~~~~

  Error occurs in the template of component RiskComponent.

    src/app/ui/view/vendor-management/vendor-management-detail/risk/risk.component.ts:18:15:
      18 │   templateUrl: './risk.component.html',
         ╵                ~~~~~~~~~~~~~~~~~~~~~~~


▲ [WARNING] NG8107: The left side of this optional chain operation does not include 'null' or 'undefined' in its type, therefore the '?.' operator can be replaced with the '.' operator. [plugin angular-compiler]

    src/app/ui/view/vendor-management/vendor-management-detail/risk/risk.component.html:39:84:
      39 │ ...alue" [class.compliant]="vendor.complianceStatus?.sanctionsClear">
         ╵                                                      ~~~~~~~~~~~~~~

  Error occurs in the template of component RiskComponent.

    src/app/ui/view/vendor-management/vendor-management-detail/risk/risk.component.ts:18:15:
      18 │   templateUrl: './risk.component.html',
         ╵                ~~~~~~~~~~~~~~~~~~~~~~~


▲ [WARNING] NG8107: The left side of this optional chain operation does not include 'null' or 'undefined' in its type, therefore the '?.' operator can be replaced with the '.' operator. [plugin angular-compiler]

    src/app/ui/view/vendor-management/vendor-management-detail/risk/risk.component.html:40:89:
      40 │ ... [class.fa-check-circle]="vendor.complianceStatus?.sanctionsClear"
         ╵                                                       ~~~~~~~~~~~~~~

  Error occurs in the template of component RiskComponent.

    src/app/ui/view/vendor-management/vendor-management-detail/risk/risk.component.ts:18:15:
      18 │   templateUrl: './risk.component.html',
         ╵                ~~~~~~~~~~~~~~~~~~~~~~~


▲ [WARNING] NG8107: The left side of this optional chain operation does not include 'null' or 'undefined' in its type, therefore the '?.' operator can be replaced with the '.' operator. [plugin angular-compiler]

    src/app/ui/view/vendor-management/vendor-management-detail/risk/risk.component.html:41:79:
      41 │ ...  [class.fa-clock]="!vendor.complianceStatus?.sanctionsClear"></i>
         ╵                                                  ~~~~~~~~~~~~~~

  Error occurs in the template of component RiskComponent.

    src/app/ui/view/vendor-management/vendor-management-detail/risk/risk.component.ts:18:15:
      18 │   templateUrl: './risk.component.html',
         ╵                ~~~~~~~~~~~~~~~~~~~~~~~


▲ [WARNING] NG8107: The left side of this optional chain operation does not include 'null' or 'undefined' in its type, therefore the '?.' operator can be replaced with the '.' operator. [plugin angular-compiler]

    src/app/ui/view/vendor-management/vendor-management-detail/risk/risk.component.html:42:52:
      42 │ ...vendor.complianceStatus?.sanctionsClear ? '✓ Clear' : '⏳ Pe...
         ╵                             ~~~~~~~~~~~~~~

  Error occurs in the template of component RiskComponent.

    src/app/ui/view/vendor-management/vendor-management-detail/risk/risk.component.ts:18:15:
      18 │   templateUrl: './risk.component.html',
         ╵                ~~~~~~~~~~~~~~~~~~~~~~~


▲ [WARNING] NG8107: The left side of this optional chain operation does not include 'null' or 'undefined' in its type, therefore the '?.' operator can be replaced with the '.' operator. [plugin angular-compiler]

    src/app/ui/view/vendor-management/vendor-management-detail/vendor-management-detail.component.html:324:87:
      324 │ ...> {{ (s6.uploadedDocuments?.length || 0) }} document(s) submit...
          ╵                                ~~~~~~

  Error occurs in the template of component VendorManagementDetailComponent.

    src/app/ui/view/vendor-management/vendor-management-detail/vendor-management-detail.component.ts:44:15:
      44 │   templateUrl: './vendor-management-detail.component.html',
         ╵                ~~~~~~~~~~~~~~~~~~~~~~~~~~~~~~~~~~~~~~~~~~~


▲ [WARNING] NG8107: The left side of this optional chain operation does not include 'null' or 'undefined' in its type, therefore the '?.' operator can be replaced with the '.' operator. [plugin angular-compiler]

    src/app/ui/view/vendor-management/vendor-management-list/vendor-management-list.component.html:374:99:
      374 │ ...r.totalProjects || vendor.performanceMetrics?.totalProjects || 0)
          ╵                                                  ~~~~~~~~~~~~~

  Error occurs in the template of component VendorManagementListComponent.

    src/app/ui/view/vendor-management/vendor-management-list/vendor-management-list.component.ts:30:15:
      30 │   templateUrl: './vendor-management-list.component.html',
         ╵                ~~~~~~~~~~~~~~~~~~~~~~~~~~~~~~~~~~~~~~~~~


▲ [WARNING] NG8107: The left side of this optional chain operation does not include 'null' or 'undefined' in its type, therefore the '?.' operator can be replaced with the '.' operator. [plugin angular-compiler]

    src/app/ui/view/vendor-management/vendor-management-list/vendor-management-list.component.html:379:77:
      379 │ ...{ formatCurrency(vendor.performanceMetrics?.totalRevenue || 0) }}
          ╵                                                ~~~~~~~~~~~~

  Error occurs in the template of component VendorManagementListComponent.

    src/app/ui/view/vendor-management/vendor-management-list/vendor-management-list.component.ts:30:15:
      30 │   templateUrl: './vendor-management-list.component.html',
         ╵                ~~~~~~~~~~~~~~~~~~~~~~~~~~~~~~~~~~~~~~~~~


✘ [ERROR] NG9: Property 'resetForms' does not exist on type 'BranchInventoryFormComponent'. [plugin angular-compiler]

    src/app/ui/view/branch/branch-inventory-form/branch-inventory-form.component.html:64:102:
      64 │ ...tive]="mode === 'create'" (click)="mode = 'create'; resetForms()">
         ╵                                                        ~~~~~~~~~~

  Error occurs in the template of component BranchInventoryFormComponent.

    src/app/ui/view/branch/branch-inventory-form/branch-inventory-form.component.ts:26:15:
      26 │   templateUrl: './branch-inventory-form.component.html',
         ╵                ~~~~~~~~~~~~~~~~~~~~~~~~~~~~~~~~~~~~~~~~


✘ [ERROR] NG9: Property 'resetForms' does not exist on type 'BranchInventoryFormComponent'. [plugin angular-compiler]

    src/app/ui/view/branch/branch-inventory-form/branch-inventory-form.component.html:68:100:
      68 │ ...active]="mode === 'batch'" (click)="mode = 'batch'; resetForms()">
         ╵                                                        ~~~~~~~~~~

  Error occurs in the template of component BranchInventoryFormComponent.

    src/app/ui/view/branch/branch-inventory-form/branch-inventory-form.component.ts:26:15:
      26 │   templateUrl: './branch-inventory-form.component.html',
         ╵                ~~~~~~~~~~~~~~~~~~~~~~~~~~~~~~~~~~~~~~~~


✘ [ERROR] NG5002: Parser Error: Missing expected ) at column 15 in [setTimeout(() => showProductDropdown = false, 200)] in /Users/eseoseodion/erp-sales/src/app/ui/view/branch/branch-inventory-form/branch-inventory-form.component.html@108:44 [plugin angular-compiler]

    src/app/ui/view/branch/branch-inventory-form/branch-inventory-form.component.html:109:44:
      109 │ ...  (blur)="setTimeout(() => showProductDropdown = false, 200)" ...
          ╵              ~~~~~~~~~~~~~~~~~~~~~~~~~~~~~~~~~~~~~~~~~~~~~~~~~~

  Error occurs in the template of component BranchInventoryFormComponent.

    src/app/ui/view/branch/branch-inventory-form/branch-inventory-form.component.ts:26:15:
      26 │   templateUrl: './branch-inventory-form.component.html',
         ╵                ~~~~~~~~~~~~~~~~~~~~~~~~~~~~~~~~~~~~~~~~


✘ [ERROR] NG5002: Parser Error: Unexpected token ')' at column 50 in [setTimeout(() => showProductDropdown = false, 200)] in /Users/eseoseodion/erp-sales/src/app/ui/view/branch/branch-inventory-form/branch-inventory-form.component.html@108:44 [plugin angular-compiler]

    src/app/ui/view/branch/branch-inventory-form/branch-inventory-form.component.html:109:44:
      109 │ ...  (blur)="setTimeout(() => showProductDropdown = false, 200)" ...
          ╵              ~~~~~~~~~~~~~~~~~~~~~~~~~~~~~~~~~~~~~~~~~~~~~~~~~~

  Error occurs in the template of component BranchInventoryFormComponent.

    src/app/ui/view/branch/branch-inventory-form/branch-inventory-form.component.ts:26:15:
      26 │   templateUrl: './branch-inventory-form.component.html',
         ╵                ~~~~~~~~~~~~~~~~~~~~~~~~~~~~~~~~~~~~~~~~


✘ [ERROR] NG5002: Parser Error: Unexpected token ) at column 13 in [setTimeout(() => showProductDropdown = false, 200)] in /Users/eseoseodion/erp-sales/src/app/ui/view/branch/branch-inventory-form/branch-inventory-form.component.html@108:44 [plugin angular-compiler]

    src/app/ui/view/branch/branch-inventory-form/branch-inventory-form.component.html:109:44:
      109 │ ...  (blur)="setTimeout(() => showProductDropdown = false, 200)" ...
          ╵              ~~~~~~~~~~~~~~~~~~~~~~~~~~~~~~~~~~~~~~~~~~~~~~~~~~

  Error occurs in the template of component BranchInventoryFormComponent.

    src/app/ui/view/branch/branch-inventory-form/branch-inventory-form.component.ts:26:15:
      26 │   templateUrl: './branch-inventory-form.component.html',
         ╵                ~~~~~~~~~~~~~~~~~~~~~~~~~~~~~~~~~~~~~~~~


✘ [ERROR] NG9: Property 'setTimeout' does not exist on type 'BranchInventoryFormComponent'. [plugin angular-compiler]

    src/app/ui/view/branch/branch-inventory-form/branch-inventory-form.component.html:109:44:
      109 │ ...                  (blur)="setTimeout(() => showProductDropdown...
          ╵                              ~~~~~~~~~~

  Error occurs in the template of component BranchInventoryFormComponent.

    src/app/ui/view/branch/branch-inventory-form/branch-inventory-form.component.ts:26:15:
      26 │   templateUrl: './branch-inventory-form.component.html',
         ╵                ~~~~~~~~~~~~~~~~~~~~~~~~~~~~~~~~~~~~~~~~


✘ [ERROR] NG5002: Parser Error: Missing expected ) at column 15 in [setTimeout(() => showProductDropdown = false, 200)] in /Users/eseoseodion/erp-sales/src/app/ui/view/branch/branch-inventory-form/branch-inventory-form.component.html@108:44 [plugin angular-compiler]

    src/app/ui/view/branch/branch-inventory-form/branch-inventory-form.component.html:111:36:
      111 │ ...          *ngIf="showProductDropdown && filteredProducts.lengt...
          ╵              ~~~~~~~~~~~~~~~~~~~~~~~~~~~~~~~~~~~~~~~~~~~~~~~~~~~~

  Error occurs in the template of component BranchInventoryFormComponent.

    src/app/ui/view/branch/branch-inventory-form/branch-inventory-form.component.ts:26:15:
      26 │   templateUrl: './branch-inventory-form.component.html',
         ╵                ~~~~~~~~~~~~~~~~~~~~~~~~~~~~~~~~~~~~~~~~


✘ [ERROR] NG5002: Parser Error: Unexpected token ')' at column 50 in [setTimeout(() => showProductDropdown = false, 200)] in /Users/eseoseodion/erp-sales/src/app/ui/view/branch/branch-inventory-form/branch-inventory-form.component.html@108:44 [plugin angular-compiler]

    src/app/ui/view/branch/branch-inventory-form/branch-inventory-form.component.html:111:36:
      111 │ ...          *ngIf="showProductDropdown && filteredProducts.lengt...
          ╵              ~~~~~~~~~~~~~~~~~~~~~~~~~~~~~~~~~~~~~~~~~~~~~~~~~~~~

  Error occurs in the template of component BranchInventoryFormComponent.

    src/app/ui/view/branch/branch-inventory-form/branch-inventory-form.component.ts:26:15:
      26 │   templateUrl: './branch-inventory-form.component.html',
         ╵                ~~~~~~~~~~~~~~~~~~~~~~~~~~~~~~~~~~~~~~~~


✘ [ERROR] NG5002: Parser Error: Unexpected token ) at column 13 in [setTimeout(() => showProductDropdown = false, 200)] in /Users/eseoseodion/erp-sales/src/app/ui/view/branch/branch-inventory-form/branch-inventory-form.component.html@108:44 [plugin angular-compiler]

    src/app/ui/view/branch/branch-inventory-form/branch-inventory-form.component.html:111:36:
      111 │ ...          *ngIf="showProductDropdown && filteredProducts.lengt...
          ╵              ~~~~~~~~~~~~~~~~~~~~~~~~~~~~~~~~~~~~~~~~~~~~~~~~~~~~

  Error occurs in the template of component BranchInventoryFormComponent.

    src/app/ui/view/branch/branch-inventory-form/branch-inventory-form.component.ts:26:15:
      26 │   templateUrl: './branch-inventory-form.component.html',
         ╵                ~~~~~~~~~~~~~~~~~~~~~~~~~~~~~~~~~~~~~~~~


✘ [ERROR] NG5002: Parser Error: Missing expected ) at column 15 in [setTimeout(() => showProductDropdown = false, 200)] in /Users/eseoseodion/erp-sales/src/app/ui/view/branch/branch-inventory-form/branch-inventory-form.component.html@108:44 [plugin angular-compiler]

    src/app/ui/view/branch/branch-inventory-form/branch-inventory-form.component.html:112:41:
      112 │ ...      <div *ngFor="let product of filteredProducts" class="pro...
          ╵               ~~~~~~~~~~~~~~~~~~~~~~~~~~~~~~~~~~~~~~~~

  Error occurs in the template of component BranchInventoryFormComponent.

    src/app/ui/view/branch/branch-inventory-form/branch-inventory-form.component.ts:26:15:
      26 │   templateUrl: './branch-inventory-form.component.html',
         ╵                ~~~~~~~~~~~~~~~~~~~~~~~~~~~~~~~~~~~~~~~~


✘ [ERROR] NG5002: Parser Error: Unexpected token ')' at column 50 in [setTimeout(() => showProductDropdown = false, 200)] in /Users/eseoseodion/erp-sales/src/app/ui/view/branch/branch-inventory-form/branch-inventory-form.component.html@108:44 [plugin angular-compiler]

    src/app/ui/view/branch/branch-inventory-form/branch-inventory-form.component.html:112:41:
      112 │ ...      <div *ngFor="let product of filteredProducts" class="pro...
          ╵               ~~~~~~~~~~~~~~~~~~~~~~~~~~~~~~~~~~~~~~~~

  Error occurs in the template of component BranchInventoryFormComponent.

    src/app/ui/view/branch/branch-inventory-form/branch-inventory-form.component.ts:26:15:
      26 │   templateUrl: './branch-inventory-form.component.html',
         ╵                ~~~~~~~~~~~~~~~~~~~~~~~~~~~~~~~~~~~~~~~~


✘ [ERROR] NG5002: Parser Error: Unexpected token ) at column 13 in [setTimeout(() => showProductDropdown = false, 200)] in /Users/eseoseodion/erp-sales/src/app/ui/view/branch/branch-inventory-form/branch-inventory-form.component.html@108:44 [plugin angular-compiler]

    src/app/ui/view/branch/branch-inventory-form/branch-inventory-form.component.html:112:41:
      112 │ ...      <div *ngFor="let product of filteredProducts" class="pro...
          ╵               ~~~~~~~~~~~~~~~~~~~~~~~~~~~~~~~~~~~~~~~~

  Error occurs in the template of component BranchInventoryFormComponent.

    src/app/ui/view/branch/branch-inventory-form/branch-inventory-form.component.ts:26:15:
      26 │   templateUrl: './branch-inventory-form.component.html',
         ╵                ~~~~~~~~~~~~~~~~~~~~~~~~~~~~~~~~~~~~~~~~


✘ [ERROR] NG5002: Parser Error: Missing expected ) at column 15 in [setTimeout(() => showProductDropdown = false, 200)] in /Users/eseoseodion/erp-sales/src/app/ui/view/branch/branch-inventory-form/branch-inventory-form.component.html@108:44 [plugin angular-compiler]

    src/app/ui/view/branch/branch-inventory-form/branch-inventory-form.component.html:113:53:
      113 │ ...                            (mousedown)="selectProduct(product)">
          ╵                                             ~~~~~~~~~~~~~~~~~~~~~~

  Error occurs in the template of component BranchInventoryFormComponent.

    src/app/ui/view/branch/branch-inventory-form/branch-inventory-form.component.ts:26:15:
      26 │   templateUrl: './branch-inventory-form.component.html',
         ╵                ~~~~~~~~~~~~~~~~~~~~~~~~~~~~~~~~~~~~~~~~


✘ [ERROR] NG5002: Parser Error: Unexpected token ')' at column 50 in [setTimeout(() => showProductDropdown = false, 200)] in /Users/eseoseodion/erp-sales/src/app/ui/view/branch/branch-inventory-form/branch-inventory-form.component.html@108:44 [plugin angular-compiler]

    src/app/ui/view/branch/branch-inventory-form/branch-inventory-form.component.html:113:53:
      113 │ ...                            (mousedown)="selectProduct(product)">
          ╵                                             ~~~~~~~~~~~~~~~~~~~~~~

  Error occurs in the template of component BranchInventoryFormComponent.

    src/app/ui/view/branch/branch-inventory-form/branch-inventory-form.component.ts:26:15:
      26 │   templateUrl: './branch-inventory-form.component.html',
         ╵                ~~~~~~~~~~~~~~~~~~~~~~~~~~~~~~~~~~~~~~~~


✘ [ERROR] NG5002: Parser Error: Unexpected token ) at column 13 in [setTimeout(() => showProductDropdown = false, 200)] in /Users/eseoseodion/erp-sales/src/app/ui/view/branch/branch-inventory-form/branch-inventory-form.component.html@108:44 [plugin angular-compiler]

    src/app/ui/view/branch/branch-inventory-form/branch-inventory-form.component.html:113:53:
      113 │ ...                            (mousedown)="selectProduct(product)">
          ╵                                             ~~~~~~~~~~~~~~~~~~~~~~

  Error occurs in the template of component BranchInventoryFormComponent.

    src/app/ui/view/branch/branch-inventory-form/branch-inventory-form.component.ts:26:15:
      26 │   templateUrl: './branch-inventory-form.component.html',
         ╵                ~~~~~~~~~~~~~~~~~~~~~~~~~~~~~~~~~~~~~~~~


✘ [ERROR] NG5002: Parser Error: Missing expected ) at column 15 in [setTimeout(() => showProductDropdown = false, 200)] in /Users/eseoseodion/erp-sales/src/app/ui/view/branch/branch-inventory-form/branch-inventory-form.component.html@108:44 [plugin angular-compiler]

    src/app/ui/view/branch/branch-inventory-form/branch-inventory-form.component.html:114:74:
      114 │ ...      <span class="product-option-name">{{ product.name }}</span>
          ╵                                            ~~~~~~~~~~~~~~~~~~

  Error occurs in the template of component BranchInventoryFormComponent.

    src/app/ui/view/branch/branch-inventory-form/branch-inventory-form.component.ts:26:15:
      26 │   templateUrl: './branch-inventory-form.component.html',
         ╵                ~~~~~~~~~~~~~~~~~~~~~~~~~~~~~~~~~~~~~~~~


✘ [ERROR] NG5002: Parser Error: Unexpected token ')' at column 50 in [setTimeout(() => showProductDropdown = false, 200)] in /Users/eseoseodion/erp-sales/src/app/ui/view/branch/branch-inventory-form/branch-inventory-form.component.html@108:44 [plugin angular-compiler]

    src/app/ui/view/branch/branch-inventory-form/branch-inventory-form.component.html:114:74:
      114 │ ...      <span class="product-option-name">{{ product.name }}</span>
          ╵                                            ~~~~~~~~~~~~~~~~~~

  Error occurs in the template of component BranchInventoryFormComponent.

    src/app/ui/view/branch/branch-inventory-form/branch-inventory-form.component.ts:26:15:
      26 │   templateUrl: './branch-inventory-form.component.html',
         ╵                ~~~~~~~~~~~~~~~~~~~~~~~~~~~~~~~~~~~~~~~~


✘ [ERROR] NG5002: Parser Error: Unexpected token ) at column 13 in [setTimeout(() => showProductDropdown = false, 200)] in /Users/eseoseodion/erp-sales/src/app/ui/view/branch/branch-inventory-form/branch-inventory-form.component.html@108:44 [plugin angular-compiler]

    src/app/ui/view/branch/branch-inventory-form/branch-inventory-form.component.html:114:74:
      114 │ ...      <span class="product-option-name">{{ product.name }}</span>
          ╵                                            ~~~~~~~~~~~~~~~~~~

  Error occurs in the template of component BranchInventoryFormComponent.

    src/app/ui/view/branch/branch-inventory-form/branch-inventory-form.component.ts:26:15:
      26 │   templateUrl: './branch-inventory-form.component.html',
         ╵                ~~~~~~~~~~~~~~~~~~~~~~~~~~~~~~~~~~~~~~~~


✘ [ERROR] NG5002: Parser Error: Missing expected ) at column 15 in [setTimeout(() => showProductDropdown = false, 200)] in /Users/eseoseodion/erp-sales/src/app/ui/view/branch/branch-inventory-form/branch-inventory-form.component.html@108:44 [plugin angular-compiler]

    src/app/ui/view/branch/branch-inventory-form/branch-inventory-form.component.html:115:73:
      115 │ ...        <span class="product-option-sku">{{ product.sku }}</span>
          ╵                                             ~~~~~~~~~~~~~~~~~

  Error occurs in the template of component BranchInventoryFormComponent.

    src/app/ui/view/branch/branch-inventory-form/branch-inventory-form.component.ts:26:15:
      26 │   templateUrl: './branch-inventory-form.component.html',
         ╵                ~~~~~~~~~~~~~~~~~~~~~~~~~~~~~~~~~~~~~~~~


✘ [ERROR] NG5002: Parser Error: Unexpected token ')' at column 50 in [setTimeout(() => showProductDropdown = false, 200)] in /Users/eseoseodion/erp-sales/src/app/ui/view/branch/branch-inventory-form/branch-inventory-form.component.html@108:44 [plugin angular-compiler]

    src/app/ui/view/branch/branch-inventory-form/branch-inventory-form.component.html:115:73:
      115 │ ...        <span class="product-option-sku">{{ product.sku }}</span>
          ╵                                             ~~~~~~~~~~~~~~~~~

  Error occurs in the template of component BranchInventoryFormComponent.

    src/app/ui/view/branch/branch-inventory-form/branch-inventory-form.component.ts:26:15:
      26 │   templateUrl: './branch-inventory-form.component.html',
         ╵                ~~~~~~~~~~~~~~~~~~~~~~~~~~~~~~~~~~~~~~~~


✘ [ERROR] NG5002: Parser Error: Unexpected token ) at column 13 in [setTimeout(() => showProductDropdown = false, 200)] in /Users/eseoseodion/erp-sales/src/app/ui/view/branch/branch-inventory-form/branch-inventory-form.component.html@108:44 [plugin angular-compiler]

    src/app/ui/view/branch/branch-inventory-form/branch-inventory-form.component.html:115:73:
      115 │ ...        <span class="product-option-sku">{{ product.sku }}</span>
          ╵                                             ~~~~~~~~~~~~~~~~~

  Error occurs in the template of component BranchInventoryFormComponent.

    src/app/ui/view/branch/branch-inventory-form/branch-inventory-form.component.ts:26:15:
      26 │   templateUrl: './branch-inventory-form.component.html',
         ╵                ~~~~~~~~~~~~~~~~~~~~~~~~~~~~~~~~~~~~~~~~


✘ [ERROR] NG5002: Parser Error: Missing expected ) at column 15 in [setTimeout(() => showProductDropdown = false, 200)] in /Users/eseoseodion/erp-sales/src/app/ui/view/branch/branch-inventory-form/branch-inventory-form.component.html@108:44 [plugin angular-compiler]

    src/app/ui/view/branch/branch-inventory-form/branch-inventory-form.component.html:116:75:
      116 │ ...="product-option-price">{{ formatCurrency(product.sellingPrice ||
          ╵                            ~~~~~~~~~~~~~~~~~~~~~~~~~~~~~~~~~~~~~~~~~

  Error occurs in the template of component BranchInventoryFormComponent.

    src/app/ui/view/branch/branch-inventory-form/branch-inventory-form.component.ts:26:15:
      26 │   templateUrl: './branch-inventory-form.component.html',
         ╵                ~~~~~~~~~~~~~~~~~~~~~~~~~~~~~~~~~~~~~~~~


✘ [ERROR] NG5002: Parser Error: Unexpected token ')' at column 50 in [setTimeout(() => showProductDropdown = false, 200)] in /Users/eseoseodion/erp-sales/src/app/ui/view/branch/branch-inventory-form/branch-inventory-form.component.html@108:44 [plugin angular-compiler]

    src/app/ui/view/branch/branch-inventory-form/branch-inventory-form.component.html:116:75:
      116 │ ...="product-option-price">{{ formatCurrency(product.sellingPrice ||
          ╵                            ~~~~~~~~~~~~~~~~~~~~~~~~~~~~~~~~~~~~~~~~~

  Error occurs in the template of component BranchInventoryFormComponent.

    src/app/ui/view/branch/branch-inventory-form/branch-inventory-form.component.ts:26:15:
      26 │   templateUrl: './branch-inventory-form.component.html',
         ╵                ~~~~~~~~~~~~~~~~~~~~~~~~~~~~~~~~~~~~~~~~


✘ [ERROR] NG5002: Parser Error: Unexpected token ) at column 13 in [setTimeout(() => showProductDropdown = false, 200)] in /Users/eseoseodion/erp-sales/src/app/ui/view/branch/branch-inventory-form/branch-inventory-form.component.html@108:44 [plugin angular-compiler]

    src/app/ui/view/branch/branch-inventory-form/branch-inventory-form.component.html:116:75:
      116 │ ...="product-option-price">{{ formatCurrency(product.sellingPrice ||
          ╵                            ~~~~~~~~~~~~~~~~~~~~~~~~~~~~~~~~~~~~~~~~~

  Error occurs in the template of component BranchInventoryFormComponent.

    src/app/ui/view/branch/branch-inventory-form/branch-inventory-form.component.ts:26:15:
      26 │   templateUrl: './branch-inventory-form.component.html',
         ╵                ~~~~~~~~~~~~~~~~~~~~~~~~~~~~~~~~~~~~~~~~


✘ [ERROR] NG5002: Parser Error: Missing expected ) at column 15 in [setTimeout(() => showProductDropdown = false, 200)] in /Users/eseoseodion/erp-sales/src/app/ui/view/branch/branch-inventory-form/branch-inventory-form.component.html@108:44 [plugin angular-compiler]

    src/app/ui/view/branch/branch-inventory-form/branch-inventory-form.component.html:121:36:
      121 │ ...          *ngIf="showProductDropdown && filteredProducts.lengt...
          ╵              ~~~~~~~~~~~~~~~~~~~~~~~~~~~~~~~~~~~~~~~~~~~~~~~~~~~~

  Error occurs in the template of component BranchInventoryFormComponent.

    src/app/ui/view/branch/branch-inventory-form/branch-inventory-form.component.ts:26:15:
      26 │   templateUrl: './branch-inventory-form.component.html',
         ╵                ~~~~~~~~~~~~~~~~~~~~~~~~~~~~~~~~~~~~~~~~


✘ [ERROR] NG5002: Parser Error: Unexpected token ')' at column 50 in [setTimeout(() => showProductDropdown = false, 200)] in /Users/eseoseodion/erp-sales/src/app/ui/view/branch/branch-inventory-form/branch-inventory-form.component.html@108:44 [plugin angular-compiler]

    src/app/ui/view/branch/branch-inventory-form/branch-inventory-form.component.html:121:36:
      121 │ ...          *ngIf="showProductDropdown && filteredProducts.lengt...
          ╵              ~~~~~~~~~~~~~~~~~~~~~~~~~~~~~~~~~~~~~~~~~~~~~~~~~~~~

  Error occurs in the template of component BranchInventoryFormComponent.

    src/app/ui/view/branch/branch-inventory-form/branch-inventory-form.component.ts:26:15:
      26 │   templateUrl: './branch-inventory-form.component.html',
         ╵                ~~~~~~~~~~~~~~~~~~~~~~~~~~~~~~~~~~~~~~~~


✘ [ERROR] NG5002: Parser Error: Unexpected token ) at column 13 in [setTimeout(() => showProductDropdown = false, 200)] in /Users/eseoseodion/erp-sales/src/app/ui/view/branch/branch-inventory-form/branch-inventory-form.component.html@108:44 [plugin angular-compiler]

    src/app/ui/view/branch/branch-inventory-form/branch-inventory-form.component.html:121:36:
      121 │ ...          *ngIf="showProductDropdown && filteredProducts.lengt...
          ╵              ~~~~~~~~~~~~~~~~~~~~~~~~~~~~~~~~~~~~~~~~~~~~~~~~~~~~

  Error occurs in the template of component BranchInventoryFormComponent.

    src/app/ui/view/branch/branch-inventory-form/branch-inventory-form.component.ts:26:15:
      26 │   templateUrl: './branch-inventory-form.component.html',
         ╵                ~~~~~~~~~~~~~~~~~~~~~~~~~~~~~~~~~~~~~~~~


✘ [ERROR] NG5002: Parser Error: Missing expected ) at column 15 in [setTimeout(() => showProductDropdown = false, 200)] in /Users/eseoseodion/erp-sales/src/app/ui/view/branch/branch-inventory-form/branch-inventory-form.component.html@108:44 [plugin angular-compiler]

    src/app/ui/view/branch/branch-inventory-form/branch-inventory-form.component.html:125:54:
      125 │ ...   <span class="field-error" *ngIf="isFieldInvalid('productId')">
          ╵                                 ~~~~~~~~~~~~~~~~~~~~~~~~~~~~~~~~~~~

  Error occurs in the template of component BranchInventoryFormComponent.

    src/app/ui/view/branch/branch-inventory-form/branch-inventory-form.component.ts:26:15:
      26 │   templateUrl: './branch-inventory-form.component.html',
         ╵                ~~~~~~~~~~~~~~~~~~~~~~~~~~~~~~~~~~~~~~~~


✘ [ERROR] NG5002: Parser Error: Unexpected token ')' at column 50 in [setTimeout(() => showProductDropdown = false, 200)] in /Users/eseoseodion/erp-sales/src/app/ui/view/branch/branch-inventory-form/branch-inventory-form.component.html@108:44 [plugin angular-compiler]

    src/app/ui/view/branch/branch-inventory-form/branch-inventory-form.component.html:125:54:
      125 │ ...   <span class="field-error" *ngIf="isFieldInvalid('productId')">
          ╵                                 ~~~~~~~~~~~~~~~~~~~~~~~~~~~~~~~~~~~

  Error occurs in the template of component BranchInventoryFormComponent.

    src/app/ui/view/branch/branch-inventory-form/branch-inventory-form.component.ts:26:15:
      26 │   templateUrl: './branch-inventory-form.component.html',
         ╵                ~~~~~~~~~~~~~~~~~~~~~~~~~~~~~~~~~~~~~~~~


✘ [ERROR] NG5002: Parser Error: Unexpected token ) at column 13 in [setTimeout(() => showProductDropdown = false, 200)] in /Users/eseoseodion/erp-sales/src/app/ui/view/branch/branch-inventory-form/branch-inventory-form.component.html@108:44 [plugin angular-compiler]

    src/app/ui/view/branch/branch-inventory-form/branch-inventory-form.component.html:125:54:
      125 │ ...   <span class="field-error" *ngIf="isFieldInvalid('productId')">
          ╵                                 ~~~~~~~~~~~~~~~~~~~~~~~~~~~~~~~~~~~

  Error occurs in the template of component BranchInventoryFormComponent.

    src/app/ui/view/branch/branch-inventory-form/branch-inventory-form.component.ts:26:15:
      26 │   templateUrl: './branch-inventory-form.component.html',
         ╵                ~~~~~~~~~~~~~~~~~~~~~~~~~~~~~~~~~~~~~~~~


✘ [ERROR] NG5002: Parser Error: Missing expected ) at column 15 in [setTimeout(() => showProductDropdown = false, 200)] in /Users/eseoseodion/erp-sales/src/app/ui/view/branch/branch-inventory-form/branch-inventory-form.component.html@108:44 [plugin angular-compiler]

    src/app/ui/view/branch/branch-inventory-form/branch-inventory-form.component.html:131:54:
      131 │ ...lass="selected-product" *ngIf="selectedProduct || inventoryItem">
          ╵                            ~~~~~~~~~~~~~~~~~~~~~~~~~~~~~~~~~~~~~~~~

  Error occurs in the template of component BranchInventoryFormComponent.

    src/app/ui/view/branch/branch-inventory-form/branch-inventory-form.component.ts:26:15:
      26 │   templateUrl: './branch-inventory-form.component.html',
         ╵                ~~~~~~~~~~~~~~~~~~~~~~~~~~~~~~~~~~~~~~~~


✘ [ERROR] NG5002: Parser Error: Unexpected token ')' at column 50 in [setTimeout(() => showProductDropdown = false, 200)] in /Users/eseoseodion/erp-sales/src/app/ui/view/branch/branch-inventory-form/branch-inventory-form.component.html@108:44 [plugin angular-compiler]

    src/app/ui/view/branch/branch-inventory-form/branch-inventory-form.component.html:131:54:
      131 │ ...lass="selected-product" *ngIf="selectedProduct || inventoryItem">
          ╵                            ~~~~~~~~~~~~~~~~~~~~~~~~~~~~~~~~~~~~~~~~

  Error occurs in the template of component BranchInventoryFormComponent.

    src/app/ui/view/branch/branch-inventory-form/branch-inventory-form.component.ts:26:15:
      26 │   templateUrl: './branch-inventory-form.component.html',
         ╵                ~~~~~~~~~~~~~~~~~~~~~~~~~~~~~~~~~~~~~~~~


✘ [ERROR] NG5002: Parser Error: Unexpected token ) at column 13 in [setTimeout(() => showProductDropdown = false, 200)] in /Users/eseoseodion/erp-sales/src/app/ui/view/branch/branch-inventory-form/branch-inventory-form.component.html@108:44 [plugin angular-compiler]

    src/app/ui/view/branch/branch-inventory-form/branch-inventory-form.component.html:131:54:
      131 │ ...lass="selected-product" *ngIf="selectedProduct || inventoryItem">
          ╵                            ~~~~~~~~~~~~~~~~~~~~~~~~~~~~~~~~~~~~~~~~

  Error occurs in the template of component BranchInventoryFormComponent.

    src/app/ui/view/branch/branch-inventory-form/branch-inventory-form.component.ts:26:15:
      26 │   templateUrl: './branch-inventory-form.component.html',
         ╵                ~~~~~~~~~~~~~~~~~~~~~~~~~~~~~~~~~~~~~~~~


✘ [ERROR] NG5002: Parser Error: Missing expected ) at column 15 in [setTimeout(() => showProductDropdown = false, 200)] in /Users/eseoseodion/erp-sales/src/app/ui/view/branch/branch-inventory-form/branch-inventory-form.component.html@108:44 [plugin angular-compiler]

    src/app/ui/view/branch/branch-inventory-form/branch-inventory-form.component.html:134:36:
      134 │ ...          {{ (selectedProduct?.name || inventoryItem?.productN...
          ╵              ~~~~~~~~~~~~~~~~~~~~~~~~~~~~~~~~~~~~~~~~~~~~~~~~~~~~

  Error occurs in the template of component BranchInventoryFormComponent.

    src/app/ui/view/branch/branch-inventory-form/branch-inventory-form.component.ts:26:15:
      26 │   templateUrl: './branch-inventory-form.component.html',
         ╵                ~~~~~~~~~~~~~~~~~~~~~~~~~~~~~~~~~~~~~~~~


✘ [ERROR] NG5002: Parser Error: Unexpected token ')' at column 50 in [setTimeout(() => showProductDropdown = false, 200)] in /Users/eseoseodion/erp-sales/src/app/ui/view/branch/branch-inventory-form/branch-inventory-form.component.html@108:44 [plugin angular-compiler]

    src/app/ui/view/branch/branch-inventory-form/branch-inventory-form.component.html:134:36:
      134 │ ...          {{ (selectedProduct?.name || inventoryItem?.productN...
          ╵              ~~~~~~~~~~~~~~~~~~~~~~~~~~~~~~~~~~~~~~~~~~~~~~~~~~~~

  Error occurs in the template of component BranchInventoryFormComponent.

    src/app/ui/view/branch/branch-inventory-form/branch-inventory-form.component.ts:26:15:
      26 │   templateUrl: './branch-inventory-form.component.html',
         ╵                ~~~~~~~~~~~~~~~~~~~~~~~~~~~~~~~~~~~~~~~~


✘ [ERROR] NG5002: Parser Error: Unexpected token ) at column 13 in [setTimeout(() => showProductDropdown = false, 200)] in /Users/eseoseodion/erp-sales/src/app/ui/view/branch/branch-inventory-form/branch-inventory-form.component.html@108:44 [plugin angular-compiler]

    src/app/ui/view/branch/branch-inventory-form/branch-inventory-form.component.html:134:36:
      134 │ ...          {{ (selectedProduct?.name || inventoryItem?.productN...
          ╵              ~~~~~~~~~~~~~~~~~~~~~~~~~~~~~~~~~~~~~~~~~~~~~~~~~~~~

  Error occurs in the template of component BranchInventoryFormComponent.

    src/app/ui/view/branch/branch-inventory-form/branch-inventory-form.component.ts:26:15:
      26 │   templateUrl: './branch-inventory-form.component.html',
         ╵                ~~~~~~~~~~~~~~~~~~~~~~~~~~~~~~~~~~~~~~~~


✘ [ERROR] NG5002: Parser Error: Missing expected ) at column 15 in [setTimeout(() => showProductDropdown = false, 200)] in /Users/eseoseodion/erp-sales/src/app/ui/view/branch/branch-inventory-form/branch-inventory-form.component.html@108:44 [plugin angular-compiler]

    src/app/ui/view/branch/branch-inventory-form/branch-inventory-form.component.html:138:62:
      138 │ ...uct-name">{{ selectedProduct?.name || inventoryItem?.productNa...
          ╵              ~~~~~~~~~~~~~~~~~~~~~~~~~~~~~~~~~~~~~~~~~~~~~~~~~~~~

  Error occurs in the template of component BranchInventoryFormComponent.

    src/app/ui/view/branch/branch-inventory-form/branch-inventory-form.component.ts:26:15:
      26 │   templateUrl: './branch-inventory-form.component.html',
         ╵                ~~~~~~~~~~~~~~~~~~~~~~~~~~~~~~~~~~~~~~~~


✘ [ERROR] NG5002: Parser Error: Unexpected token ')' at column 50 in [setTimeout(() => showProductDropdown = false, 200)] in /Users/eseoseodion/erp-sales/src/app/ui/view/branch/branch-inventory-form/branch-inventory-form.component.html@108:44 [plugin angular-compiler]

    src/app/ui/view/branch/branch-inventory-form/branch-inventory-form.component.html:138:62:
      138 │ ...uct-name">{{ selectedProduct?.name || inventoryItem?.productNa...
          ╵              ~~~~~~~~~~~~~~~~~~~~~~~~~~~~~~~~~~~~~~~~~~~~~~~~~~~~

  Error occurs in the template of component BranchInventoryFormComponent.

    src/app/ui/view/branch/branch-inventory-form/branch-inventory-form.component.ts:26:15:
      26 │   templateUrl: './branch-inventory-form.component.html',
         ╵                ~~~~~~~~~~~~~~~~~~~~~~~~~~~~~~~~~~~~~~~~


✘ [ERROR] NG5002: Parser Error: Unexpected token ) at column 13 in [setTimeout(() => showProductDropdown = false, 200)] in /Users/eseoseodion/erp-sales/src/app/ui/view/branch/branch-inventory-form/branch-inventory-form.component.html@108:44 [plugin angular-compiler]

    src/app/ui/view/branch/branch-inventory-form/branch-inventory-form.component.html:138:62:
      138 │ ...uct-name">{{ selectedProduct?.name || inventoryItem?.productNa...
          ╵              ~~~~~~~~~~~~~~~~~~~~~~~~~~~~~~~~~~~~~~~~~~~~~~~~~~~~

  Error occurs in the template of component BranchInventoryFormComponent.

    src/app/ui/view/branch/branch-inventory-form/branch-inventory-form.component.ts:26:15:
      26 │   templateUrl: './branch-inventory-form.component.html',
         ╵                ~~~~~~~~~~~~~~~~~~~~~~~~~~~~~~~~~~~~~~~~


✘ [ERROR] NG5002: Parser Error: Missing expected ) at column 15 in [setTimeout(() => showProductDropdown = false, 200)] in /Users/eseoseodion/erp-sales/src/app/ui/view/branch/branch-inventory-form/branch-inventory-form.component.html@108:44 [plugin angular-compiler]

    src/app/ui/view/branch/branch-inventory-form/branch-inventory-form.component.html:140:61:
      140 │ ...oduct-sku">{{ selectedProduct?.sku || inventoryItem?.sku }}</div>
          ╵               ~~~~~~~~~~~~~~~~~~~~~~~~~~~~~~~~~~~~~~~~~~~~~~~~

  Error occurs in the template of component BranchInventoryFormComponent.

    src/app/ui/view/branch/branch-inventory-form/branch-inventory-form.component.ts:26:15:
      26 │   templateUrl: './branch-inventory-form.component.html',
         ╵                ~~~~~~~~~~~~~~~~~~~~~~~~~~~~~~~~~~~~~~~~


✘ [ERROR] NG5002: Parser Error: Unexpected token ')' at column 50 in [setTimeout(() => showProductDropdown = false, 200)] in /Users/eseoseodion/erp-sales/src/app/ui/view/branch/branch-inventory-form/branch-inventory-form.component.html@108:44 [plugin angular-compiler]

    src/app/ui/view/branch/branch-inventory-form/branch-inventory-form.component.html:140:61:
      140 │ ...oduct-sku">{{ selectedProduct?.sku || inventoryItem?.sku }}</div>
          ╵               ~~~~~~~~~~~~~~~~~~~~~~~~~~~~~~~~~~~~~~~~~~~~~~~~

  Error occurs in the template of component BranchInventoryFormComponent.

    src/app/ui/view/branch/branch-inventory-form/branch-inventory-form.component.ts:26:15:
      26 │   templateUrl: './branch-inventory-form.component.html',
         ╵                ~~~~~~~~~~~~~~~~~~~~~~~~~~~~~~~~~~~~~~~~


✘ [ERROR] NG5002: Parser Error: Unexpected token ) at column 13 in [setTimeout(() => showProductDropdown = false, 200)] in /Users/eseoseodion/erp-sales/src/app/ui/view/branch/branch-inventory-form/branch-inventory-form.component.html@108:44 [plugin angular-compiler]

    src/app/ui/view/branch/branch-inventory-form/branch-inventory-form.component.html:140:61:
      140 │ ...oduct-sku">{{ selectedProduct?.sku || inventoryItem?.sku }}</div>
          ╵               ~~~~~~~~~~~~~~~~~~~~~~~~~~~~~~~~~~~~~~~~~~~~~~~~

  Error occurs in the template of component BranchInventoryFormComponent.

    src/app/ui/view/branch/branch-inventory-form/branch-inventory-form.component.ts:26:15:
      26 │   templateUrl: './branch-inventory-form.component.html',
         ╵                ~~~~~~~~~~~~~~~~~~~~~~~~~~~~~~~~~~~~~~~~


✘ [ERROR] NG5002: Parser Error: Missing expected ) at column 15 in [setTimeout(() => showProductDropdown = false, 200)] in /Users/eseoseodion/erp-sales/src/app/ui/view/branch/branch-inventory-form/branch-inventory-form.component.html@108:44 [plugin angular-compiler]

    src/app/ui/view/branch/branch-inventory-form/branch-inventory-form.component.html:143:77:
      143 │ ...ype="button" class="btn-change-product" *ngIf="mode === 'create'"
          ╵                                            ~~~~~~~~~~~~~~~~~~~~~~~~~

  Error occurs in the template of component BranchInventoryFormComponent.

    src/app/ui/view/branch/branch-inventory-form/branch-inventory-form.component.ts:26:15:
      26 │   templateUrl: './branch-inventory-form.component.html',
         ╵                ~~~~~~~~~~~~~~~~~~~~~~~~~~~~~~~~~~~~~~~~


✘ [ERROR] NG5002: Parser Error: Unexpected token ')' at column 50 in [setTimeout(() => showProductDropdown = false, 200)] in /Users/eseoseodion/erp-sales/src/app/ui/view/branch/branch-inventory-form/branch-inventory-form.component.html@108:44 [plugin angular-compiler]

    src/app/ui/view/branch/branch-inventory-form/branch-inventory-form.component.html:143:77:
      143 │ ...ype="button" class="btn-change-product" *ngIf="mode === 'create'"
          ╵                                            ~~~~~~~~~~~~~~~~~~~~~~~~~

  Error occurs in the template of component BranchInventoryFormComponent.

    src/app/ui/view/branch/branch-inventory-form/branch-inventory-form.component.ts:26:15:
      26 │   templateUrl: './branch-inventory-form.component.html',
         ╵                ~~~~~~~~~~~~~~~~~~~~~~~~~~~~~~~~~~~~~~~~


✘ [ERROR] NG5002: Parser Error: Unexpected token ) at column 13 in [setTimeout(() => showProductDropdown = false, 200)] in /Users/eseoseodion/erp-sales/src/app/ui/view/branch/branch-inventory-form/branch-inventory-form.component.html@108:44 [plugin angular-compiler]

    src/app/ui/view/branch/branch-inventory-form/branch-inventory-form.component.html:143:77:
      143 │ ...ype="button" class="btn-change-product" *ngIf="mode === 'create'"
          ╵                                            ~~~~~~~~~~~~~~~~~~~~~~~~~

  Error occurs in the template of component BranchInventoryFormComponent.

    src/app/ui/view/branch/branch-inventory-form/branch-inventory-form.component.ts:26:15:
      26 │   templateUrl: './branch-inventory-form.component.html',
         ╵                ~~~~~~~~~~~~~~~~~~~~~~~~~~~~~~~~~~~~~~~~


✘ [ERROR] NG5002: Parser Error: Missing expected ) at column 15 in [setTimeout(() => showProductDropdown = false, 200)] in /Users/eseoseodion/erp-sales/src/app/ui/view/branch/branch-inventory-form/branch-inventory-form.component.html@108:44 [plugin angular-compiler]

    src/app/ui/view/branch/branch-inventory-form/branch-inventory-form.component.html:144:41:
      144 │ ... (click)="selectedProduct = null; productSearchTerm = ''; inve...
          ╵              ~~~~~~~~~~~~~~~~~~~~~~~~~~~~~~~~~~~~~~~~~~~~~~~~~~~~

  Error occurs in the template of component BranchInventoryFormComponent.

    src/app/ui/view/branch/branch-inventory-form/branch-inventory-form.component.ts:26:15:
      26 │   templateUrl: './branch-inventory-form.component.html',
         ╵                ~~~~~~~~~~~~~~~~~~~~~~~~~~~~~~~~~~~~~~~~


✘ [ERROR] NG5002: Parser Error: Unexpected token ')' at column 50 in [setTimeout(() => showProductDropdown = false, 200)] in /Users/eseoseodion/erp-sales/src/app/ui/view/branch/branch-inventory-form/branch-inventory-form.component.html@108:44 [plugin angular-compiler]

    src/app/ui/view/branch/branch-inventory-form/branch-inventory-form.component.html:144:41:
      144 │ ... (click)="selectedProduct = null; productSearchTerm = ''; inve...
          ╵              ~~~~~~~~~~~~~~~~~~~~~~~~~~~~~~~~~~~~~~~~~~~~~~~~~~~~

  Error occurs in the template of component BranchInventoryFormComponent.

    src/app/ui/view/branch/branch-inventory-form/branch-inventory-form.component.ts:26:15:
      26 │   templateUrl: './branch-inventory-form.component.html',
         ╵                ~~~~~~~~~~~~~~~~~~~~~~~~~~~~~~~~~~~~~~~~


✘ [ERROR] NG5002: Parser Error: Unexpected token ) at column 13 in [setTimeout(() => showProductDropdown = false, 200)] in /Users/eseoseodion/erp-sales/src/app/ui/view/branch/branch-inventory-form/branch-inventory-form.component.html@108:44 [plugin angular-compiler]

    src/app/ui/view/branch/branch-inventory-form/branch-inventory-form.component.html:144:41:
      144 │ ... (click)="selectedProduct = null; productSearchTerm = ''; inve...
          ╵              ~~~~~~~~~~~~~~~~~~~~~~~~~~~~~~~~~~~~~~~~~~~~~~~~~~~~

  Error occurs in the template of component BranchInventoryFormComponent.

    src/app/ui/view/branch/branch-inventory-form/branch-inventory-form.component.ts:26:15:
      26 │   templateUrl: './branch-inventory-form.component.html',
         ╵                ~~~~~~~~~~~~~~~~~~~~~~~~~~~~~~~~~~~~~~~~


✘ [ERROR] NG5002: Parser Error: Missing expected ) at column 15 in [setTimeout(() => showProductDropdown = false, 200)] in /Users/eseoseodion/erp-sales/src/app/ui/view/branch/branch-inventory-form/branch-inventory-form.component.html@108:44 [plugin angular-compiler]

    src/app/ui/view/branch/branch-inventory-form/branch-inventory-form.component.html:154:25:
      154 │ ...     <div *ngIf="currentStep === 2 || mode === 'edit'" class="...
          ╵              ~~~~~~~~~~~~~~~~~~~~~~~~~~~~~~~~~~~~~~~~~~~~

  Error occurs in the template of component BranchInventoryFormComponent.

    src/app/ui/view/branch/branch-inventory-form/branch-inventory-form.component.ts:26:15:
      26 │   templateUrl: './branch-inventory-form.component.html',
         ╵                ~~~~~~~~~~~~~~~~~~~~~~~~~~~~~~~~~~~~~~~~


✘ [ERROR] NG5002: Parser Error: Unexpected token ')' at column 50 in [setTimeout(() => showProductDropdown = false, 200)] in /Users/eseoseodion/erp-sales/src/app/ui/view/branch/branch-inventory-form/branch-inventory-form.component.html@108:44 [plugin angular-compiler]

    src/app/ui/view/branch/branch-inventory-form/branch-inventory-form.component.html:154:25:
      154 │ ...     <div *ngIf="currentStep === 2 || mode === 'edit'" class="...
          ╵              ~~~~~~~~~~~~~~~~~~~~~~~~~~~~~~~~~~~~~~~~~~~~

  Error occurs in the template of component BranchInventoryFormComponent.

    src/app/ui/view/branch/branch-inventory-form/branch-inventory-form.component.ts:26:15:
      26 │   templateUrl: './branch-inventory-form.component.html',
         ╵                ~~~~~~~~~~~~~~~~~~~~~~~~~~~~~~~~~~~~~~~~


✘ [ERROR] NG5002: Parser Error: Unexpected token ) at column 13 in [setTimeout(() => showProductDropdown = false, 200)] in /Users/eseoseodion/erp-sales/src/app/ui/view/branch/branch-inventory-form/branch-inventory-form.component.html@108:44 [plugin angular-compiler]

    src/app/ui/view/branch/branch-inventory-form/branch-inventory-form.component.html:154:25:
      154 │ ...     <div *ngIf="currentStep === 2 || mode === 'edit'" class="...
          ╵              ~~~~~~~~~~~~~~~~~~~~~~~~~~~~~~~~~~~~~~~~~~~~

  Error occurs in the template of component BranchInventoryFormComponent.

    src/app/ui/view/branch/branch-inventory-form/branch-inventory-form.component.ts:26:15:
      26 │   templateUrl: './branch-inventory-form.component.html',
         ╵                ~~~~~~~~~~~~~~~~~~~~~~~~~~~~~~~~~~~~~~~~


✘ [ERROR] NG5002: Parser Error: Missing expected ) at column 15 in [setTimeout(() => showProductDropdown = false, 200)] in /Users/eseoseodion/erp-sales/src/app/ui/view/branch/branch-inventory-form/branch-inventory-form.component.html@108:44 [plugin angular-compiler]

    src/app/ui/view/branch/branch-inventory-form/branch-inventory-form.component.html:161:75:
      161 │ ...aceholder="0" min="0" [class.error]="isFieldInvalid('quantity')">
          ╵                                         ~~~~~~~~~~~~~~~~~~~~~~~~~~

  Error occurs in the template of component BranchInventoryFormComponent.

    src/app/ui/view/branch/branch-inventory-form/branch-inventory-form.component.ts:26:15:
      26 │   templateUrl: './branch-inventory-form.component.html',
         ╵                ~~~~~~~~~~~~~~~~~~~~~~~~~~~~~~~~~~~~~~~~


✘ [ERROR] NG5002: Parser Error: Unexpected token ')' at column 50 in [setTimeout(() => showProductDropdown = false, 200)] in /Users/eseoseodion/erp-sales/src/app/ui/view/branch/branch-inventory-form/branch-inventory-form.component.html@108:44 [plugin angular-compiler]

    src/app/ui/view/branch/branch-inventory-form/branch-inventory-form.component.html:161:75:
      161 │ ...aceholder="0" min="0" [class.error]="isFieldInvalid('quantity')">
          ╵                                         ~~~~~~~~~~~~~~~~~~~~~~~~~~

  Error occurs in the template of component BranchInventoryFormComponent.

    src/app/ui/view/branch/branch-inventory-form/branch-inventory-form.component.ts:26:15:
      26 │   templateUrl: './branch-inventory-form.component.html',
         ╵                ~~~~~~~~~~~~~~~~~~~~~~~~~~~~~~~~~~~~~~~~


✘ [ERROR] NG5002: Parser Error: Unexpected token ) at column 13 in [setTimeout(() => showProductDropdown = false, 200)] in /Users/eseoseodion/erp-sales/src/app/ui/view/branch/branch-inventory-form/branch-inventory-form.component.html@108:44 [plugin angular-compiler]

    src/app/ui/view/branch/branch-inventory-form/branch-inventory-form.component.html:161:75:
      161 │ ...aceholder="0" min="0" [class.error]="isFieldInvalid('quantity')">
          ╵                                         ~~~~~~~~~~~~~~~~~~~~~~~~~~

  Error occurs in the template of component BranchInventoryFormComponent.

    src/app/ui/view/branch/branch-inventory-form/branch-inventory-form.component.ts:26:15:
      26 │   templateUrl: './branch-inventory-form.component.html',
         ╵                ~~~~~~~~~~~~~~~~~~~~~~~~~~~~~~~~~~~~~~~~


✘ [ERROR] NG5002: Parser Error: Missing expected ) at column 15 in [setTimeout(() => showProductDropdown = false, 200)] in /Users/eseoseodion/erp-sales/src/app/ui/view/branch/branch-inventory-form/branch-inventory-form.component.html@108:44 [plugin angular-compiler]

    src/app/ui/view/branch/branch-inventory-form/branch-inventory-form.component.html:162:58:
      162 │ ...    <span class="field-error" *ngIf="isFieldInvalid('quantity')">
          ╵                                  ~~~~~~~~~~~~~~~~~~~~~~~~~~~~~~~~~~

  Error occurs in the template of component BranchInventoryFormComponent.

    src/app/ui/view/branch/branch-inventory-form/branch-inventory-form.component.ts:26:15:
      26 │   templateUrl: './branch-inventory-form.component.html',
         ╵                ~~~~~~~~~~~~~~~~~~~~~~~~~~~~~~~~~~~~~~~~


✘ [ERROR] NG5002: Parser Error: Unexpected token ')' at column 50 in [setTimeout(() => showProductDropdown = false, 200)] in /Users/eseoseodion/erp-sales/src/app/ui/view/branch/branch-inventory-form/branch-inventory-form.component.html@108:44 [plugin angular-compiler]

    src/app/ui/view/branch/branch-inventory-form/branch-inventory-form.component.html:162:58:
      162 │ ...    <span class="field-error" *ngIf="isFieldInvalid('quantity')">
          ╵                                  ~~~~~~~~~~~~~~~~~~~~~~~~~~~~~~~~~~

  Error occurs in the template of component BranchInventoryFormComponent.

    src/app/ui/view/branch/branch-inventory-form/branch-inventory-form.component.ts:26:15:
      26 │   templateUrl: './branch-inventory-form.component.html',
         ╵                ~~~~~~~~~~~~~~~~~~~~~~~~~~~~~~~~~~~~~~~~


✘ [ERROR] NG5002: Parser Error: Unexpected token ) at column 13 in [setTimeout(() => showProductDropdown = false, 200)] in /Users/eseoseodion/erp-sales/src/app/ui/view/branch/branch-inventory-form/branch-inventory-form.component.html@108:44 [plugin angular-compiler]

    src/app/ui/view/branch/branch-inventory-form/branch-inventory-form.component.html:162:58:
      162 │ ...    <span class="field-error" *ngIf="isFieldInvalid('quantity')">
          ╵                                  ~~~~~~~~~~~~~~~~~~~~~~~~~~~~~~~~~~

  Error occurs in the template of component BranchInventoryFormComponent.

    src/app/ui/view/branch/branch-inventory-form/branch-inventory-form.component.ts:26:15:
      26 │   templateUrl: './branch-inventory-form.component.html',
         ╵                ~~~~~~~~~~~~~~~~~~~~~~~~~~~~~~~~~~~~~~~~


✘ [ERROR] NG5002: Parser Error: Missing expected ) at column 15 in [setTimeout(() => showProductDropdown = false, 200)] in /Users/eseoseodion/erp-sales/src/app/ui/view/branch/branch-inventory-form/branch-inventory-form.component.html@108:44 [plugin angular-compiler]

    src/app/ui/view/branch/branch-inventory-form/branch-inventory-form.component.html:163:36:
      163 │                                     {{ getFieldError('quantity') }}
          ╵                                     ~~~~~~~~~~~~~~~~~~~~~~~~~~~~~~~

  Error occurs in the template of component BranchInventoryFormComponent.

    src/app/ui/view/branch/branch-inventory-form/branch-inventory-form.component.ts:26:15:
      26 │   templateUrl: './branch-inventory-form.component.html',
         ╵                ~~~~~~~~~~~~~~~~~~~~~~~~~~~~~~~~~~~~~~~~


✘ [ERROR] NG5002: Parser Error: Unexpected token ')' at column 50 in [setTimeout(() => showProductDropdown = false, 200)] in /Users/eseoseodion/erp-sales/src/app/ui/view/branch/branch-inventory-form/branch-inventory-form.component.html@108:44 [plugin angular-compiler]

    src/app/ui/view/branch/branch-inventory-form/branch-inventory-form.component.html:163:36:
      163 │                                     {{ getFieldError('quantity') }}
          ╵                                     ~~~~~~~~~~~~~~~~~~~~~~~~~~~~~~~

  Error occurs in the template of component BranchInventoryFormComponent.

    src/app/ui/view/branch/branch-inventory-form/branch-inventory-form.component.ts:26:15:
      26 │   templateUrl: './branch-inventory-form.component.html',
         ╵                ~~~~~~~~~~~~~~~~~~~~~~~~~~~~~~~~~~~~~~~~


✘ [ERROR] NG5002: Parser Error: Unexpected token ) at column 13 in [setTimeout(() => showProductDropdown = false, 200)] in /Users/eseoseodion/erp-sales/src/app/ui/view/branch/branch-inventory-form/branch-inventory-form.component.html@108:44 [plugin angular-compiler]

    src/app/ui/view/branch/branch-inventory-form/branch-inventory-form.component.html:163:36:
      163 │                                     {{ getFieldError('quantity') }}
          ╵                                     ~~~~~~~~~~~~~~~~~~~~~~~~~~~~~~~

  Error occurs in the template of component BranchInventoryFormComponent.

    src/app/ui/view/branch/branch-inventory-form/branch-inventory-form.component.ts:26:15:
      26 │   templateUrl: './branch-inventory-form.component.html',
         ╵                ~~~~~~~~~~~~~~~~~~~~~~~~~~~~~~~~~~~~~~~~


✘ [ERROR] NG5002: Parser Error: Missing expected ) at column 15 in [setTimeout(() => showProductDropdown = false, 200)] in /Users/eseoseodion/erp-sales/src/app/ui/view/branch/branch-inventory-form/branch-inventory-form.component.html@108:44 [plugin angular-compiler]

    src/app/ui/view/branch/branch-inventory-form/branch-inventory-form.component.html:171:51:
      171 │ ...                  [class.error]="isFieldInvalid('sellingPrice')">
          ╵                                     ~~~~~~~~~~~~~~~~~~~~~~~~~~~~~~

  Error occurs in the template of component BranchInventoryFormComponent.

    src/app/ui/view/branch/branch-inventory-form/branch-inventory-form.component.ts:26:15:
      26 │   templateUrl: './branch-inventory-form.component.html',
         ╵                ~~~~~~~~~~~~~~~~~~~~~~~~~~~~~~~~~~~~~~~~


✘ [ERROR] NG5002: Parser Error: Unexpected token ')' at column 50 in [setTimeout(() => showProductDropdown = false, 200)] in /Users/eseoseodion/erp-sales/src/app/ui/view/branch/branch-inventory-form/branch-inventory-form.component.html@108:44 [plugin angular-compiler]

    src/app/ui/view/branch/branch-inventory-form/branch-inventory-form.component.html:171:51:
      171 │ ...                  [class.error]="isFieldInvalid('sellingPrice')">
          ╵                                     ~~~~~~~~~~~~~~~~~~~~~~~~~~~~~~

  Error occurs in the template of component BranchInventoryFormComponent.

    src/app/ui/view/branch/branch-inventory-form/branch-inventory-form.component.ts:26:15:
      26 │   templateUrl: './branch-inventory-form.component.html',
         ╵                ~~~~~~~~~~~~~~~~~~~~~~~~~~~~~~~~~~~~~~~~


✘ [ERROR] NG5002: Parser Error: Unexpected token ) at column 13 in [setTimeout(() => showProductDropdown = false, 200)] in /Users/eseoseodion/erp-sales/src/app/ui/view/branch/branch-inventory-form/branch-inventory-form.component.html@108:44 [plugin angular-compiler]

    src/app/ui/view/branch/branch-inventory-form/branch-inventory-form.component.html:171:51:
      171 │ ...                  [class.error]="isFieldInvalid('sellingPrice')">
          ╵                                     ~~~~~~~~~~~~~~~~~~~~~~~~~~~~~~

  Error occurs in the template of component BranchInventoryFormComponent.

    src/app/ui/view/branch/branch-inventory-form/branch-inventory-form.component.ts:26:15:
      26 │   templateUrl: './branch-inventory-form.component.html',
         ╵                ~~~~~~~~~~~~~~~~~~~~~~~~~~~~~~~~~~~~~~~~


✘ [ERROR] NG5002: Parser Error: Missing expected ) at column 15 in [setTimeout(() => showProductDropdown = false, 200)] in /Users/eseoseodion/erp-sales/src/app/ui/view/branch/branch-inventory-form/branch-inventory-form.component.html@108:44 [plugin angular-compiler]

    src/app/ui/view/branch/branch-inventory-form/branch-inventory-form.component.html:172:58:
      172 │ ...<span class="field-error" *ngIf="isFieldInvalid('sellingPrice')">
          ╵                              ~~~~~~~~~~~~~~~~~~~~~~~~~~~~~~~~~~~~~~

  Error occurs in the template of component BranchInventoryFormComponent.

    src/app/ui/view/branch/branch-inventory-form/branch-inventory-form.component.ts:26:15:
      26 │   templateUrl: './branch-inventory-form.component.html',
         ╵                ~~~~~~~~~~~~~~~~~~~~~~~~~~~~~~~~~~~~~~~~


✘ [ERROR] NG5002: Parser Error: Unexpected token ')' at column 50 in [setTimeout(() => showProductDropdown = false, 200)] in /Users/eseoseodion/erp-sales/src/app/ui/view/branch/branch-inventory-form/branch-inventory-form.component.html@108:44 [plugin angular-compiler]

    src/app/ui/view/branch/branch-inventory-form/branch-inventory-form.component.html:172:58:
      172 │ ...<span class="field-error" *ngIf="isFieldInvalid('sellingPrice')">
          ╵                              ~~~~~~~~~~~~~~~~~~~~~~~~~~~~~~~~~~~~~~

  Error occurs in the template of component BranchInventoryFormComponent.

    src/app/ui/view/branch/branch-inventory-form/branch-inventory-form.component.ts:26:15:
      26 │   templateUrl: './branch-inventory-form.component.html',
         ╵                ~~~~~~~~~~~~~~~~~~~~~~~~~~~~~~~~~~~~~~~~


✘ [ERROR] NG5002: Parser Error: Unexpected token ) at column 13 in [setTimeout(() => showProductDropdown = false, 200)] in /Users/eseoseodion/erp-sales/src/app/ui/view/branch/branch-inventory-form/branch-inventory-form.component.html@108:44 [plugin angular-compiler]

    src/app/ui/view/branch/branch-inventory-form/branch-inventory-form.component.html:172:58:
      172 │ ...<span class="field-error" *ngIf="isFieldInvalid('sellingPrice')">
          ╵                              ~~~~~~~~~~~~~~~~~~~~~~~~~~~~~~~~~~~~~~

  Error occurs in the template of component BranchInventoryFormComponent.

    src/app/ui/view/branch/branch-inventory-form/branch-inventory-form.component.ts:26:15:
      26 │   templateUrl: './branch-inventory-form.component.html',
         ╵                ~~~~~~~~~~~~~~~~~~~~~~~~~~~~~~~~~~~~~~~~


✘ [ERROR] NG5002: Parser Error: Missing expected ) at column 15 in [setTimeout(() => showProductDropdown = false, 200)] in /Users/eseoseodion/erp-sales/src/app/ui/view/branch/branch-inventory-form/branch-inventory-form.component.html@108:44 [plugin angular-compiler]

    src/app/ui/view/branch/branch-inventory-form/branch-inventory-form.component.html:173:36:
      173 │ ...                              {{ getFieldError('sellingPrice') }}
          ╵                                  ~~~~~~~~~~~~~~~~~~~~~~~~~~~~~~~~~~~

  Error occurs in the template of component BranchInventoryFormComponent.

    src/app/ui/view/branch/branch-inventory-form/branch-inventory-form.component.ts:26:15:
      26 │   templateUrl: './branch-inventory-form.component.html',
         ╵                ~~~~~~~~~~~~~~~~~~~~~~~~~~~~~~~~~~~~~~~~


✘ [ERROR] NG5002: Parser Error: Unexpected token ')' at column 50 in [setTimeout(() => showProductDropdown = false, 200)] in /Users/eseoseodion/erp-sales/src/app/ui/view/branch/branch-inventory-form/branch-inventory-form.component.html@108:44 [plugin angular-compiler]

    src/app/ui/view/branch/branch-inventory-form/branch-inventory-form.component.html:173:36:
      173 │ ...                              {{ getFieldError('sellingPrice') }}
          ╵                                  ~~~~~~~~~~~~~~~~~~~~~~~~~~~~~~~~~~~

  Error occurs in the template of component BranchInventoryFormComponent.

    src/app/ui/view/branch/branch-inventory-form/branch-inventory-form.component.ts:26:15:
      26 │   templateUrl: './branch-inventory-form.component.html',
         ╵                ~~~~~~~~~~~~~~~~~~~~~~~~~~~~~~~~~~~~~~~~


✘ [ERROR] NG5002: Parser Error: Unexpected token ) at column 13 in [setTimeout(() => showProductDropdown = false, 200)] in /Users/eseoseodion/erp-sales/src/app/ui/view/branch/branch-inventory-form/branch-inventory-form.component.html@108:44 [plugin angular-compiler]

    src/app/ui/view/branch/branch-inventory-form/branch-inventory-form.component.html:173:36:
      173 │ ...                              {{ getFieldError('sellingPrice') }}
          ╵                                  ~~~~~~~~~~~~~~~~~~~~~~~~~~~~~~~~~~~

  Error occurs in the template of component BranchInventoryFormComponent.

    src/app/ui/view/branch/branch-inventory-form/branch-inventory-form.component.ts:26:15:
      26 │   templateUrl: './branch-inventory-form.component.html',
         ╵                ~~~~~~~~~~~~~~~~~~~~~~~~~~~~~~~~~~~~~~~~


✘ [ERROR] NG5002: Parser Error: Missing expected ) at column 15 in [setTimeout(() => showProductDropdown = false, 200)] in /Users/eseoseodion/erp-sales/src/app/ui/view/branch/branch-inventory-form/branch-inventory-form.component.html@108:44 [plugin angular-compiler]

    src/app/ui/view/branch/branch-inventory-form/branch-inventory-form.component.html:183:51:
      183 │ ...                  [class.error]="isFieldInvalid('reorderPoint')">
          ╵                                     ~~~~~~~~~~~~~~~~~~~~~~~~~~~~~~

  Error occurs in the template of component BranchInventoryFormComponent.

    src/app/ui/view/branch/branch-inventory-form/branch-inventory-form.component.ts:26:15:
      26 │   templateUrl: './branch-inventory-form.component.html',
         ╵                ~~~~~~~~~~~~~~~~~~~~~~~~~~~~~~~~~~~~~~~~


✘ [ERROR] NG5002: Parser Error: Unexpected token ')' at column 50 in [setTimeout(() => showProductDropdown = false, 200)] in /Users/eseoseodion/erp-sales/src/app/ui/view/branch/branch-inventory-form/branch-inventory-form.component.html@108:44 [plugin angular-compiler]

    src/app/ui/view/branch/branch-inventory-form/branch-inventory-form.component.html:183:51:
      183 │ ...                  [class.error]="isFieldInvalid('reorderPoint')">
          ╵                                     ~~~~~~~~~~~~~~~~~~~~~~~~~~~~~~

  Error occurs in the template of component BranchInventoryFormComponent.

    src/app/ui/view/branch/branch-inventory-form/branch-inventory-form.component.ts:26:15:
      26 │   templateUrl: './branch-inventory-form.component.html',
         ╵                ~~~~~~~~~~~~~~~~~~~~~~~~~~~~~~~~~~~~~~~~


✘ [ERROR] NG5002: Parser Error: Unexpected token ) at column 13 in [setTimeout(() => showProductDropdown = false, 200)] in /Users/eseoseodion/erp-sales/src/app/ui/view/branch/branch-inventory-form/branch-inventory-form.component.html@108:44 [plugin angular-compiler]

    src/app/ui/view/branch/branch-inventory-form/branch-inventory-form.component.html:183:51:
      183 │ ...                  [class.error]="isFieldInvalid('reorderPoint')">
          ╵                                     ~~~~~~~~~~~~~~~~~~~~~~~~~~~~~~

  Error occurs in the template of component BranchInventoryFormComponent.

    src/app/ui/view/branch/branch-inventory-form/branch-inventory-form.component.ts:26:15:
      26 │   templateUrl: './branch-inventory-form.component.html',
         ╵                ~~~~~~~~~~~~~~~~~~~~~~~~~~~~~~~~~~~~~~~~


✘ [ERROR] NG5002: Parser Error: Missing expected ) at column 15 in [setTimeout(() => showProductDropdown = false, 200)] in /Users/eseoseodion/erp-sales/src/app/ui/view/branch/branch-inventory-form/branch-inventory-form.component.html@108:44 [plugin angular-compiler]

    src/app/ui/view/branch/branch-inventory-form/branch-inventory-form.component.html:184:58:
      184 │ ...<span class="field-error" *ngIf="isFieldInvalid('reorderPoint')">
          ╵                              ~~~~~~~~~~~~~~~~~~~~~~~~~~~~~~~~~~~~~~

  Error occurs in the template of component BranchInventoryFormComponent.

    src/app/ui/view/branch/branch-inventory-form/branch-inventory-form.component.ts:26:15:
      26 │   templateUrl: './branch-inventory-form.component.html',
         ╵                ~~~~~~~~~~~~~~~~~~~~~~~~~~~~~~~~~~~~~~~~


✘ [ERROR] NG5002: Parser Error: Unexpected token ')' at column 50 in [setTimeout(() => showProductDropdown = false, 200)] in /Users/eseoseodion/erp-sales/src/app/ui/view/branch/branch-inventory-form/branch-inventory-form.component.html@108:44 [plugin angular-compiler]

    src/app/ui/view/branch/branch-inventory-form/branch-inventory-form.component.html:184:58:
      184 │ ...<span class="field-error" *ngIf="isFieldInvalid('reorderPoint')">
          ╵                              ~~~~~~~~~~~~~~~~~~~~~~~~~~~~~~~~~~~~~~

  Error occurs in the template of component BranchInventoryFormComponent.

    src/app/ui/view/branch/branch-inventory-form/branch-inventory-form.component.ts:26:15:
      26 │   templateUrl: './branch-inventory-form.component.html',
         ╵                ~~~~~~~~~~~~~~~~~~~~~~~~~~~~~~~~~~~~~~~~


✘ [ERROR] NG5002: Parser Error: Unexpected token ) at column 13 in [setTimeout(() => showProductDropdown = false, 200)] in /Users/eseoseodion/erp-sales/src/app/ui/view/branch/branch-inventory-form/branch-inventory-form.component.html@108:44 [plugin angular-compiler]

    src/app/ui/view/branch/branch-inventory-form/branch-inventory-form.component.html:184:58:
      184 │ ...<span class="field-error" *ngIf="isFieldInvalid('reorderPoint')">
          ╵                              ~~~~~~~~~~~~~~~~~~~~~~~~~~~~~~~~~~~~~~

  Error occurs in the template of component BranchInventoryFormComponent.

    src/app/ui/view/branch/branch-inventory-form/branch-inventory-form.component.ts:26:15:
      26 │   templateUrl: './branch-inventory-form.component.html',
         ╵                ~~~~~~~~~~~~~~~~~~~~~~~~~~~~~~~~~~~~~~~~


✘ [ERROR] NG5002: Parser Error: Missing expected ) at column 15 in [setTimeout(() => showProductDropdown = false, 200)] in /Users/eseoseodion/erp-sales/src/app/ui/view/branch/branch-inventory-form/branch-inventory-form.component.html@108:44 [plugin angular-compiler]

    src/app/ui/view/branch/branch-inventory-form/branch-inventory-form.component.html:185:36:
      185 │ ...                              {{ getFieldError('reorderPoint') }}
          ╵                                  ~~~~~~~~~~~~~~~~~~~~~~~~~~~~~~~~~~~

  Error occurs in the template of component BranchInventoryFormComponent.

    src/app/ui/view/branch/branch-inventory-form/branch-inventory-form.component.ts:26:15:
      26 │   templateUrl: './branch-inventory-form.component.html',
         ╵                ~~~~~~~~~~~~~~~~~~~~~~~~~~~~~~~~~~~~~~~~


✘ [ERROR] NG5002: Parser Error: Unexpected token ')' at column 50 in [setTimeout(() => showProductDropdown = false, 200)] in /Users/eseoseodion/erp-sales/src/app/ui/view/branch/branch-inventory-form/branch-inventory-form.component.html@108:44 [plugin angular-compiler]

    src/app/ui/view/branch/branch-inventory-form/branch-inventory-form.component.html:185:36:
      185 │ ...                              {{ getFieldError('reorderPoint') }}
          ╵                                  ~~~~~~~~~~~~~~~~~~~~~~~~~~~~~~~~~~~

  Error occurs in the template of component BranchInventoryFormComponent.

    src/app/ui/view/branch/branch-inventory-form/branch-inventory-form.component.ts:26:15:
      26 │   templateUrl: './branch-inventory-form.component.html',
         ╵                ~~~~~~~~~~~~~~~~~~~~~~~~~~~~~~~~~~~~~~~~


✘ [ERROR] NG5002: Parser Error: Unexpected token ) at column 13 in [setTimeout(() => showProductDropdown = false, 200)] in /Users/eseoseodion/erp-sales/src/app/ui/view/branch/branch-inventory-form/branch-inventory-form.component.html@108:44 [plugin angular-compiler]

    src/app/ui/view/branch/branch-inventory-form/branch-inventory-form.component.html:185:36:
      185 │ ...                              {{ getFieldError('reorderPoint') }}
          ╵                                  ~~~~~~~~~~~~~~~~~~~~~~~~~~~~~~~~~~~

  Error occurs in the template of component BranchInventoryFormComponent.

    src/app/ui/view/branch/branch-inventory-form/branch-inventory-form.component.ts:26:15:
      26 │   templateUrl: './branch-inventory-form.component.html',
         ╵                ~~~~~~~~~~~~~~~~~~~~~~~~~~~~~~~~~~~~~~~~


✘ [ERROR] NG5002: Parser Error: Missing expected ) at column 15 in [setTimeout(() => showProductDropdown = false, 200)] in /Users/eseoseodion/erp-sales/src/app/ui/view/branch/branch-inventory-form/branch-inventory-form.component.html@108:44 [plugin angular-compiler]

    src/app/ui/view/branch/branch-inventory-form/branch-inventory-form.component.html:193:75:
      193 │ ...holder="0" min="0" [class.error]="isFieldInvalid('safetyStock')">
          ╵                                      ~~~~~~~~~~~~~~~~~~~~~~~~~~~~~

  Error occurs in the template of component BranchInventoryFormComponent.

    src/app/ui/view/branch/branch-inventory-form/branch-inventory-form.component.ts:26:15:
      26 │   templateUrl: './branch-inventory-form.component.html',
         ╵                ~~~~~~~~~~~~~~~~~~~~~~~~~~~~~~~~~~~~~~~~


✘ [ERROR] NG5002: Parser Error: Unexpected token ')' at column 50 in [setTimeout(() => showProductDropdown = false, 200)] in /Users/eseoseodion/erp-sales/src/app/ui/view/branch/branch-inventory-form/branch-inventory-form.component.html@108:44 [plugin angular-compiler]

    src/app/ui/view/branch/branch-inventory-form/branch-inventory-form.component.html:193:75:
      193 │ ...holder="0" min="0" [class.error]="isFieldInvalid('safetyStock')">
          ╵                                      ~~~~~~~~~~~~~~~~~~~~~~~~~~~~~

  Error occurs in the template of component BranchInventoryFormComponent.

    src/app/ui/view/branch/branch-inventory-form/branch-inventory-form.component.ts:26:15:
      26 │   templateUrl: './branch-inventory-form.component.html',
         ╵                ~~~~~~~~~~~~~~~~~~~~~~~~~~~~~~~~~~~~~~~~


✘ [ERROR] NG5002: Parser Error: Unexpected token ) at column 13 in [setTimeout(() => showProductDropdown = false, 200)] in /Users/eseoseodion/erp-sales/src/app/ui/view/branch/branch-inventory-form/branch-inventory-form.component.html@108:44 [plugin angular-compiler]

    src/app/ui/view/branch/branch-inventory-form/branch-inventory-form.component.html:193:75:
      193 │ ...holder="0" min="0" [class.error]="isFieldInvalid('safetyStock')">
          ╵                                      ~~~~~~~~~~~~~~~~~~~~~~~~~~~~~

  Error occurs in the template of component BranchInventoryFormComponent.

    src/app/ui/view/branch/branch-inventory-form/branch-inventory-form.component.ts:26:15:
      26 │   templateUrl: './branch-inventory-form.component.html',
         ╵                ~~~~~~~~~~~~~~~~~~~~~~~~~~~~~~~~~~~~~~~~


✘ [ERROR] NG5002: Parser Error: Missing expected ) at column 15 in [setTimeout(() => showProductDropdown = false, 200)] in /Users/eseoseodion/erp-sales/src/app/ui/view/branch/branch-inventory-form/branch-inventory-form.component.html@108:44 [plugin angular-compiler]

    src/app/ui/view/branch/branch-inventory-form/branch-inventory-form.component.html:194:58:
      194 │ ... <span class="field-error" *ngIf="isFieldInvalid('safetyStock')">
          ╵                               ~~~~~~~~~~~~~~~~~~~~~~~~~~~~~~~~~~~~~

  Error occurs in the template of component BranchInventoryFormComponent.

    src/app/ui/view/branch/branch-inventory-form/branch-inventory-form.component.ts:26:15:
      26 │   templateUrl: './branch-inventory-form.component.html',
         ╵                ~~~~~~~~~~~~~~~~~~~~~~~~~~~~~~~~~~~~~~~~


✘ [ERROR] NG5002: Parser Error: Unexpected token ')' at column 50 in [setTimeout(() => showProductDropdown = false, 200)] in /Users/eseoseodion/erp-sales/src/app/ui/view/branch/branch-inventory-form/branch-inventory-form.component.html@108:44 [plugin angular-compiler]

    src/app/ui/view/branch/branch-inventory-form/branch-inventory-form.component.html:194:58:
      194 │ ... <span class="field-error" *ngIf="isFieldInvalid('safetyStock')">
          ╵                               ~~~~~~~~~~~~~~~~~~~~~~~~~~~~~~~~~~~~~

  Error occurs in the template of component BranchInventoryFormComponent.

    src/app/ui/view/branch/branch-inventory-form/branch-inventory-form.component.ts:26:15:
      26 │   templateUrl: './branch-inventory-form.component.html',
         ╵                ~~~~~~~~~~~~~~~~~~~~~~~~~~~~~~~~~~~~~~~~


✘ [ERROR] NG5002: Parser Error: Unexpected token ) at column 13 in [setTimeout(() => showProductDropdown = false, 200)] in /Users/eseoseodion/erp-sales/src/app/ui/view/branch/branch-inventory-form/branch-inventory-form.component.html@108:44 [plugin angular-compiler]

    src/app/ui/view/branch/branch-inventory-form/branch-inventory-form.component.html:194:58:
      194 │ ... <span class="field-error" *ngIf="isFieldInvalid('safetyStock')">
          ╵                               ~~~~~~~~~~~~~~~~~~~~~~~~~~~~~~~~~~~~~

  Error occurs in the template of component BranchInventoryFormComponent.

    src/app/ui/view/branch/branch-inventory-form/branch-inventory-form.component.ts:26:15:
      26 │   templateUrl: './branch-inventory-form.component.html',
         ╵                ~~~~~~~~~~~~~~~~~~~~~~~~~~~~~~~~~~~~~~~~


✘ [ERROR] NG5002: Parser Error: Missing expected ) at column 15 in [setTimeout(() => showProductDropdown = false, 200)] in /Users/eseoseodion/erp-sales/src/app/ui/view/branch/branch-inventory-form/branch-inventory-form.component.html@108:44 [plugin angular-compiler]

    src/app/ui/view/branch/branch-inventory-form/branch-inventory-form.component.html:195:36:
      195 │ ...                               {{ getFieldError('safetyStock') }}
          ╵                                   ~~~~~~~~~~~~~~~~~~~~~~~~~~~~~~~~~~

  Error occurs in the template of component BranchInventoryFormComponent.

    src/app/ui/view/branch/branch-inventory-form/branch-inventory-form.component.ts:26:15:
      26 │   templateUrl: './branch-inventory-form.component.html',
         ╵                ~~~~~~~~~~~~~~~~~~~~~~~~~~~~~~~~~~~~~~~~


✘ [ERROR] NG5002: Parser Error: Unexpected token ')' at column 50 in [setTimeout(() => showProductDropdown = false, 200)] in /Users/eseoseodion/erp-sales/src/app/ui/view/branch/branch-inventory-form/branch-inventory-form.component.html@108:44 [plugin angular-compiler]

    src/app/ui/view/branch/branch-inventory-form/branch-inventory-form.component.html:195:36:
      195 │ ...                               {{ getFieldError('safetyStock') }}
          ╵                                   ~~~~~~~~~~~~~~~~~~~~~~~~~~~~~~~~~~

  Error occurs in the template of component BranchInventoryFormComponent.

    src/app/ui/view/branch/branch-inventory-form/branch-inventory-form.component.ts:26:15:
      26 │   templateUrl: './branch-inventory-form.component.html',
         ╵                ~~~~~~~~~~~~~~~~~~~~~~~~~~~~~~~~~~~~~~~~


✘ [ERROR] NG5002: Parser Error: Unexpected token ) at column 13 in [setTimeout(() => showProductDropdown = false, 200)] in /Users/eseoseodion/erp-sales/src/app/ui/view/branch/branch-inventory-form/branch-inventory-form.component.html@108:44 [plugin angular-compiler]

    src/app/ui/view/branch/branch-inventory-form/branch-inventory-form.component.html:195:36:
      195 │ ...                               {{ getFieldError('safetyStock') }}
          ╵                                   ~~~~~~~~~~~~~~~~~~~~~~~~~~~~~~~~~~

  Error occurs in the template of component BranchInventoryFormComponent.

    src/app/ui/view/branch/branch-inventory-form/branch-inventory-form.component.ts:26:15:
      26 │   templateUrl: './branch-inventory-form.component.html',
         ╵                ~~~~~~~~~~~~~~~~~~~~~~~~~~~~~~~~~~~~~~~~


✘ [ERROR] NG5002: Parser Error: Missing expected ) at column 15 in [setTimeout(() => showProductDropdown = false, 200)] in /Users/eseoseodion/erp-sales/src/app/ui/view/branch/branch-inventory-form/branch-inventory-form.component.html@108:44 [plugin angular-compiler]

    src/app/ui/view/branch/branch-inventory-form/branch-inventory-form.component.html:217:51:
      217 │ ...ock-preview" *ngIf="inventoryForm.get('quantity')?.value !== ''">
          ╵                 ~~~~~~~~~~~~~~~~~~~~~~~~~~~~~~~~~~~~~~~~~~~~~~~~~~~

  Error occurs in the template of component BranchInventoryFormComponent.

    src/app/ui/view/branch/branch-inventory-form/branch-inventory-form.component.ts:26:15:
      26 │   templateUrl: './branch-inventory-form.component.html',
         ╵                ~~~~~~~~~~~~~~~~~~~~~~~~~~~~~~~~~~~~~~~~


✘ [ERROR] NG5002: Parser Error: Unexpected token ')' at column 50 in [setTimeout(() => showProductDropdown = false, 200)] in /Users/eseoseodion/erp-sales/src/app/ui/view/branch/branch-inventory-form/branch-inventory-form.component.html@108:44 [plugin angular-compiler]

    src/app/ui/view/branch/branch-inventory-form/branch-inventory-form.component.html:217:51:
      217 │ ...ock-preview" *ngIf="inventoryForm.get('quantity')?.value !== ''">
          ╵                 ~~~~~~~~~~~~~~~~~~~~~~~~~~~~~~~~~~~~~~~~~~~~~~~~~~~

  Error occurs in the template of component BranchInventoryFormComponent.

    src/app/ui/view/branch/branch-inventory-form/branch-inventory-form.component.ts:26:15:
      26 │   templateUrl: './branch-inventory-form.component.html',
         ╵                ~~~~~~~~~~~~~~~~~~~~~~~~~~~~~~~~~~~~~~~~


✘ [ERROR] NG5002: Parser Error: Unexpected token ) at column 13 in [setTimeout(() => showProductDropdown = false, 200)] in /Users/eseoseodion/erp-sales/src/app/ui/view/branch/branch-inventory-form/branch-inventory-form.component.html@108:44 [plugin angular-compiler]

    src/app/ui/view/branch/branch-inventory-form/branch-inventory-form.component.html:217:51:
      217 │ ...ock-preview" *ngIf="inventoryForm.get('quantity')?.value !== ''">
          ╵                 ~~~~~~~~~~~~~~~~~~~~~~~~~~~~~~~~~~~~~~~~~~~~~~~~~~~

  Error occurs in the template of component BranchInventoryFormComponent.

    src/app/ui/view/branch/branch-inventory-form/branch-inventory-form.component.ts:26:15:
      26 │   templateUrl: './branch-inventory-form.component.html',
         ╵                ~~~~~~~~~~~~~~~~~~~~~~~~~~~~~~~~~~~~~~~~


✘ [ERROR] NG5002: Parser Error: Missing expected ) at column 15 in [setTimeout(() => showProductDropdown = false, 200)] in /Users/eseoseodion/erp-sales/src/app/ui/view/branch/branch-inventory-form/branch-inventory-form.component.html@108:44 [plugin angular-compiler]

    src/app/ui/view/branch/branch-inventory-form/branch-inventory-form.component.html:220:79:
      220 │ ...us-badge" [style.background]="getStockStatusColor(getStockStatus(
          ╵                                  ~~~~~~~~~~~~~~~~~~~~~~~~~~~~~~~~~~~

  Error occurs in the template of component BranchInventoryFormComponent.

    src/app/ui/view/branch/branch-inventory-form/branch-inventory-form.component.ts:26:15:
      26 │   templateUrl: './branch-inventory-form.component.html',
         ╵                ~~~~~~~~~~~~~~~~~~~~~~~~~~~~~~~~~~~~~~~~


✘ [ERROR] NG5002: Parser Error: Unexpected token ')' at column 50 in [setTimeout(() => showProductDropdown = false, 200)] in /Users/eseoseodion/erp-sales/src/app/ui/view/branch/branch-inventory-form/branch-inventory-form.component.html@108:44 [plugin angular-compiler]

    src/app/ui/view/branch/branch-inventory-form/branch-inventory-form.component.html:220:79:
      220 │ ...us-badge" [style.background]="getStockStatusColor(getStockStatus(
          ╵                                  ~~~~~~~~~~~~~~~~~~~~~~~~~~~~~~~~~~~

  Error occurs in the template of component BranchInventoryFormComponent.

    src/app/ui/view/branch/branch-inventory-form/branch-inventory-form.component.ts:26:15:
      26 │   templateUrl: './branch-inventory-form.component.html',
         ╵                ~~~~~~~~~~~~~~~~~~~~~~~~~~~~~~~~~~~~~~~~


✘ [ERROR] NG5002: Parser Error: Unexpected token ) at column 13 in [setTimeout(() => showProductDropdown = false, 200)] in /Users/eseoseodion/erp-sales/src/app/ui/view/branch/branch-inventory-form/branch-inventory-form.component.html@108:44 [plugin angular-compiler]

    src/app/ui/view/branch/branch-inventory-form/branch-inventory-form.component.html:220:79:
      220 │ ...us-badge" [style.background]="getStockStatusColor(getStockStatus(
          ╵                                  ~~~~~~~~~~~~~~~~~~~~~~~~~~~~~~~~~~~

  Error occurs in the template of component BranchInventoryFormComponent.

    src/app/ui/view/branch/branch-inventory-form/branch-inventory-form.component.ts:26:15:
      26 │   templateUrl: './branch-inventory-form.component.html',
         ╵                ~~~~~~~~~~~~~~~~~~~~~~~~~~~~~~~~~~~~~~~~


✘ [ERROR] NG5: Argument of type 'string' is not assignable to parameter of type '"LOW" | "CRITICAL" | "NORMAL" | "OVERSTOCK"'. [plugin angular-compiler]

    src/app/ui/view/branch/branch-inventory-form/branch-inventory-form.component.html:220:99:
      220 │ ...us-badge" [style.background]="getStockStatusColor(getStockStatus(
          ╵                                                      ~~~~~~~~~~~~~~

  Error occurs in the template of component BranchInventoryFormComponent.

    src/app/ui/view/branch/branch-inventory-form/branch-inventory-form.component.ts:26:15:
      26 │   templateUrl: './branch-inventory-form.component.html',
         ╵                ~~~~~~~~~~~~~~~~~~~~~~~~~~~~~~~~~~~~~~~~


✘ [ERROR] NG9: Property 'parseInt' does not exist on type 'BranchInventoryFormComponent'. [plugin angular-compiler]

    src/app/ui/view/branch/branch-inventory-form/branch-inventory-form.component.html:221:24:
      221 │                         parseInt(inventoryForm.get('quantity')?.v...
          ╵                         ~~~~~~~~

  Error occurs in the template of component BranchInventoryFormComponent.

    src/app/ui/view/branch/branch-inventory-form/branch-inventory-form.component.ts:26:15:
      26 │   templateUrl: './branch-inventory-form.component.html',
         ╵                ~~~~~~~~~~~~~~~~~~~~~~~~~~~~~~~~~~~~~~~~


✘ [ERROR] NG9: Property 'parseInt' does not exist on type 'BranchInventoryFormComponent'. [plugin angular-compiler]

    src/app/ui/view/branch/branch-inventory-form/branch-inventory-form.component.html:222:24:
      222 │                         parseInt(inventoryForm.get('reorderPoint'...
          ╵                         ~~~~~~~~

  Error occurs in the template of component BranchInventoryFormComponent.

    src/app/ui/view/branch/branch-inventory-form/branch-inventory-form.component.ts:26:15:
      26 │   templateUrl: './branch-inventory-form.component.html',
         ╵                ~~~~~~~~~~~~~~~~~~~~~~~~~~~~~~~~~~~~~~~~


✘ [ERROR] NG9: Property 'parseInt' does not exist on type 'BranchInventoryFormComponent'. [plugin angular-compiler]

    src/app/ui/view/branch/branch-inventory-form/branch-inventory-form.component.html:223:24:
      223 │                         parseInt(inventoryForm.get('safetyStock')...
          ╵                         ~~~~~~~~

  Error occurs in the template of component BranchInventoryFormComponent.

    src/app/ui/view/branch/branch-inventory-form/branch-inventory-form.component.ts:26:15:
      26 │   templateUrl: './branch-inventory-form.component.html',
         ╵                ~~~~~~~~~~~~~~~~~~~~~~~~~~~~~~~~~~~~~~~~


✘ [ERROR] NG5002: Parser Error: Missing expected ) at column 15 in [setTimeout(() => showProductDropdown = false, 200)] in /Users/eseoseodion/erp-sales/src/app/ui/view/branch/branch-inventory-form/branch-inventory-form.component.html@108:44 [plugin angular-compiler]

    src/app/ui/view/branch/branch-inventory-form/branch-inventory-form.component.html:224:48:
      224 │ ...    )) + '20'" [style.color]="getStockStatusColor(getStockStatus(
          ╵                                  ~~~~~~~~~~~~~~~~~~~~~~~~~~~~~~~~~~~

  Error occurs in the template of component BranchInventoryFormComponent.

    src/app/ui/view/branch/branch-inventory-form/branch-inventory-form.component.ts:26:15:
      26 │   templateUrl: './branch-inventory-form.component.html',
         ╵                ~~~~~~~~~~~~~~~~~~~~~~~~~~~~~~~~~~~~~~~~


✘ [ERROR] NG5002: Parser Error: Unexpected token ')' at column 50 in [setTimeout(() => showProductDropdown = false, 200)] in /Users/eseoseodion/erp-sales/src/app/ui/view/branch/branch-inventory-form/branch-inventory-form.component.html@108:44 [plugin angular-compiler]

    src/app/ui/view/branch/branch-inventory-form/branch-inventory-form.component.html:224:48:
      224 │ ...    )) + '20'" [style.color]="getStockStatusColor(getStockStatus(
          ╵                                  ~~~~~~~~~~~~~~~~~~~~~~~~~~~~~~~~~~~

  Error occurs in the template of component BranchInventoryFormComponent.

    src/app/ui/view/branch/branch-inventory-form/branch-inventory-form.component.ts:26:15:
      26 │   templateUrl: './branch-inventory-form.component.html',
         ╵                ~~~~~~~~~~~~~~~~~~~~~~~~~~~~~~~~~~~~~~~~


✘ [ERROR] NG5002: Parser Error: Unexpected token ) at column 13 in [setTimeout(() => showProductDropdown = false, 200)] in /Users/eseoseodion/erp-sales/src/app/ui/view/branch/branch-inventory-form/branch-inventory-form.component.html@108:44 [plugin angular-compiler]

    src/app/ui/view/branch/branch-inventory-form/branch-inventory-form.component.html:224:48:
      224 │ ...    )) + '20'" [style.color]="getStockStatusColor(getStockStatus(
          ╵                                  ~~~~~~~~~~~~~~~~~~~~~~~~~~~~~~~~~~~

  Error occurs in the template of component BranchInventoryFormComponent.

    src/app/ui/view/branch/branch-inventory-form/branch-inventory-form.component.ts:26:15:
      26 │   templateUrl: './branch-inventory-form.component.html',
         ╵                ~~~~~~~~~~~~~~~~~~~~~~~~~~~~~~~~~~~~~~~~


✘ [ERROR] NG5: Argument of type 'string' is not assignable to parameter of type '"LOW" | "CRITICAL" | "NORMAL" | "OVERSTOCK"'. [plugin angular-compiler]

    src/app/ui/view/branch/branch-inventory-form/branch-inventory-form.component.html:224:68:
      224 │ ...    )) + '20'" [style.color]="getStockStatusColor(getStockStatus(
          ╵                                                      ~~~~~~~~~~~~~~

  Error occurs in the template of component BranchInventoryFormComponent.

    src/app/ui/view/branch/branch-inventory-form/branch-inventory-form.component.ts:26:15:
      26 │   templateUrl: './branch-inventory-form.component.html',
         ╵                ~~~~~~~~~~~~~~~~~~~~~~~~~~~~~~~~~~~~~~~~


✘ [ERROR] NG9: Property 'parseInt' does not exist on type 'BranchInventoryFormComponent'. [plugin angular-compiler]

    src/app/ui/view/branch/branch-inventory-form/branch-inventory-form.component.html:225:24:
      225 │                         parseInt(inventoryForm.get('quantity')?.v...
          ╵                         ~~~~~~~~

  Error occurs in the template of component BranchInventoryFormComponent.

    src/app/ui/view/branch/branch-inventory-form/branch-inventory-form.component.ts:26:15:
      26 │   templateUrl: './branch-inventory-form.component.html',
         ╵                ~~~~~~~~~~~~~~~~~~~~~~~~~~~~~~~~~~~~~~~~


✘ [ERROR] NG9: Property 'parseInt' does not exist on type 'BranchInventoryFormComponent'. [plugin angular-compiler]

    src/app/ui/view/branch/branch-inventory-form/branch-inventory-form.component.html:226:24:
      226 │                         parseInt(inventoryForm.get('reorderPoint'...
          ╵                         ~~~~~~~~

  Error occurs in the template of component BranchInventoryFormComponent.

    src/app/ui/view/branch/branch-inventory-form/branch-inventory-form.component.ts:26:15:
      26 │   templateUrl: './branch-inventory-form.component.html',
         ╵                ~~~~~~~~~~~~~~~~~~~~~~~~~~~~~~~~~~~~~~~~


✘ [ERROR] NG9: Property 'parseInt' does not exist on type 'BranchInventoryFormComponent'. [plugin angular-compiler]

    src/app/ui/view/branch/branch-inventory-form/branch-inventory-form.component.html:227:24:
      227 │                         parseInt(inventoryForm.get('safetyStock')...
          ╵                         ~~~~~~~~

  Error occurs in the template of component BranchInventoryFormComponent.

    src/app/ui/view/branch/branch-inventory-form/branch-inventory-form.component.ts:26:15:
      26 │   templateUrl: './branch-inventory-form.component.html',
         ╵                ~~~~~~~~~~~~~~~~~~~~~~~~~~~~~~~~~~~~~~~~


✘ [ERROR] NG5002: Parser Error: Missing expected ) at column 15 in [setTimeout(() => showProductDropdown = false, 200)] in /Users/eseoseodion/erp-sales/src/app/ui/view/branch/branch-inventory-form/branch-inventory-form.component.html@108:44 [plugin angular-compiler]

    src/app/ui/view/branch/branch-inventory-form/branch-inventory-form.component.html:229:36:
      229 │ ...                           {{ getStockStatusLabel(getStockStatus(
          ╵                               ~~~~~~~~~~~~~~~~~~~~~~~~~~~~~~~~~~~~~~

  Error occurs in the template of component BranchInventoryFormComponent.

    src/app/ui/view/branch/branch-inventory-form/branch-inventory-form.component.ts:26:15:
      26 │   templateUrl: './branch-inventory-form.component.html',
         ╵                ~~~~~~~~~~~~~~~~~~~~~~~~~~~~~~~~~~~~~~~~


✘ [ERROR] NG5002: Parser Error: Unexpected token ')' at column 50 in [setTimeout(() => showProductDropdown = false, 200)] in /Users/eseoseodion/erp-sales/src/app/ui/view/branch/branch-inventory-form/branch-inventory-form.component.html@108:44 [plugin angular-compiler]

    src/app/ui/view/branch/branch-inventory-form/branch-inventory-form.component.html:229:36:
      229 │ ...                           {{ getStockStatusLabel(getStockStatus(
          ╵                               ~~~~~~~~~~~~~~~~~~~~~~~~~~~~~~~~~~~~~~

  Error occurs in the template of component BranchInventoryFormComponent.

    src/app/ui/view/branch/branch-inventory-form/branch-inventory-form.component.ts:26:15:
      26 │   templateUrl: './branch-inventory-form.component.html',
         ╵                ~~~~~~~~~~~~~~~~~~~~~~~~~~~~~~~~~~~~~~~~


✘ [ERROR] NG5002: Parser Error: Unexpected token ) at column 13 in [setTimeout(() => showProductDropdown = false, 200)] in /Users/eseoseodion/erp-sales/src/app/ui/view/branch/branch-inventory-form/branch-inventory-form.component.html@108:44 [plugin angular-compiler]

    src/app/ui/view/branch/branch-inventory-form/branch-inventory-form.component.html:229:36:
      229 │ ...                           {{ getStockStatusLabel(getStockStatus(
          ╵                               ~~~~~~~~~~~~~~~~~~~~~~~~~~~~~~~~~~~~~~

  Error occurs in the template of component BranchInventoryFormComponent.

    src/app/ui/view/branch/branch-inventory-form/branch-inventory-form.component.ts:26:15:
      26 │   templateUrl: './branch-inventory-form.component.html',
         ╵                ~~~~~~~~~~~~~~~~~~~~~~~~~~~~~~~~~~~~~~~~


✘ [ERROR] NG5: Argument of type 'string' is not assignable to parameter of type '"LOW" | "CRITICAL" | "NORMAL" | "OVERSTOCK"'. [plugin angular-compiler]

    src/app/ui/view/branch/branch-inventory-form/branch-inventory-form.component.html:229:59:
      229 │ ...                           {{ getStockStatusLabel(getStockStatus(
          ╵                                                      ~~~~~~~~~~~~~~

  Error occurs in the template of component BranchInventoryFormComponent.

    src/app/ui/view/branch/branch-inventory-form/branch-inventory-form.component.ts:26:15:
      26 │   templateUrl: './branch-inventory-form.component.html',
         ╵                ~~~~~~~~~~~~~~~~~~~~~~~~~~~~~~~~~~~~~~~~


✘ [ERROR] NG9: Property 'parseInt' does not exist on type 'BranchInventoryFormComponent'. [plugin angular-compiler]

    src/app/ui/view/branch/branch-inventory-form/branch-inventory-form.component.html:230:36:
      230 │ ...                           parseInt(inventoryForm.get('quantit...
          ╵                               ~~~~~~~~

  Error occurs in the template of component BranchInventoryFormComponent.

    src/app/ui/view/branch/branch-inventory-form/branch-inventory-form.component.ts:26:15:
      26 │   templateUrl: './branch-inventory-form.component.html',
         ╵                ~~~~~~~~~~~~~~~~~~~~~~~~~~~~~~~~~~~~~~~~


✘ [ERROR] NG9: Property 'parseInt' does not exist on type 'BranchInventoryFormComponent'. [plugin angular-compiler]

    src/app/ui/view/branch/branch-inventory-form/branch-inventory-form.component.html:231:36:
      231 │ ...                           parseInt(inventoryForm.get('reorder...
          ╵                               ~~~~~~~~

  Error occurs in the template of component BranchInventoryFormComponent.

    src/app/ui/view/branch/branch-inventory-form/branch-inventory-form.component.ts:26:15:
      26 │   templateUrl: './branch-inventory-form.component.html',
         ╵                ~~~~~~~~~~~~~~~~~~~~~~~~~~~~~~~~~~~~~~~~


✘ [ERROR] NG9: Property 'parseInt' does not exist on type 'BranchInventoryFormComponent'. [plugin angular-compiler]

    src/app/ui/view/branch/branch-inventory-form/branch-inventory-form.component.html:232:36:
      232 │ ...                           parseInt(inventoryForm.get('safetyS...
          ╵                               ~~~~~~~~

  Error occurs in the template of component BranchInventoryFormComponent.

    src/app/ui/view/branch/branch-inventory-form/branch-inventory-form.component.ts:26:15:
      26 │   templateUrl: './branch-inventory-form.component.html',
         ╵                ~~~~~~~~~~~~~~~~~~~~~~~~~~~~~~~~~~~~~~~~


✘ [ERROR] NG5002: Parser Error: Missing expected ) at column 15 in [setTimeout(() => showProductDropdown = false, 200)] in /Users/eseoseodion/erp-sales/src/app/ui/view/branch/branch-inventory-form/branch-inventory-form.component.html@108:44 [plugin angular-compiler]

    src/app/ui/view/branch/branch-inventory-form/branch-inventory-form.component.html:240:25:
      240 │ ...              <div *ngIf="currentStep === 3" class="form-secti...
          ╵                       ~~~~~~~~~~~~~~~~~~~~~~~~~

  Error occurs in the template of component BranchInventoryFormComponent.

    src/app/ui/view/branch/branch-inventory-form/branch-inventory-form.component.ts:26:15:
      26 │   templateUrl: './branch-inventory-form.component.html',
         ╵                ~~~~~~~~~~~~~~~~~~~~~~~~~~~~~~~~~~~~~~~~


✘ [ERROR] NG5002: Parser Error: Unexpected token ')' at column 50 in [setTimeout(() => showProductDropdown = false, 200)] in /Users/eseoseodion/erp-sales/src/app/ui/view/branch/branch-inventory-form/branch-inventory-form.component.html@108:44 [plugin angular-compiler]

    src/app/ui/view/branch/branch-inventory-form/branch-inventory-form.component.html:240:25:
      240 │ ...              <div *ngIf="currentStep === 3" class="form-secti...
          ╵                       ~~~~~~~~~~~~~~~~~~~~~~~~~

  Error occurs in the template of component BranchInventoryFormComponent.

    src/app/ui/view/branch/branch-inventory-form/branch-inventory-form.component.ts:26:15:
      26 │   templateUrl: './branch-inventory-form.component.html',
         ╵                ~~~~~~~~~~~~~~~~~~~~~~~~~~~~~~~~~~~~~~~~


✘ [ERROR] NG5002: Parser Error: Unexpected token ) at column 13 in [setTimeout(() => showProductDropdown = false, 200)] in /Users/eseoseodion/erp-sales/src/app/ui/view/branch/branch-inventory-form/branch-inventory-form.component.html@108:44 [plugin angular-compiler]

    src/app/ui/view/branch/branch-inventory-form/branch-inventory-form.component.html:240:25:
      240 │ ...              <div *ngIf="currentStep === 3" class="form-secti...
          ╵                       ~~~~~~~~~~~~~~~~~~~~~~~~~

  Error occurs in the template of component BranchInventoryFormComponent.

    src/app/ui/view/branch/branch-inventory-form/branch-inventory-form.component.ts:26:15:
      26 │   templateUrl: './branch-inventory-form.component.html',
         ╵                ~~~~~~~~~~~~~~~~~~~~~~~~~~~~~~~~~~~~~~~~


✘ [ERROR] NG5002: Parser Error: Missing expected ) at column 15 in [setTimeout(() => showProductDropdown = false, 200)] in /Users/eseoseodion/erp-sales/src/app/ui/view/branch/branch-inventory-form/branch-inventory-form.component.html@108:44 [plugin angular-compiler]

    src/app/ui/view/branch/branch-inventory-form/branch-inventory-form.component.html:249:67:
      249 │ ...           <span class="review-value">{{ selectedProduct?.name ||
          ╵                                          ~~~~~~~~~~~~~~~~~~~~~~~~~~~

  Error occurs in the template of component BranchInventoryFormComponent.

    src/app/ui/view/branch/branch-inventory-form/branch-inventory-form.component.ts:26:15:
      26 │   templateUrl: './branch-inventory-form.component.html',
         ╵                ~~~~~~~~~~~~~~~~~~~~~~~~~~~~~~~~~~~~~~~~


✘ [ERROR] NG5002: Parser Error: Unexpected token ')' at column 50 in [setTimeout(() => showProductDropdown = false, 200)] in /Users/eseoseodion/erp-sales/src/app/ui/view/branch/branch-inventory-form/branch-inventory-form.component.html@108:44 [plugin angular-compiler]

    src/app/ui/view/branch/branch-inventory-form/branch-inventory-form.component.html:249:67:
      249 │ ...           <span class="review-value">{{ selectedProduct?.name ||
          ╵                                          ~~~~~~~~~~~~~~~~~~~~~~~~~~~

  Error occurs in the template of component BranchInventoryFormComponent.

    src/app/ui/view/branch/branch-inventory-form/branch-inventory-form.component.ts:26:15:
      26 │   templateUrl: './branch-inventory-form.component.html',
         ╵                ~~~~~~~~~~~~~~~~~~~~~~~~~~~~~~~~~~~~~~~~


✘ [ERROR] NG5002: Parser Error: Unexpected token ) at column 13 in [setTimeout(() => showProductDropdown = false, 200)] in /Users/eseoseodion/erp-sales/src/app/ui/view/branch/branch-inventory-form/branch-inventory-form.component.html@108:44 [plugin angular-compiler]

    src/app/ui/view/branch/branch-inventory-form/branch-inventory-form.component.html:249:67:
      249 │ ...           <span class="review-value">{{ selectedProduct?.name ||
          ╵                                          ~~~~~~~~~~~~~~~~~~~~~~~~~~~

  Error occurs in the template of component BranchInventoryFormComponent.

    src/app/ui/view/branch/branch-inventory-form/branch-inventory-form.component.ts:26:15:
      26 │   templateUrl: './branch-inventory-form.component.html',
         ╵                ~~~~~~~~~~~~~~~~~~~~~~~~~~~~~~~~~~~~~~~~


✘ [ERROR] NG5002: Parser Error: Missing expected ) at column 15 in [setTimeout(() => showProductDropdown = false, 200)] in /Users/eseoseodion/erp-sales/src/app/ui/view/branch/branch-inventory-form/branch-inventory-form.component.html@108:44 [plugin angular-compiler]

    src/app/ui/view/branch/branch-inventory-form/branch-inventory-form.component.html:254:67:
      254 │ ...lass="review-value">{{ selectedProduct?.sku || inventoryItem?.sku
          ╵                        ~~~~~~~~~~~~~~~~~~~~~~~~~~~~~~~~~~~~~~~~~~~~~

  Error occurs in the template of component BranchInventoryFormComponent.

    src/app/ui/view/branch/branch-inventory-form/branch-inventory-form.component.ts:26:15:
      26 │   templateUrl: './branch-inventory-form.component.html',
         ╵                ~~~~~~~~~~~~~~~~~~~~~~~~~~~~~~~~~~~~~~~~


✘ [ERROR] NG5002: Parser Error: Unexpected token ')' at column 50 in [setTimeout(() => showProductDropdown = false, 200)] in /Users/eseoseodion/erp-sales/src/app/ui/view/branch/branch-inventory-form/branch-inventory-form.component.html@108:44 [plugin angular-compiler]

    src/app/ui/view/branch/branch-inventory-form/branch-inventory-form.component.html:254:67:
      254 │ ...lass="review-value">{{ selectedProduct?.sku || inventoryItem?.sku
          ╵                        ~~~~~~~~~~~~~~~~~~~~~~~~~~~~~~~~~~~~~~~~~~~~~

  Error occurs in the template of component BranchInventoryFormComponent.

    src/app/ui/view/branch/branch-inventory-form/branch-inventory-form.component.ts:26:15:
      26 │   templateUrl: './branch-inventory-form.component.html',
         ╵                ~~~~~~~~~~~~~~~~~~~~~~~~~~~~~~~~~~~~~~~~


✘ [ERROR] NG5002: Parser Error: Unexpected token ) at column 13 in [setTimeout(() => showProductDropdown = false, 200)] in /Users/eseoseodion/erp-sales/src/app/ui/view/branch/branch-inventory-form/branch-inventory-form.component.html@108:44 [plugin angular-compiler]

    src/app/ui/view/branch/branch-inventory-form/branch-inventory-form.component.html:254:67:
      254 │ ...lass="review-value">{{ selectedProduct?.sku || inventoryItem?.sku
          ╵                        ~~~~~~~~~~~~~~~~~~~~~~~~~~~~~~~~~~~~~~~~~~~~~

  Error occurs in the template of component BranchInventoryFormComponent.

    src/app/ui/view/branch/branch-inventory-form/branch-inventory-form.component.ts:26:15:
      26 │   templateUrl: './branch-inventory-form.component.html',
         ╵                ~~~~~~~~~~~~~~~~~~~~~~~~~~~~~~~~~~~~~~~~


✘ [ERROR] NG5002: Parser Error: Missing expected ) at column 15 in [setTimeout(() => showProductDropdown = false, 200)] in /Users/eseoseodion/erp-sales/src/app/ui/view/branch/branch-inventory-form/branch-inventory-form.component.html@108:44 [plugin angular-compiler]

    src/app/ui/view/branch/branch-inventory-form/branch-inventory-form.component.html:259:67:
      259 │ ...             <span class="review-value">{{ branch?.name }}</span>
          ╵                                            ~~~~~~~~~~~~~~~~~~

  Error occurs in the template of component BranchInventoryFormComponent.

    src/app/ui/view/branch/branch-inventory-form/branch-inventory-form.component.ts:26:15:
      26 │   templateUrl: './branch-inventory-form.component.html',
         ╵                ~~~~~~~~~~~~~~~~~~~~~~~~~~~~~~~~~~~~~~~~


✘ [ERROR] NG5002: Parser Error: Unexpected token ')' at column 50 in [setTimeout(() => showProductDropdown = false, 200)] in /Users/eseoseodion/erp-sales/src/app/ui/view/branch/branch-inventory-form/branch-inventory-form.component.html@108:44 [plugin angular-compiler]

    src/app/ui/view/branch/branch-inventory-form/branch-inventory-form.component.html:259:67:
      259 │ ...             <span class="review-value">{{ branch?.name }}</span>
          ╵                                            ~~~~~~~~~~~~~~~~~~

  Error occurs in the template of component BranchInventoryFormComponent.

    src/app/ui/view/branch/branch-inventory-form/branch-inventory-form.component.ts:26:15:
      26 │   templateUrl: './branch-inventory-form.component.html',
         ╵                ~~~~~~~~~~~~~~~~~~~~~~~~~~~~~~~~~~~~~~~~


✘ [ERROR] NG5002: Parser Error: Unexpected token ) at column 13 in [setTimeout(() => showProductDropdown = false, 200)] in /Users/eseoseodion/erp-sales/src/app/ui/view/branch/branch-inventory-form/branch-inventory-form.component.html@108:44 [plugin angular-compiler]

    src/app/ui/view/branch/branch-inventory-form/branch-inventory-form.component.html:259:67:
      259 │ ...             <span class="review-value">{{ branch?.name }}</span>
          ╵                                            ~~~~~~~~~~~~~~~~~~

  Error occurs in the template of component BranchInventoryFormComponent.

    src/app/ui/view/branch/branch-inventory-form/branch-inventory-form.component.ts:26:15:
      26 │   templateUrl: './branch-inventory-form.component.html',
         ╵                ~~~~~~~~~~~~~~~~~~~~~~~~~~~~~~~~~~~~~~~~


✘ [ERROR] NG5002: Parser Error: Missing expected ) at column 15 in [setTimeout(() => showProductDropdown = false, 200)] in /Users/eseoseodion/erp-sales/src/app/ui/view/branch/branch-inventory-form/branch-inventory-form.component.html@108:44 [plugin angular-compiler]

    src/app/ui/view/branch/branch-inventory-form/branch-inventory-form.component.html:269:67:
      269 │ ...="review-value">{{ inventoryForm.get('quantity')?.value }}</span>
          ╵                    ~~~~~~~~~~~~~~~~~~~~~~~~~~~~~~~~~~~~~~~~~~

  Error occurs in the template of component BranchInventoryFormComponent.

    src/app/ui/view/branch/branch-inventory-form/branch-inventory-form.component.ts:26:15:
      26 │   templateUrl: './branch-inventory-form.component.html',
         ╵                ~~~~~~~~~~~~~~~~~~~~~~~~~~~~~~~~~~~~~~~~


✘ [ERROR] NG5002: Parser Error: Unexpected token ')' at column 50 in [setTimeout(() => showProductDropdown = false, 200)] in /Users/eseoseodion/erp-sales/src/app/ui/view/branch/branch-inventory-form/branch-inventory-form.component.html@108:44 [plugin angular-compiler]

    src/app/ui/view/branch/branch-inventory-form/branch-inventory-form.component.html:269:67:
      269 │ ...="review-value">{{ inventoryForm.get('quantity')?.value }}</span>
          ╵                    ~~~~~~~~~~~~~~~~~~~~~~~~~~~~~~~~~~~~~~~~~~

  Error occurs in the template of component BranchInventoryFormComponent.

    src/app/ui/view/branch/branch-inventory-form/branch-inventory-form.component.ts:26:15:
      26 │   templateUrl: './branch-inventory-form.component.html',
         ╵                ~~~~~~~~~~~~~~~~~~~~~~~~~~~~~~~~~~~~~~~~


✘ [ERROR] NG5002: Parser Error: Unexpected token ) at column 13 in [setTimeout(() => showProductDropdown = false, 200)] in /Users/eseoseodion/erp-sales/src/app/ui/view/branch/branch-inventory-form/branch-inventory-form.component.html@108:44 [plugin angular-compiler]

    src/app/ui/view/branch/branch-inventory-form/branch-inventory-form.component.html:269:67:
      269 │ ...="review-value">{{ inventoryForm.get('quantity')?.value }}</span>
          ╵                    ~~~~~~~~~~~~~~~~~~~~~~~~~~~~~~~~~~~~~~~~~~

  Error occurs in the template of component BranchInventoryFormComponent.

    src/app/ui/view/branch/branch-inventory-form/branch-inventory-form.component.ts:26:15:
      26 │   templateUrl: './branch-inventory-form.component.html',
         ╵                ~~~~~~~~~~~~~~~~~~~~~~~~~~~~~~~~~~~~~~~~


✘ [ERROR] NG5002: Parser Error: Missing expected ) at column 15 in [setTimeout(() => showProductDropdown = false, 200)] in /Users/eseoseodion/erp-sales/src/app/ui/view/branch/branch-inventory-form/branch-inventory-form.component.html@108:44 [plugin angular-compiler]

    src/app/ui/view/branch/branch-inventory-form/branch-inventory-form.component.html:273:67:
      273 │ ...                                    <span class="review-value">{{
          ╵                                                                   ~~

  Error occurs in the template of component BranchInventoryFormComponent.

    src/app/ui/view/branch/branch-inventory-form/branch-inventory-form.component.ts:26:15:
      26 │   templateUrl: './branch-inventory-form.component.html',
         ╵                ~~~~~~~~~~~~~~~~~~~~~~~~~~~~~~~~~~~~~~~~


✘ [ERROR] NG5002: Parser Error: Unexpected token ')' at column 50 in [setTimeout(() => showProductDropdown = false, 200)] in /Users/eseoseodion/erp-sales/src/app/ui/view/branch/branch-inventory-form/branch-inventory-form.component.html@108:44 [plugin angular-compiler]

    src/app/ui/view/branch/branch-inventory-form/branch-inventory-form.component.html:273:67:
      273 │ ...                                    <span class="review-value">{{
          ╵                                                                   ~~

  Error occurs in the template of component BranchInventoryFormComponent.

    src/app/ui/view/branch/branch-inventory-form/branch-inventory-form.component.ts:26:15:
      26 │   templateUrl: './branch-inventory-form.component.html',
         ╵                ~~~~~~~~~~~~~~~~~~~~~~~~~~~~~~~~~~~~~~~~


✘ [ERROR] NG5002: Parser Error: Unexpected token ) at column 13 in [setTimeout(() => showProductDropdown = false, 200)] in /Users/eseoseodion/erp-sales/src/app/ui/view/branch/branch-inventory-form/branch-inventory-form.component.html@108:44 [plugin angular-compiler]

    src/app/ui/view/branch/branch-inventory-form/branch-inventory-form.component.html:273:67:
      273 │ ...                                    <span class="review-value">{{
          ╵                                                                   ~~

  Error occurs in the template of component BranchInventoryFormComponent.

    src/app/ui/view/branch/branch-inventory-form/branch-inventory-form.component.ts:26:15:
      26 │   templateUrl: './branch-inventory-form.component.html',
         ╵                ~~~~~~~~~~~~~~~~~~~~~~~~~~~~~~~~~~~~~~~~


✘ [ERROR] NG5002: Parser Error: Missing expected ) at column 15 in [setTimeout(() => showProductDropdown = false, 200)] in /Users/eseoseodion/erp-sales/src/app/ui/view/branch/branch-inventory-form/branch-inventory-form.component.html@108:44 [plugin angular-compiler]

    src/app/ui/view/branch/branch-inventory-form/branch-inventory-form.component.html:278:67:
      278 │ ...view-value">{{ inventoryForm.get('reorderPoint')?.value }}</span>
          ╵                ~~~~~~~~~~~~~~~~~~~~~~~~~~~~~~~~~~~~~~~~~~~~~~

  Error occurs in the template of component BranchInventoryFormComponent.

    src/app/ui/view/branch/branch-inventory-form/branch-inventory-form.component.ts:26:15:
      26 │   templateUrl: './branch-inventory-form.component.html',
         ╵                ~~~~~~~~~~~~~~~~~~~~~~~~~~~~~~~~~~~~~~~~


✘ [ERROR] NG5002: Parser Error: Unexpected token ')' at column 50 in [setTimeout(() => showProductDropdown = false, 200)] in /Users/eseoseodion/erp-sales/src/app/ui/view/branch/branch-inventory-form/branch-inventory-form.component.html@108:44 [plugin angular-compiler]

    src/app/ui/view/branch/branch-inventory-form/branch-inventory-form.component.html:278:67:
      278 │ ...view-value">{{ inventoryForm.get('reorderPoint')?.value }}</span>
          ╵                ~~~~~~~~~~~~~~~~~~~~~~~~~~~~~~~~~~~~~~~~~~~~~~

  Error occurs in the template of component BranchInventoryFormComponent.

    src/app/ui/view/branch/branch-inventory-form/branch-inventory-form.component.ts:26:15:
      26 │   templateUrl: './branch-inventory-form.component.html',
         ╵                ~~~~~~~~~~~~~~~~~~~~~~~~~~~~~~~~~~~~~~~~


✘ [ERROR] NG5002: Parser Error: Unexpected token ) at column 13 in [setTimeout(() => showProductDropdown = false, 200)] in /Users/eseoseodion/erp-sales/src/app/ui/view/branch/branch-inventory-form/branch-inventory-form.component.html@108:44 [plugin angular-compiler]

    src/app/ui/view/branch/branch-inventory-form/branch-inventory-form.component.html:278:67:
      278 │ ...view-value">{{ inventoryForm.get('reorderPoint')?.value }}</span>
          ╵                ~~~~~~~~~~~~~~~~~~~~~~~~~~~~~~~~~~~~~~~~~~~~~~

  Error occurs in the template of component BranchInventoryFormComponent.

    src/app/ui/view/branch/branch-inventory-form/branch-inventory-form.component.ts:26:15:
      26 │   templateUrl: './branch-inventory-form.component.html',
         ╵                ~~~~~~~~~~~~~~~~~~~~~~~~~~~~~~~~~~~~~~~~


✘ [ERROR] NG5002: Parser Error: Missing expected ) at column 15 in [setTimeout(() => showProductDropdown = false, 200)] in /Users/eseoseodion/erp-sales/src/app/ui/view/branch/branch-inventory-form/branch-inventory-form.component.html@108:44 [plugin angular-compiler]

    src/app/ui/view/branch/branch-inventory-form/branch-inventory-form.component.html:282:67:
      282 │ ...eview-value">{{ inventoryForm.get('safetyStock')?.value }}</span>
          ╵                 ~~~~~~~~~~~~~~~~~~~~~~~~~~~~~~~~~~~~~~~~~~~~~

  Error occurs in the template of component BranchInventoryFormComponent.

    src/app/ui/view/branch/branch-inventory-form/branch-inventory-form.component.ts:26:15:
      26 │   templateUrl: './branch-inventory-form.component.html',
         ╵                ~~~~~~~~~~~~~~~~~~~~~~~~~~~~~~~~~~~~~~~~


✘ [ERROR] NG5002: Parser Error: Unexpected token ')' at column 50 in [setTimeout(() => showProductDropdown = false, 200)] in /Users/eseoseodion/erp-sales/src/app/ui/view/branch/branch-inventory-form/branch-inventory-form.component.html@108:44 [plugin angular-compiler]

    src/app/ui/view/branch/branch-inventory-form/branch-inventory-form.component.html:282:67:
      282 │ ...eview-value">{{ inventoryForm.get('safetyStock')?.value }}</span>
          ╵                 ~~~~~~~~~~~~~~~~~~~~~~~~~~~~~~~~~~~~~~~~~~~~~

  Error occurs in the template of component BranchInventoryFormComponent.

    src/app/ui/view/branch/branch-inventory-form/branch-inventory-form.component.ts:26:15:
      26 │   templateUrl: './branch-inventory-form.component.html',
         ╵                ~~~~~~~~~~~~~~~~~~~~~~~~~~~~~~~~~~~~~~~~


✘ [ERROR] NG5002: Parser Error: Unexpected token ) at column 13 in [setTimeout(() => showProductDropdown = false, 200)] in /Users/eseoseodion/erp-sales/src/app/ui/view/branch/branch-inventory-form/branch-inventory-form.component.html@108:44 [plugin angular-compiler]

    src/app/ui/view/branch/branch-inventory-form/branch-inventory-form.component.html:282:67:
      282 │ ...eview-value">{{ inventoryForm.get('safetyStock')?.value }}</span>
          ╵                 ~~~~~~~~~~~~~~~~~~~~~~~~~~~~~~~~~~~~~~~~~~~~~

  Error occurs in the template of component BranchInventoryFormComponent.

    src/app/ui/view/branch/branch-inventory-form/branch-inventory-form.component.ts:26:15:
      26 │   templateUrl: './branch-inventory-form.component.html',
         ╵                ~~~~~~~~~~~~~~~~~~~~~~~~~~~~~~~~~~~~~~~~


✘ [ERROR] NG5002: Parser Error: Missing expected ) at column 15 in [setTimeout(() => showProductDropdown = false, 200)] in /Users/eseoseodion/erp-sales/src/app/ui/view/branch/branch-inventory-form/branch-inventory-form.component.html@108:44 [plugin angular-compiler]

    src/app/ui/view/branch/branch-inventory-form/branch-inventory-form.component.html:286:67:
      286 │ ...                                    <span class="review-value">{{
          ╵                                                                   ~~

  Error occurs in the template of component BranchInventoryFormComponent.

    src/app/ui/view/branch/branch-inventory-form/branch-inventory-form.component.ts:26:15:
      26 │   templateUrl: './branch-inventory-form.component.html',
         ╵                ~~~~~~~~~~~~~~~~~~~~~~~~~~~~~~~~~~~~~~~~


✘ [ERROR] NG5002: Parser Error: Unexpected token ')' at column 50 in [setTimeout(() => showProductDropdown = false, 200)] in /Users/eseoseodion/erp-sales/src/app/ui/view/branch/branch-inventory-form/branch-inventory-form.component.html@108:44 [plugin angular-compiler]

    src/app/ui/view/branch/branch-inventory-form/branch-inventory-form.component.html:286:67:
      286 │ ...                                    <span class="review-value">{{
          ╵                                                                   ~~

  Error occurs in the template of component BranchInventoryFormComponent.

    src/app/ui/view/branch/branch-inventory-form/branch-inventory-form.component.ts:26:15:
      26 │   templateUrl: './branch-inventory-form.component.html',
         ╵                ~~~~~~~~~~~~~~~~~~~~~~~~~~~~~~~~~~~~~~~~


✘ [ERROR] NG5002: Parser Error: Unexpected token ) at column 13 in [setTimeout(() => showProductDropdown = false, 200)] in /Users/eseoseodion/erp-sales/src/app/ui/view/branch/branch-inventory-form/branch-inventory-form.component.html@108:44 [plugin angular-compiler]

    src/app/ui/view/branch/branch-inventory-form/branch-inventory-form.component.html:286:67:
      286 │ ...                                    <span class="review-value">{{
          ╵                                                                   ~~

  Error occurs in the template of component BranchInventoryFormComponent.

    src/app/ui/view/branch/branch-inventory-form/branch-inventory-form.component.ts:26:15:
      26 │   templateUrl: './branch-inventory-form.component.html',
         ╵                ~~~~~~~~~~~~~~~~~~~~~~~~~~~~~~~~~~~~~~~~


✘ [ERROR] NG5002: Parser Error: Missing expected ) at column 15 in [setTimeout(() => showProductDropdown = false, 200)] in /Users/eseoseodion/erp-sales/src/app/ui/view/branch/branch-inventory-form/branch-inventory-form.component.html@108:44 [plugin angular-compiler]

    src/app/ui/view/branch/branch-inventory-form/branch-inventory-form.component.html:292:91:
      292 │ ...us-badge" [style.background]="getStockStatusColor(getStockStatus(
          ╵                                  ~~~~~~~~~~~~~~~~~~~~~~~~~~~~~~~~~~~

  Error occurs in the template of component BranchInventoryFormComponent.

    src/app/ui/view/branch/branch-inventory-form/branch-inventory-form.component.ts:26:15:
      26 │   templateUrl: './branch-inventory-form.component.html',
         ╵                ~~~~~~~~~~~~~~~~~~~~~~~~~~~~~~~~~~~~~~~~


✘ [ERROR] NG5002: Parser Error: Unexpected token ')' at column 50 in [setTimeout(() => showProductDropdown = false, 200)] in /Users/eseoseodion/erp-sales/src/app/ui/view/branch/branch-inventory-form/branch-inventory-form.component.html@108:44 [plugin angular-compiler]

    src/app/ui/view/branch/branch-inventory-form/branch-inventory-form.component.html:292:91:
      292 │ ...us-badge" [style.background]="getStockStatusColor(getStockStatus(
          ╵                                  ~~~~~~~~~~~~~~~~~~~~~~~~~~~~~~~~~~~

  Error occurs in the template of component BranchInventoryFormComponent.

    src/app/ui/view/branch/branch-inventory-form/branch-inventory-form.component.ts:26:15:
      26 │   templateUrl: './branch-inventory-form.component.html',
         ╵                ~~~~~~~~~~~~~~~~~~~~~~~~~~~~~~~~~~~~~~~~


✘ [ERROR] NG5002: Parser Error: Unexpected token ) at column 13 in [setTimeout(() => showProductDropdown = false, 200)] in /Users/eseoseodion/erp-sales/src/app/ui/view/branch/branch-inventory-form/branch-inventory-form.component.html@108:44 [plugin angular-compiler]

    src/app/ui/view/branch/branch-inventory-form/branch-inventory-form.component.html:292:91:
      292 │ ...us-badge" [style.background]="getStockStatusColor(getStockStatus(
          ╵                                  ~~~~~~~~~~~~~~~~~~~~~~~~~~~~~~~~~~~

  Error occurs in the template of component BranchInventoryFormComponent.

    src/app/ui/view/branch/branch-inventory-form/branch-inventory-form.component.ts:26:15:
      26 │   templateUrl: './branch-inventory-form.component.html',
         ╵                ~~~~~~~~~~~~~~~~~~~~~~~~~~~~~~~~~~~~~~~~


✘ [ERROR] NG5: Argument of type 'string' is not assignable to parameter of type '"LOW" | "CRITICAL" | "NORMAL" | "OVERSTOCK"'. [plugin angular-compiler]

    src/app/ui/view/branch/branch-inventory-form/branch-inventory-form.component.html:292:111:
      292 │ ...us-badge" [style.background]="getStockStatusColor(getStockStatus(
          ╵                                                      ~~~~~~~~~~~~~~

  Error occurs in the template of component BranchInventoryFormComponent.

    src/app/ui/view/branch/branch-inventory-form/branch-inventory-form.component.ts:26:15:
      26 │   templateUrl: './branch-inventory-form.component.html',
         ╵                ~~~~~~~~~~~~~~~~~~~~~~~~~~~~~~~~~~~~~~~~


✘ [ERROR] NG9: Property 'parseInt' does not exist on type 'BranchInventoryFormComponent'. [plugin angular-compiler]

    src/app/ui/view/branch/branch-inventory-form/branch-inventory-form.component.html:293:30:
      293 │                               parseInt(inventoryForm.get('quantit...
          ╵                               ~~~~~~~~

  Error occurs in the template of component BranchInventoryFormComponent.

    src/app/ui/view/branch/branch-inventory-form/branch-inventory-form.component.ts:26:15:
      26 │   templateUrl: './branch-inventory-form.component.html',
         ╵                ~~~~~~~~~~~~~~~~~~~~~~~~~~~~~~~~~~~~~~~~


✘ [ERROR] NG9: Property 'parseInt' does not exist on type 'BranchInventoryFormComponent'. [plugin angular-compiler]

    src/app/ui/view/branch/branch-inventory-form/branch-inventory-form.component.html:294:30:
      294 │                               parseInt(inventoryForm.get('reorder...
          ╵                               ~~~~~~~~

  Error occurs in the template of component BranchInventoryFormComponent.

    src/app/ui/view/branch/branch-inventory-form/branch-inventory-form.component.ts:26:15:
      26 │   templateUrl: './branch-inventory-form.component.html',
         ╵                ~~~~~~~~~~~~~~~~~~~~~~~~~~~~~~~~~~~~~~~~


✘ [ERROR] NG9: Property 'parseInt' does not exist on type 'BranchInventoryFormComponent'. [plugin angular-compiler]

    src/app/ui/view/branch/branch-inventory-form/branch-inventory-form.component.html:295:30:
      295 │                               parseInt(inventoryForm.get('safetyS...
          ╵                               ~~~~~~~~

  Error occurs in the template of component BranchInventoryFormComponent.

    src/app/ui/view/branch/branch-inventory-form/branch-inventory-form.component.ts:26:15:
      26 │   templateUrl: './branch-inventory-form.component.html',
         ╵                ~~~~~~~~~~~~~~~~~~~~~~~~~~~~~~~~~~~~~~~~


✘ [ERROR] NG5002: Parser Error: Missing expected ) at column 15 in [setTimeout(() => showProductDropdown = false, 200)] in /Users/eseoseodion/erp-sales/src/app/ui/view/branch/branch-inventory-form/branch-inventory-form.component.html@108:44 [plugin angular-compiler]

    src/app/ui/view/branch/branch-inventory-form/branch-inventory-form.component.html:296:54:
      296 │ ...    )) + '20'" [style.color]="getStockStatusColor(getStockStatus(
          ╵                                  ~~~~~~~~~~~~~~~~~~~~~~~~~~~~~~~~~~~

  Error occurs in the template of component BranchInventoryFormComponent.

    src/app/ui/view/branch/branch-inventory-form/branch-inventory-form.component.ts:26:15:
      26 │   templateUrl: './branch-inventory-form.component.html',
         ╵                ~~~~~~~~~~~~~~~~~~~~~~~~~~~~~~~~~~~~~~~~


✘ [ERROR] NG5002: Parser Error: Unexpected token ')' at column 50 in [setTimeout(() => showProductDropdown = false, 200)] in /Users/eseoseodion/erp-sales/src/app/ui/view/branch/branch-inventory-form/branch-inventory-form.component.html@108:44 [plugin angular-compiler]

    src/app/ui/view/branch/branch-inventory-form/branch-inventory-form.component.html:296:54:
      296 │ ...    )) + '20'" [style.color]="getStockStatusColor(getStockStatus(
          ╵                                  ~~~~~~~~~~~~~~~~~~~~~~~~~~~~~~~~~~~

  Error occurs in the template of component BranchInventoryFormComponent.

    src/app/ui/view/branch/branch-inventory-form/branch-inventory-form.component.ts:26:15:
      26 │   templateUrl: './branch-inventory-form.component.html',
         ╵                ~~~~~~~~~~~~~~~~~~~~~~~~~~~~~~~~~~~~~~~~


✘ [ERROR] NG5002: Parser Error: Unexpected token ) at column 13 in [setTimeout(() => showProductDropdown = false, 200)] in /Users/eseoseodion/erp-sales/src/app/ui/view/branch/branch-inventory-form/branch-inventory-form.component.html@108:44 [plugin angular-compiler]

    src/app/ui/view/branch/branch-inventory-form/branch-inventory-form.component.html:296:54:
      296 │ ...    )) + '20'" [style.color]="getStockStatusColor(getStockStatus(
          ╵                                  ~~~~~~~~~~~~~~~~~~~~~~~~~~~~~~~~~~~

  Error occurs in the template of component BranchInventoryFormComponent.

    src/app/ui/view/branch/branch-inventory-form/branch-inventory-form.component.ts:26:15:
      26 │   templateUrl: './branch-inventory-form.component.html',
         ╵                ~~~~~~~~~~~~~~~~~~~~~~~~~~~~~~~~~~~~~~~~


✘ [ERROR] NG5: Argument of type 'string' is not assignable to parameter of type '"LOW" | "CRITICAL" | "NORMAL" | "OVERSTOCK"'. [plugin angular-compiler]

    src/app/ui/view/branch/branch-inventory-form/branch-inventory-form.component.html:296:74:
      296 │ ...    )) + '20'" [style.color]="getStockStatusColor(getStockStatus(
          ╵                                                      ~~~~~~~~~~~~~~

  Error occurs in the template of component BranchInventoryFormComponent.

    src/app/ui/view/branch/branch-inventory-form/branch-inventory-form.component.ts:26:15:
      26 │   templateUrl: './branch-inventory-form.component.html',
         ╵                ~~~~~~~~~~~~~~~~~~~~~~~~~~~~~~~~~~~~~~~~


✘ [ERROR] NG9: Property 'parseInt' does not exist on type 'BranchInventoryFormComponent'. [plugin angular-compiler]

    src/app/ui/view/branch/branch-inventory-form/branch-inventory-form.component.html:297:30:
      297 │                               parseInt(inventoryForm.get('quantit...
          ╵                               ~~~~~~~~

  Error occurs in the template of component BranchInventoryFormComponent.

    src/app/ui/view/branch/branch-inventory-form/branch-inventory-form.component.ts:26:15:
      26 │   templateUrl: './branch-inventory-form.component.html',
         ╵                ~~~~~~~~~~~~~~~~~~~~~~~~~~~~~~~~~~~~~~~~


✘ [ERROR] NG9: Property 'parseInt' does not exist on type 'BranchInventoryFormComponent'. [plugin angular-compiler]

    src/app/ui/view/branch/branch-inventory-form/branch-inventory-form.component.html:298:30:
      298 │                               parseInt(inventoryForm.get('reorder...
          ╵                               ~~~~~~~~

  Error occurs in the template of component BranchInventoryFormComponent.

    src/app/ui/view/branch/branch-inventory-form/branch-inventory-form.component.ts:26:15:
      26 │   templateUrl: './branch-inventory-form.component.html',
         ╵                ~~~~~~~~~~~~~~~~~~~~~~~~~~~~~~~~~~~~~~~~


✘ [ERROR] NG9: Property 'parseInt' does not exist on type 'BranchInventoryFormComponent'. [plugin angular-compiler]

    src/app/ui/view/branch/branch-inventory-form/branch-inventory-form.component.html:299:30:
      299 │                               parseInt(inventoryForm.get('safetyS...
          ╵                               ~~~~~~~~

  Error occurs in the template of component BranchInventoryFormComponent.

    src/app/ui/view/branch/branch-inventory-form/branch-inventory-form.component.ts:26:15:
      26 │   templateUrl: './branch-inventory-form.component.html',
         ╵                ~~~~~~~~~~~~~~~~~~~~~~~~~~~~~~~~~~~~~~~~


✘ [ERROR] NG5002: Parser Error: Missing expected ) at column 15 in [setTimeout(() => showProductDropdown = false, 200)] in /Users/eseoseodion/erp-sales/src/app/ui/view/branch/branch-inventory-form/branch-inventory-form.component.html@108:44 [plugin angular-compiler]

    src/app/ui/view/branch/branch-inventory-form/branch-inventory-form.component.html:301:48:
      301 │ ...                           {{ getStockStatusLabel(getStockStatus(
          ╵                               ~~~~~~~~~~~~~~~~~~~~~~~~~~~~~~~~~~~~~~

  Error occurs in the template of component BranchInventoryFormComponent.

    src/app/ui/view/branch/branch-inventory-form/branch-inventory-form.component.ts:26:15:
      26 │   templateUrl: './branch-inventory-form.component.html',
         ╵                ~~~~~~~~~~~~~~~~~~~~~~~~~~~~~~~~~~~~~~~~


✘ [ERROR] NG5002: Parser Error: Unexpected token ')' at column 50 in [setTimeout(() => showProductDropdown = false, 200)] in /Users/eseoseodion/erp-sales/src/app/ui/view/branch/branch-inventory-form/branch-inventory-form.component.html@108:44 [plugin angular-compiler]

    src/app/ui/view/branch/branch-inventory-form/branch-inventory-form.component.html:301:48:
      301 │ ...                           {{ getStockStatusLabel(getStockStatus(
          ╵                               ~~~~~~~~~~~~~~~~~~~~~~~~~~~~~~~~~~~~~~

  Error occurs in the template of component BranchInventoryFormComponent.

    src/app/ui/view/branch/branch-inventory-form/branch-inventory-form.component.ts:26:15:
      26 │   templateUrl: './branch-inventory-form.component.html',
         ╵                ~~~~~~~~~~~~~~~~~~~~~~~~~~~~~~~~~~~~~~~~


✘ [ERROR] NG5002: Parser Error: Unexpected token ) at column 13 in [setTimeout(() => showProductDropdown = false, 200)] in /Users/eseoseodion/erp-sales/src/app/ui/view/branch/branch-inventory-form/branch-inventory-form.component.html@108:44 [plugin angular-compiler]

    src/app/ui/view/branch/branch-inventory-form/branch-inventory-form.component.html:301:48:
      301 │ ...                           {{ getStockStatusLabel(getStockStatus(
          ╵                               ~~~~~~~~~~~~~~~~~~~~~~~~~~~~~~~~~~~~~~

  Error occurs in the template of component BranchInventoryFormComponent.

    src/app/ui/view/branch/branch-inventory-form/branch-inventory-form.component.ts:26:15:
      26 │   templateUrl: './branch-inventory-form.component.html',
         ╵                ~~~~~~~~~~~~~~~~~~~~~~~~~~~~~~~~~~~~~~~~


✘ [ERROR] NG5: Argument of type 'string' is not assignable to parameter of type '"LOW" | "CRITICAL" | "NORMAL" | "OVERSTOCK"'. [plugin angular-compiler]

    src/app/ui/view/branch/branch-inventory-form/branch-inventory-form.component.html:301:71:
      301 │ ...                           {{ getStockStatusLabel(getStockStatus(
          ╵                                                      ~~~~~~~~~~~~~~

  Error occurs in the template of component BranchInventoryFormComponent.

    src/app/ui/view/branch/branch-inventory-form/branch-inventory-form.component.ts:26:15:
      26 │   templateUrl: './branch-inventory-form.component.html',
         ╵                ~~~~~~~~~~~~~~~~~~~~~~~~~~~~~~~~~~~~~~~~


✘ [ERROR] NG9: Property 'parseInt' does not exist on type 'BranchInventoryFormComponent'. [plugin angular-compiler]

    src/app/ui/view/branch/branch-inventory-form/branch-inventory-form.component.html:302:48:
      302 │ ...                           parseInt(inventoryForm.get('quantit...
          ╵                               ~~~~~~~~

  Error occurs in the template of component BranchInventoryFormComponent.

    src/app/ui/view/branch/branch-inventory-form/branch-inventory-form.component.ts:26:15:
      26 │   templateUrl: './branch-inventory-form.component.html',
         ╵                ~~~~~~~~~~~~~~~~~~~~~~~~~~~~~~~~~~~~~~~~


✘ [ERROR] NG9: Property 'parseInt' does not exist on type 'BranchInventoryFormComponent'. [plugin angular-compiler]

    src/app/ui/view/branch/branch-inventory-form/branch-inventory-form.component.html:303:48:
      303 │ ...                           parseInt(inventoryForm.get('reorder...
          ╵                               ~~~~~~~~

  Error occurs in the template of component BranchInventoryFormComponent.

    src/app/ui/view/branch/branch-inventory-form/branch-inventory-form.component.ts:26:15:
      26 │   templateUrl: './branch-inventory-form.component.html',
         ╵                ~~~~~~~~~~~~~~~~~~~~~~~~~~~~~~~~~~~~~~~~


✘ [ERROR] NG9: Property 'parseInt' does not exist on type 'BranchInventoryFormComponent'. [plugin angular-compiler]

    src/app/ui/view/branch/branch-inventory-form/branch-inventory-form.component.html:304:48:
      304 │ ...                           parseInt(inventoryForm.get('safetyS...
          ╵                               ~~~~~~~~

  Error occurs in the template of component BranchInventoryFormComponent.

    src/app/ui/view/branch/branch-inventory-form/branch-inventory-form.component.ts:26:15:
      26 │   templateUrl: './branch-inventory-form.component.html',
         ╵                ~~~~~~~~~~~~~~~~~~~~~~~~~~~~~~~~~~~~~~~~


✘ [ERROR] NG5002: Parser Error: Missing expected ) at column 15 in [setTimeout(() => showProductDropdown = false, 200)] in /Users/eseoseodion/erp-sales/src/app/ui/view/branch/branch-inventory-form/branch-inventory-form.component.html@108:44 [plugin angular-compiler]

    src/app/ui/view/branch/branch-inventory-form/branch-inventory-form.component.html:316:77:
      316 │ ...  <button type="button" class="btn-secondary" (click)="cancel()">
          ╵                                                           ~~~~~~~~

  Error occurs in the template of component BranchInventoryFormComponent.

    src/app/ui/view/branch/branch-inventory-form/branch-inventory-form.component.ts:26:15:
      26 │   templateUrl: './branch-inventory-form.component.html',
         ╵                ~~~~~~~~~~~~~~~~~~~~~~~~~~~~~~~~~~~~~~~~


✘ [ERROR] NG5002: Parser Error: Unexpected token ')' at column 50 in [setTimeout(() => showProductDropdown = false, 200)] in /Users/eseoseodion/erp-sales/src/app/ui/view/branch/branch-inventory-form/branch-inventory-form.component.html@108:44 [plugin angular-compiler]

    src/app/ui/view/branch/branch-inventory-form/branch-inventory-form.component.html:316:77:
      316 │ ...  <button type="button" class="btn-secondary" (click)="cancel()">
          ╵                                                           ~~~~~~~~

  Error occurs in the template of component BranchInventoryFormComponent.

    src/app/ui/view/branch/branch-inventory-form/branch-inventory-form.component.ts:26:15:
      26 │   templateUrl: './branch-inventory-form.component.html',
         ╵                ~~~~~~~~~~~~~~~~~~~~~~~~~~~~~~~~~~~~~~~~


✘ [ERROR] NG5002: Parser Error: Unexpected token ) at column 13 in [setTimeout(() => showProductDropdown = false, 200)] in /Users/eseoseodion/erp-sales/src/app/ui/view/branch/branch-inventory-form/branch-inventory-form.component.html@108:44 [plugin angular-compiler]

    src/app/ui/view/branch/branch-inventory-form/branch-inventory-form.component.html:316:77:
      316 │ ...  <button type="button" class="btn-secondary" (click)="cancel()">
          ╵                                                           ~~~~~~~~

  Error occurs in the template of component BranchInventoryFormComponent.

    src/app/ui/view/branch/branch-inventory-form/branch-inventory-form.component.ts:26:15:
      26 │   templateUrl: './branch-inventory-form.component.html',
         ╵                ~~~~~~~~~~~~~~~~~~~~~~~~~~~~~~~~~~~~~~~~


✘ [ERROR] NG5002: Parser Error: Missing expected ) at column 15 in [setTimeout(() => showProductDropdown = false, 200)] in /Users/eseoseodion/erp-sales/src/app/ui/view/branch/branch-inventory-form/branch-inventory-form.component.html@108:44 [plugin angular-compiler]

    src/app/ui/view/branch/branch-inventory-form/branch-inventory-form.component.html:319:68:
      319 │ ...lass="btn-secondary" *ngIf="currentStep > 1 && mode === 'create'"
          ╵                         ~~~~~~~~~~~~~~~~~~~~~~~~~~~~~~~~~~~~~~~~~~~~

  Error occurs in the template of component BranchInventoryFormComponent.

    src/app/ui/view/branch/branch-inventory-form/branch-inventory-form.component.ts:26:15:
      26 │   templateUrl: './branch-inventory-form.component.html',
         ╵                ~~~~~~~~~~~~~~~~~~~~~~~~~~~~~~~~~~~~~~~~


✘ [ERROR] NG5002: Parser Error: Unexpected token ')' at column 50 in [setTimeout(() => showProductDropdown = false, 200)] in /Users/eseoseodion/erp-sales/src/app/ui/view/branch/branch-inventory-form/branch-inventory-form.component.html@108:44 [plugin angular-compiler]

    src/app/ui/view/branch/branch-inventory-form/branch-inventory-form.component.html:319:68:
      319 │ ...lass="btn-secondary" *ngIf="currentStep > 1 && mode === 'create'"
          ╵                         ~~~~~~~~~~~~~~~~~~~~~~~~~~~~~~~~~~~~~~~~~~~~

  Error occurs in the template of component BranchInventoryFormComponent.

    src/app/ui/view/branch/branch-inventory-form/branch-inventory-form.component.ts:26:15:
      26 │   templateUrl: './branch-inventory-form.component.html',
         ╵                ~~~~~~~~~~~~~~~~~~~~~~~~~~~~~~~~~~~~~~~~


✘ [ERROR] NG5002: Parser Error: Unexpected token ) at column 13 in [setTimeout(() => showProductDropdown = false, 200)] in /Users/eseoseodion/erp-sales/src/app/ui/view/branch/branch-inventory-form/branch-inventory-form.component.html@108:44 [plugin angular-compiler]

    src/app/ui/view/branch/branch-inventory-form/branch-inventory-form.component.html:319:68:
      319 │ ...lass="btn-secondary" *ngIf="currentStep > 1 && mode === 'create'"
          ╵                         ~~~~~~~~~~~~~~~~~~~~~~~~~~~~~~~~~~~~~~~~~~~~

  Error occurs in the template of component BranchInventoryFormComponent.

    src/app/ui/view/branch/branch-inventory-form/branch-inventory-form.component.ts:26:15:
      26 │   templateUrl: './branch-inventory-form.component.html',
         ╵                ~~~~~~~~~~~~~~~~~~~~~~~~~~~~~~~~~~~~~~~~


✘ [ERROR] NG5002: Parser Error: Missing expected ) at column 15 in [setTimeout(() => showProductDropdown = false, 200)] in /Users/eseoseodion/erp-sales/src/app/ui/view/branch/branch-inventory-form/branch-inventory-form.component.html@108:44 [plugin angular-compiler]

    src/app/ui/view/branch/branch-inventory-form/branch-inventory-form.component.html:320:37:
      320 │                             (click)="prevStep()">
          ╵                                      ~~~~~~~~~~

  Error occurs in the template of component BranchInventoryFormComponent.

    src/app/ui/view/branch/branch-inventory-form/branch-inventory-form.component.ts:26:15:
      26 │   templateUrl: './branch-inventory-form.component.html',
         ╵                ~~~~~~~~~~~~~~~~~~~~~~~~~~~~~~~~~~~~~~~~


✘ [ERROR] NG5002: Parser Error: Unexpected token ')' at column 50 in [setTimeout(() => showProductDropdown = false, 200)] in /Users/eseoseodion/erp-sales/src/app/ui/view/branch/branch-inventory-form/branch-inventory-form.component.html@108:44 [plugin angular-compiler]

    src/app/ui/view/branch/branch-inventory-form/branch-inventory-form.component.html:320:37:
      320 │                             (click)="prevStep()">
          ╵                                      ~~~~~~~~~~

  Error occurs in the template of component BranchInventoryFormComponent.

    src/app/ui/view/branch/branch-inventory-form/branch-inventory-form.component.ts:26:15:
      26 │   templateUrl: './branch-inventory-form.component.html',
         ╵                ~~~~~~~~~~~~~~~~~~~~~~~~~~~~~~~~~~~~~~~~


✘ [ERROR] NG5002: Parser Error: Unexpected token ) at column 13 in [setTimeout(() => showProductDropdown = false, 200)] in /Users/eseoseodion/erp-sales/src/app/ui/view/branch/branch-inventory-form/branch-inventory-form.component.html@108:44 [plugin angular-compiler]

    src/app/ui/view/branch/branch-inventory-form/branch-inventory-form.component.html:320:37:
      320 │                             (click)="prevStep()">
          ╵                                      ~~~~~~~~~~

  Error occurs in the template of component BranchInventoryFormComponent.

    src/app/ui/view/branch/branch-inventory-form/branch-inventory-form.component.ts:26:15:
      26 │   templateUrl: './branch-inventory-form.component.html',
         ╵                ~~~~~~~~~~~~~~~~~~~~~~~~~~~~~~~~~~~~~~~~


✘ [ERROR] NG5002: Parser Error: Missing expected ) at column 15 in [setTimeout(() => showProductDropdown = false, 200)] in /Users/eseoseodion/erp-sales/src/app/ui/view/branch/branch-inventory-form/branch-inventory-form.component.html@108:44 [plugin angular-compiler]

    src/app/ui/view/branch/branch-inventory-form/branch-inventory-form.component.html:323:66:
      323 │ ... class="btn-primary" *ngIf="currentStep < 3 && mode === 'create'"
          ╵                         ~~~~~~~~~~~~~~~~~~~~~~~~~~~~~~~~~~~~~~~~~~~~

  Error occurs in the template of component BranchInventoryFormComponent.

    src/app/ui/view/branch/branch-inventory-form/branch-inventory-form.component.ts:26:15:
      26 │   templateUrl: './branch-inventory-form.component.html',
         ╵                ~~~~~~~~~~~~~~~~~~~~~~~~~~~~~~~~~~~~~~~~


✘ [ERROR] NG5002: Parser Error: Unexpected token ')' at column 50 in [setTimeout(() => showProductDropdown = false, 200)] in /Users/eseoseodion/erp-sales/src/app/ui/view/branch/branch-inventory-form/branch-inventory-form.component.html@108:44 [plugin angular-compiler]

    src/app/ui/view/branch/branch-inventory-form/branch-inventory-form.component.html:323:66:
      323 │ ... class="btn-primary" *ngIf="currentStep < 3 && mode === 'create'"
          ╵                         ~~~~~~~~~~~~~~~~~~~~~~~~~~~~~~~~~~~~~~~~~~~~

  Error occurs in the template of component BranchInventoryFormComponent.

    src/app/ui/view/branch/branch-inventory-form/branch-inventory-form.component.ts:26:15:
      26 │   templateUrl: './branch-inventory-form.component.html',
         ╵                ~~~~~~~~~~~~~~~~~~~~~~~~~~~~~~~~~~~~~~~~


✘ [ERROR] NG5002: Parser Error: Unexpected token ) at column 13 in [setTimeout(() => showProductDropdown = false, 200)] in /Users/eseoseodion/erp-sales/src/app/ui/view/branch/branch-inventory-form/branch-inventory-form.component.html@108:44 [plugin angular-compiler]

    src/app/ui/view/branch/branch-inventory-form/branch-inventory-form.component.html:323:66:
      323 │ ... class="btn-primary" *ngIf="currentStep < 3 && mode === 'create'"
          ╵                         ~~~~~~~~~~~~~~~~~~~~~~~~~~~~~~~~~~~~~~~~~~~~

  Error occurs in the template of component BranchInventoryFormComponent.

    src/app/ui/view/branch/branch-inventory-form/branch-inventory-form.component.ts:26:15:
      26 │   templateUrl: './branch-inventory-form.component.html',
         ╵                ~~~~~~~~~~~~~~~~~~~~~~~~~~~~~~~~~~~~~~~~


✘ [ERROR] NG5002: Parser Error: Missing expected ) at column 15 in [setTimeout(() => showProductDropdown = false, 200)] in /Users/eseoseodion/erp-sales/src/app/ui/view/branch/branch-inventory-form/branch-inventory-form.component.html@108:44 [plugin angular-compiler]

    src/app/ui/view/branch/branch-inventory-form/branch-inventory-form.component.html:324:37:
      324 │                             (click)="nextStep()">
          ╵                                      ~~~~~~~~~~

  Error occurs in the template of component BranchInventoryFormComponent.

    src/app/ui/view/branch/branch-inventory-form/branch-inventory-form.component.ts:26:15:
      26 │   templateUrl: './branch-inventory-form.component.html',
         ╵                ~~~~~~~~~~~~~~~~~~~~~~~~~~~~~~~~~~~~~~~~


✘ [ERROR] NG5002: Parser Error: Unexpected token ')' at column 50 in [setTimeout(() => showProductDropdown = false, 200)] in /Users/eseoseodion/erp-sales/src/app/ui/view/branch/branch-inventory-form/branch-inventory-form.component.html@108:44 [plugin angular-compiler]

    src/app/ui/view/branch/branch-inventory-form/branch-inventory-form.component.html:324:37:
      324 │                             (click)="nextStep()">
          ╵                                      ~~~~~~~~~~

  Error occurs in the template of component BranchInventoryFormComponent.

    src/app/ui/view/branch/branch-inventory-form/branch-inventory-form.component.ts:26:15:
      26 │   templateUrl: './branch-inventory-form.component.html',
         ╵                ~~~~~~~~~~~~~~~~~~~~~~~~~~~~~~~~~~~~~~~~


✘ [ERROR] NG5002: Parser Error: Unexpected token ) at column 13 in [setTimeout(() => showProductDropdown = false, 200)] in /Users/eseoseodion/erp-sales/src/app/ui/view/branch/branch-inventory-form/branch-inventory-form.component.html@108:44 [plugin angular-compiler]

    src/app/ui/view/branch/branch-inventory-form/branch-inventory-form.component.html:324:37:
      324 │                             (click)="nextStep()">
          ╵                                      ~~~~~~~~~~

  Error occurs in the template of component BranchInventoryFormComponent.

    src/app/ui/view/branch/branch-inventory-form/branch-inventory-form.component.ts:26:15:
      26 │   templateUrl: './branch-inventory-form.component.html',
         ╵                ~~~~~~~~~~~~~~~~~~~~~~~~~~~~~~~~~~~~~~~~


✘ [ERROR] NG5002: Parser Error: Missing expected ) at column 15 in [setTimeout(() => showProductDropdown = false, 200)] in /Users/eseoseodion/erp-sales/src/app/ui/view/branch/branch-inventory-form/branch-inventory-form.component.html@108:44 [plugin angular-compiler]

    src/app/ui/view/branch/branch-inventory-form/branch-inventory-form.component.html:327:75:
      327 │ ...tn-primary btn-save" *ngIf="currentStep === 3 || mode === 'edit'"
          ╵                         ~~~~~~~~~~~~~~~~~~~~~~~~~~~~~~~~~~~~~~~~~~~~

  Error occurs in the template of component BranchInventoryFormComponent.

    src/app/ui/view/branch/branch-inventory-form/branch-inventory-form.component.ts:26:15:
      26 │   templateUrl: './branch-inventory-form.component.html',
         ╵                ~~~~~~~~~~~~~~~~~~~~~~~~~~~~~~~~~~~~~~~~


✘ [ERROR] NG5002: Parser Error: Unexpected token ')' at column 50 in [setTimeout(() => showProductDropdown = false, 200)] in /Users/eseoseodion/erp-sales/src/app/ui/view/branch/branch-inventory-form/branch-inventory-form.component.html@108:44 [plugin angular-compiler]

    src/app/ui/view/branch/branch-inventory-form/branch-inventory-form.component.html:327:75:
      327 │ ...tn-primary btn-save" *ngIf="currentStep === 3 || mode === 'edit'"
          ╵                         ~~~~~~~~~~~~~~~~~~~~~~~~~~~~~~~~~~~~~~~~~~~~

  Error occurs in the template of component BranchInventoryFormComponent.

    src/app/ui/view/branch/branch-inventory-form/branch-inventory-form.component.ts:26:15:
      26 │   templateUrl: './branch-inventory-form.component.html',
         ╵                ~~~~~~~~~~~~~~~~~~~~~~~~~~~~~~~~~~~~~~~~


✘ [ERROR] NG5002: Parser Error: Unexpected token ) at column 13 in [setTimeout(() => showProductDropdown = false, 200)] in /Users/eseoseodion/erp-sales/src/app/ui/view/branch/branch-inventory-form/branch-inventory-form.component.html@108:44 [plugin angular-compiler]

    src/app/ui/view/branch/branch-inventory-form/branch-inventory-form.component.html:327:75:
      327 │ ...tn-primary btn-save" *ngIf="currentStep === 3 || mode === 'edit'"
          ╵                         ~~~~~~~~~~~~~~~~~~~~~~~~~~~~~~~~~~~~~~~~~~~~

  Error occurs in the template of component BranchInventoryFormComponent.

    src/app/ui/view/branch/branch-inventory-form/branch-inventory-form.component.ts:26:15:
      26 │   templateUrl: './branch-inventory-form.component.html',
         ╵                ~~~~~~~~~~~~~~~~~~~~~~~~~~~~~~~~~~~~~~~~


✘ [ERROR] NG5002: Parser Error: Missing expected ) at column 15 in [setTimeout(() => showProductDropdown = false, 200)] in /Users/eseoseodion/erp-sales/src/app/ui/view/branch/branch-inventory-form/branch-inventory-form.component.html@108:44 [plugin angular-compiler]

    src/app/ui/view/branch/branch-inventory-form/branch-inventory-form.component.html:328:40:
      328 │                             [disabled]="isSaving">
          ╵                                         ~~~~~~~~

  Error occurs in the template of component BranchInventoryFormComponent.

    src/app/ui/view/branch/branch-inventory-form/branch-inventory-form.component.ts:26:15:
      26 │   templateUrl: './branch-inventory-form.component.html',
         ╵                ~~~~~~~~~~~~~~~~~~~~~~~~~~~~~~~~~~~~~~~~


✘ [ERROR] NG5002: Parser Error: Unexpected token ')' at column 50 in [setTimeout(() => showProductDropdown = false, 200)] in /Users/eseoseodion/erp-sales/src/app/ui/view/branch/branch-inventory-form/branch-inventory-form.component.html@108:44 [plugin angular-compiler]

    src/app/ui/view/branch/branch-inventory-form/branch-inventory-form.component.html:328:40:
      328 │                             [disabled]="isSaving">
          ╵                                         ~~~~~~~~

  Error occurs in the template of component BranchInventoryFormComponent.

    src/app/ui/view/branch/branch-inventory-form/branch-inventory-form.component.ts:26:15:
      26 │   templateUrl: './branch-inventory-form.component.html',
         ╵                ~~~~~~~~~~~~~~~~~~~~~~~~~~~~~~~~~~~~~~~~


✘ [ERROR] NG5002: Parser Error: Unexpected token ) at column 13 in [setTimeout(() => showProductDropdown = false, 200)] in /Users/eseoseodion/erp-sales/src/app/ui/view/branch/branch-inventory-form/branch-inventory-form.component.html@108:44 [plugin angular-compiler]

    src/app/ui/view/branch/branch-inventory-form/branch-inventory-form.component.html:328:40:
      328 │                             [disabled]="isSaving">
          ╵                                         ~~~~~~~~

  Error occurs in the template of component BranchInventoryFormComponent.

    src/app/ui/view/branch/branch-inventory-form/branch-inventory-form.component.ts:26:15:
      26 │   templateUrl: './branch-inventory-form.component.html',
         ╵                ~~~~~~~~~~~~~~~~~~~~~~~~~~~~~~~~~~~~~~~~


✘ [ERROR] NG5002: Parser Error: Missing expected ) at column 15 in [setTimeout(() => showProductDropdown = false, 200)] in /Users/eseoseodion/erp-sales/src/app/ui/view/branch/branch-inventory-form/branch-inventory-form.component.html@108:44 [plugin angular-compiler]

    src/app/ui/view/branch/branch-inventory-form/branch-inventory-form.component.html:329:63:
      329 │ ...s="fas" [class.fa-spinner]="isSaving" [class.fa-save]="!isSaving"
          ╵                                ~~~~~~~~

  Error occurs in the template of component BranchInventoryFormComponent.

    src/app/ui/view/branch/branch-inventory-form/branch-inventory-form.component.ts:26:15:
      26 │   templateUrl: './branch-inventory-form.component.html',
         ╵                ~~~~~~~~~~~~~~~~~~~~~~~~~~~~~~~~~~~~~~~~


✘ [ERROR] NG5002: Parser Error: Unexpected token ')' at column 50 in [setTimeout(() => showProductDropdown = false, 200)] in /Users/eseoseodion/erp-sales/src/app/ui/view/branch/branch-inventory-form/branch-inventory-form.component.html@108:44 [plugin angular-compiler]

    src/app/ui/view/branch/branch-inventory-form/branch-inventory-form.component.html:329:63:
      329 │ ...s="fas" [class.fa-spinner]="isSaving" [class.fa-save]="!isSaving"
          ╵                                ~~~~~~~~

  Error occurs in the template of component BranchInventoryFormComponent.

    src/app/ui/view/branch/branch-inventory-form/branch-inventory-form.component.ts:26:15:
      26 │   templateUrl: './branch-inventory-form.component.html',
         ╵                ~~~~~~~~~~~~~~~~~~~~~~~~~~~~~~~~~~~~~~~~


✘ [ERROR] NG5002: Parser Error: Unexpected token ) at column 13 in [setTimeout(() => showProductDropdown = false, 200)] in /Users/eseoseodion/erp-sales/src/app/ui/view/branch/branch-inventory-form/branch-inventory-form.component.html@108:44 [plugin angular-compiler]

    src/app/ui/view/branch/branch-inventory-form/branch-inventory-form.component.html:329:63:
      329 │ ...s="fas" [class.fa-spinner]="isSaving" [class.fa-save]="!isSaving"
          ╵                                ~~~~~~~~

  Error occurs in the template of component BranchInventoryFormComponent.

    src/app/ui/view/branch/branch-inventory-form/branch-inventory-form.component.ts:26:15:
      26 │   templateUrl: './branch-inventory-form.component.html',
         ╵                ~~~~~~~~~~~~~~~~~~~~~~~~~~~~~~~~~~~~~~~~


✘ [ERROR] NG5002: Parser Error: Missing expected ) at column 15 in [setTimeout(() => showProductDropdown = false, 200)] in /Users/eseoseodion/erp-sales/src/app/ui/view/branch/branch-inventory-form/branch-inventory-form.component.html@108:44 [plugin angular-compiler]

    src/app/ui/view/branch/branch-inventory-form/branch-inventory-form.component.html:329:90:
      329 │ ...s="fas" [class.fa-spinner]="isSaving" [class.fa-save]="!isSaving"
          ╵                                                           ~~~~~~~~~

  Error occurs in the template of component BranchInventoryFormComponent.

    src/app/ui/view/branch/branch-inventory-form/branch-inventory-form.component.ts:26:15:
      26 │   templateUrl: './branch-inventory-form.component.html',
         ╵                ~~~~~~~~~~~~~~~~~~~~~~~~~~~~~~~~~~~~~~~~


✘ [ERROR] NG5002: Parser Error: Unexpected token ')' at column 50 in [setTimeout(() => showProductDropdown = false, 200)] in /Users/eseoseodion/erp-sales/src/app/ui/view/branch/branch-inventory-form/branch-inventory-form.component.html@108:44 [plugin angular-compiler]

    src/app/ui/view/branch/branch-inventory-form/branch-inventory-form.component.html:329:90:
      329 │ ...s="fas" [class.fa-spinner]="isSaving" [class.fa-save]="!isSaving"
          ╵                                                           ~~~~~~~~~

  Error occurs in the template of component BranchInventoryFormComponent.

    src/app/ui/view/branch/branch-inventory-form/branch-inventory-form.component.ts:26:15:
      26 │   templateUrl: './branch-inventory-form.component.html',
         ╵                ~~~~~~~~~~~~~~~~~~~~~~~~~~~~~~~~~~~~~~~~


✘ [ERROR] NG5002: Parser Error: Unexpected token ) at column 13 in [setTimeout(() => showProductDropdown = false, 200)] in /Users/eseoseodion/erp-sales/src/app/ui/view/branch/branch-inventory-form/branch-inventory-form.component.html@108:44 [plugin angular-compiler]

    src/app/ui/view/branch/branch-inventory-form/branch-inventory-form.component.html:329:90:
      329 │ ...s="fas" [class.fa-spinner]="isSaving" [class.fa-save]="!isSaving"
          ╵                                                           ~~~~~~~~~

  Error occurs in the template of component BranchInventoryFormComponent.

    src/app/ui/view/branch/branch-inventory-form/branch-inventory-form.component.ts:26:15:
      26 │   templateUrl: './branch-inventory-form.component.html',
         ╵                ~~~~~~~~~~~~~~~~~~~~~~~~~~~~~~~~~~~~~~~~


✘ [ERROR] NG5002: Parser Error: Missing expected ) at column 15 in [setTimeout(() => showProductDropdown = false, 200)] in /Users/eseoseodion/erp-sales/src/app/ui/view/branch/branch-inventory-form/branch-inventory-form.component.html@108:44 [plugin angular-compiler]

    src/app/ui/view/branch/branch-inventory-form/branch-inventory-form.component.html:330:49:
      330 │                                 [class.fa-spin]="isSaving"></i>
          ╵                                                  ~~~~~~~~

  Error occurs in the template of component BranchInventoryFormComponent.

    src/app/ui/view/branch/branch-inventory-form/branch-inventory-form.component.ts:26:15:
      26 │   templateUrl: './branch-inventory-form.component.html',
         ╵                ~~~~~~~~~~~~~~~~~~~~~~~~~~~~~~~~~~~~~~~~


✘ [ERROR] NG5002: Parser Error: Unexpected token ')' at column 50 in [setTimeout(() => showProductDropdown = false, 200)] in /Users/eseoseodion/erp-sales/src/app/ui/view/branch/branch-inventory-form/branch-inventory-form.component.html@108:44 [plugin angular-compiler]

    src/app/ui/view/branch/branch-inventory-form/branch-inventory-form.component.html:330:49:
      330 │                                 [class.fa-spin]="isSaving"></i>
          ╵                                                  ~~~~~~~~

  Error occurs in the template of component BranchInventoryFormComponent.

    src/app/ui/view/branch/branch-inventory-form/branch-inventory-form.component.ts:26:15:
      26 │   templateUrl: './branch-inventory-form.component.html',
         ╵                ~~~~~~~~~~~~~~~~~~~~~~~~~~~~~~~~~~~~~~~~


✘ [ERROR] NG5002: Parser Error: Unexpected token ) at column 13 in [setTimeout(() => showProductDropdown = false, 200)] in /Users/eseoseodion/erp-sales/src/app/ui/view/branch/branch-inventory-form/branch-inventory-form.component.html@108:44 [plugin angular-compiler]

    src/app/ui/view/branch/branch-inventory-form/branch-inventory-form.component.html:330:49:
      330 │                                 [class.fa-spin]="isSaving"></i>
          ╵                                                  ~~~~~~~~

  Error occurs in the template of component BranchInventoryFormComponent.

    src/app/ui/view/branch/branch-inventory-form/branch-inventory-form.component.ts:26:15:
      26 │   templateUrl: './branch-inventory-form.component.html',
         ╵                ~~~~~~~~~~~~~~~~~~~~~~~~~~~~~~~~~~~~~~~~


✘ [ERROR] NG5002: Parser Error: Missing expected ) at column 15 in [setTimeout(() => showProductDropdown = false, 200)] in /Users/eseoseodion/erp-sales/src/app/ui/view/branch/branch-inventory-form/branch-inventory-form.component.html@108:44 [plugin angular-compiler]

    src/app/ui/view/branch/branch-inventory-form/branch-inventory-form.component.html:331:28:
      331 │ ...                  {{ isSaving ? 'Saving...' : 'Save Inventory' }}
          ╵                      ~~~~~~~~~~~~~~~~~~~~~~~~~~~~~~~~~~~~~~~~~~~~~~~

  Error occurs in the template of component BranchInventoryFormComponent.

    src/app/ui/view/branch/branch-inventory-form/branch-inventory-form.component.ts:26:15:
      26 │   templateUrl: './branch-inventory-form.component.html',
         ╵                ~~~~~~~~~~~~~~~~~~~~~~~~~~~~~~~~~~~~~~~~


✘ [ERROR] NG5002: Parser Error: Unexpected token ')' at column 50 in [setTimeout(() => showProductDropdown = false, 200)] in /Users/eseoseodion/erp-sales/src/app/ui/view/branch/branch-inventory-form/branch-inventory-form.component.html@108:44 [plugin angular-compiler]

    src/app/ui/view/branch/branch-inventory-form/branch-inventory-form.component.html:331:28:
      331 │ ...                  {{ isSaving ? 'Saving...' : 'Save Inventory' }}
          ╵                      ~~~~~~~~~~~~~~~~~~~~~~~~~~~~~~~~~~~~~~~~~~~~~~~

  Error occurs in the template of component BranchInventoryFormComponent.

    src/app/ui/view/branch/branch-inventory-form/branch-inventory-form.component.ts:26:15:
      26 │   templateUrl: './branch-inventory-form.component.html',
         ╵                ~~~~~~~~~~~~~~~~~~~~~~~~~~~~~~~~~~~~~~~~


✘ [ERROR] NG5002: Parser Error: Unexpected token ) at column 13 in [setTimeout(() => showProductDropdown = false, 200)] in /Users/eseoseodion/erp-sales/src/app/ui/view/branch/branch-inventory-form/branch-inventory-form.component.html@108:44 [plugin angular-compiler]

    src/app/ui/view/branch/branch-inventory-form/branch-inventory-form.component.html:331:28:
      331 │ ...                  {{ isSaving ? 'Saving...' : 'Save Inventory' }}
          ╵                      ~~~~~~~~~~~~~~~~~~~~~~~~~~~~~~~~~~~~~~~~~~~~~~~

  Error occurs in the template of component BranchInventoryFormComponent.

    src/app/ui/view/branch/branch-inventory-form/branch-inventory-form.component.ts:26:15:
      26 │   templateUrl: './branch-inventory-form.component.html',
         ╵                ~~~~~~~~~~~~~~~~~~~~~~~~~~~~~~~~~~~~~~~~


✘ [ERROR] NG5002: Parser Error: Missing expected ) at column 15 in [setTimeout(() => showProductDropdown = false, 200)] in /Users/eseoseodion/erp-sales/src/app/ui/view/branch/branch-inventory-form/branch-inventory-form.component.html@108:44 [plugin angular-compiler]

    src/app/ui/view/branch/branch-inventory-form/branch-inventory-form.component.html:339:17:
      339 │             <div *ngIf="mode === 'batch'" class="form-container">
          ╵                  ~~~~~~~~~~~~~~~~~~~~~~~~

  Error occurs in the template of component BranchInventoryFormComponent.

    src/app/ui/view/branch/branch-inventory-form/branch-inventory-form.component.ts:26:15:
      26 │   templateUrl: './branch-inventory-form.component.html',
         ╵                ~~~~~~~~~~~~~~~~~~~~~~~~~~~~~~~~~~~~~~~~


✘ [ERROR] NG5002: Parser Error: Unexpected token ')' at column 50 in [setTimeout(() => showProductDropdown = false, 200)] in /Users/eseoseodion/erp-sales/src/app/ui/view/branch/branch-inventory-form/branch-inventory-form.component.html@108:44 [plugin angular-compiler]

    src/app/ui/view/branch/branch-inventory-form/branch-inventory-form.component.html:339:17:
      339 │             <div *ngIf="mode === 'batch'" class="form-container">
          ╵                  ~~~~~~~~~~~~~~~~~~~~~~~~

  Error occurs in the template of component BranchInventoryFormComponent.

    src/app/ui/view/branch/branch-inventory-form/branch-inventory-form.component.ts:26:15:
      26 │   templateUrl: './branch-inventory-form.component.html',
         ╵                ~~~~~~~~~~~~~~~~~~~~~~~~~~~~~~~~~~~~~~~~


✘ [ERROR] NG5002: Parser Error: Unexpected token ) at column 13 in [setTimeout(() => showProductDropdown = false, 200)] in /Users/eseoseodion/erp-sales/src/app/ui/view/branch/branch-inventory-form/branch-inventory-form.component.html@108:44 [plugin angular-compiler]

    src/app/ui/view/branch/branch-inventory-form/branch-inventory-form.component.html:339:17:
      339 │             <div *ngIf="mode === 'batch'" class="form-container">
          ╵                  ~~~~~~~~~~~~~~~~~~~~~~~~

  Error occurs in the template of component BranchInventoryFormComponent.

    src/app/ui/view/branch/branch-inventory-form/branch-inventory-form.component.ts:26:15:
      26 │   templateUrl: './branch-inventory-form.component.html',
         ╵                ~~~~~~~~~~~~~~~~~~~~~~~~~~~~~~~~~~~~~~~~


✘ [ERROR] NG5002: Parser Error: Missing expected ) at column 15 in [setTimeout(() => showProductDropdown = false, 200)] in /Users/eseoseodion/erp-sales/src/app/ui/view/branch/branch-inventory-form/branch-inventory-form.component.html@108:44 [plugin angular-compiler]

    src/app/ui/view/branch/branch-inventory-form/branch-inventory-form.component.html:343:79:
      343 │ ...n type="button" class="btn-add-product" (click)="addBatchItem()">
          ╵                                                     ~~~~~~~~~~~~~~

  Error occurs in the template of component BranchInventoryFormComponent.

    src/app/ui/view/branch/branch-inventory-form/branch-inventory-form.component.ts:26:15:
      26 │   templateUrl: './branch-inventory-form.component.html',
         ╵                ~~~~~~~~~~~~~~~~~~~~~~~~~~~~~~~~~~~~~~~~


✘ [ERROR] NG5002: Parser Error: Unexpected token ')' at column 50 in [setTimeout(() => showProductDropdown = false, 200)] in /Users/eseoseodion/erp-sales/src/app/ui/view/branch/branch-inventory-form/branch-inventory-form.component.html@108:44 [plugin angular-compiler]

    src/app/ui/view/branch/branch-inventory-form/branch-inventory-form.component.html:343:79:
      343 │ ...n type="button" class="btn-add-product" (click)="addBatchItem()">
          ╵                                                     ~~~~~~~~~~~~~~

  Error occurs in the template of component BranchInventoryFormComponent.

    src/app/ui/view/branch/branch-inventory-form/branch-inventory-form.component.ts:26:15:
      26 │   templateUrl: './branch-inventory-form.component.html',
         ╵                ~~~~~~~~~~~~~~~~~~~~~~~~~~~~~~~~~~~~~~~~


✘ [ERROR] NG5002: Parser Error: Unexpected token ) at column 13 in [setTimeout(() => showProductDropdown = false, 200)] in /Users/eseoseodion/erp-sales/src/app/ui/view/branch/branch-inventory-form/branch-inventory-form.component.html@108:44 [plugin angular-compiler]

    src/app/ui/view/branch/branch-inventory-form/branch-inventory-form.component.html:343:79:
      343 │ ...n type="button" class="btn-add-product" (click)="addBatchItem()">
          ╵                                                     ~~~~~~~~~~~~~~

  Error occurs in the template of component BranchInventoryFormComponent.

    src/app/ui/view/branch/branch-inventory-form/branch-inventory-form.component.ts:26:15:
      26 │   templateUrl: './branch-inventory-form.component.html',
         ╵                ~~~~~~~~~~~~~~~~~~~~~~~~~~~~~~~~~~~~~~~~


✘ [ERROR] NG5002: Parser Error: Missing expected ) at column 15 in [setTimeout(() => showProductDropdown = false, 200)] in /Users/eseoseodion/erp-sales/src/app/ui/view/branch/branch-inventory-form/branch-inventory-form.component.html@108:44 [plugin angular-compiler]

    src/app/ui/view/branch/branch-inventory-form/branch-inventory-form.component.html:349:29:
      349 │ ...     <div *ngFor="let item of batchItemsArray.controls; let i ...
          ╵              ~~~~~~~~~~~~~~~~~~~~~~~~~~~~~~~~~~~~~~~~~~~~~~~~~~~~

  Error occurs in the template of component BranchInventoryFormComponent.

    src/app/ui/view/branch/branch-inventory-form/branch-inventory-form.component.ts:26:15:
      26 │   templateUrl: './branch-inventory-form.component.html',
         ╵                ~~~~~~~~~~~~~~~~~~~~~~~~~~~~~~~~~~~~~~~~


✘ [ERROR] NG5002: Parser Error: Unexpected token ')' at column 50 in [setTimeout(() => showProductDropdown = false, 200)] in /Users/eseoseodion/erp-sales/src/app/ui/view/branch/branch-inventory-form/branch-inventory-form.component.html@108:44 [plugin angular-compiler]

    src/app/ui/view/branch/branch-inventory-form/branch-inventory-form.component.html:349:29:
      349 │ ...     <div *ngFor="let item of batchItemsArray.controls; let i ...
          ╵              ~~~~~~~~~~~~~~~~~~~~~~~~~~~~~~~~~~~~~~~~~~~~~~~~~~~~

  Error occurs in the template of component BranchInventoryFormComponent.

    src/app/ui/view/branch/branch-inventory-form/branch-inventory-form.component.ts:26:15:
      26 │   templateUrl: './branch-inventory-form.component.html',
         ╵                ~~~~~~~~~~~~~~~~~~~~~~~~~~~~~~~~~~~~~~~~


✘ [ERROR] NG5002: Parser Error: Unexpected token ) at column 13 in [setTimeout(() => showProductDropdown = false, 200)] in /Users/eseoseodion/erp-sales/src/app/ui/view/branch/branch-inventory-form/branch-inventory-form.component.html@108:44 [plugin angular-compiler]

    src/app/ui/view/branch/branch-inventory-form/branch-inventory-form.component.html:349:29:
      349 │ ...     <div *ngFor="let item of batchItemsArray.controls; let i ...
          ╵              ~~~~~~~~~~~~~~~~~~~~~~~~~~~~~~~~~~~~~~~~~~~~~~~~~~~~

  Error occurs in the template of component BranchInventoryFormComponent.

    src/app/ui/view/branch/branch-inventory-form/branch-inventory-form.component.ts:26:15:
      26 │   templateUrl: './branch-inventory-form.component.html',
         ╵                ~~~~~~~~~~~~~~~~~~~~~~~~~~~~~~~~~~~~~~~~


✘ [ERROR] NG0: Type 'AbstractControl<any, any>' is missing the following properties from type 'FormGroup<any>': controls, registerControl, addControl, removeControl, and 2 more. [plugin angular-compiler]

    src/app/ui/view/branch/branch-inventory-form/branch-inventory-form.component.html:350:29:
      350 │                             [formGroup]="item">
          ╵                              ~~~~~~~~~

  Error occurs in the template of component BranchInventoryFormComponent.

    src/app/ui/view/branch/branch-inventory-form/branch-inventory-form.component.ts:26:15:
      26 │   templateUrl: './branch-inventory-form.component.html',
         ╵                ~~~~~~~~~~~~~~~~~~~~~~~~~~~~~~~~~~~~~~~~


✘ [ERROR] NG5002: Parser Error: Missing expected ) at column 15 in [setTimeout(() => showProductDropdown = false, 200)] in /Users/eseoseodion/erp-sales/src/app/ui/view/branch/branch-inventory-form/branch-inventory-form.component.html@108:44 [plugin angular-compiler]

    src/app/ui/view/branch/branch-inventory-form/branch-inventory-form.component.html:350:41:
      350 │                             [formGroup]="item">
          ╵                                          ~~~~

  Error occurs in the template of component BranchInventoryFormComponent.

    src/app/ui/view/branch/branch-inventory-form/branch-inventory-form.component.ts:26:15:
      26 │   templateUrl: './branch-inventory-form.component.html',
         ╵                ~~~~~~~~~~~~~~~~~~~~~~~~~~~~~~~~~~~~~~~~


✘ [ERROR] NG5002: Parser Error: Unexpected token ')' at column 50 in [setTimeout(() => showProductDropdown = false, 200)] in /Users/eseoseodion/erp-sales/src/app/ui/view/branch/branch-inventory-form/branch-inventory-form.component.html@108:44 [plugin angular-compiler]

    src/app/ui/view/branch/branch-inventory-form/branch-inventory-form.component.html:350:41:
      350 │                             [formGroup]="item">
          ╵                                          ~~~~

  Error occurs in the template of component BranchInventoryFormComponent.

    src/app/ui/view/branch/branch-inventory-form/branch-inventory-form.component.ts:26:15:
      26 │   templateUrl: './branch-inventory-form.component.html',
         ╵                ~~~~~~~~~~~~~~~~~~~~~~~~~~~~~~~~~~~~~~~~


✘ [ERROR] NG5002: Parser Error: Unexpected token ) at column 13 in [setTimeout(() => showProductDropdown = false, 200)] in /Users/eseoseodion/erp-sales/src/app/ui/view/branch/branch-inventory-form/branch-inventory-form.component.html@108:44 [plugin angular-compiler]

    src/app/ui/view/branch/branch-inventory-form/branch-inventory-form.component.html:350:41:
      350 │                             [formGroup]="item">
          ╵                                          ~~~~

  Error occurs in the template of component BranchInventoryFormComponent.

    src/app/ui/view/branch/branch-inventory-form/branch-inventory-form.component.ts:26:15:
      26 │   templateUrl: './branch-inventory-form.component.html',
         ╵                ~~~~~~~~~~~~~~~~~~~~~~~~~~~~~~~~~~~~~~~~


✘ [ERROR] NG5002: Parser Error: Missing expected ) at column 15 in [setTimeout(() => showProductDropdown = false, 200)] in /Users/eseoseodion/erp-sales/src/app/ui/view/branch/branch-inventory-form/branch-inventory-form.component.html@108:44 [plugin angular-compiler]

    src/app/ui/view/branch/branch-inventory-form/branch-inventory-form.component.html:352:64:
      352 │ ...              <span class="batch-item-number">#{{ i + 1 }}</span>
          ╵                                                  ~~~~~~~~~~~~

  Error occurs in the template of component BranchInventoryFormComponent.

    src/app/ui/view/branch/branch-inventory-form/branch-inventory-form.component.ts:26:15:
      26 │   templateUrl: './branch-inventory-form.component.html',
         ╵                ~~~~~~~~~~~~~~~~~~~~~~~~~~~~~~~~~~~~~~~~


✘ [ERROR] NG5002: Parser Error: Unexpected token ')' at column 50 in [setTimeout(() => showProductDropdown = false, 200)] in /Users/eseoseodion/erp-sales/src/app/ui/view/branch/branch-inventory-form/branch-inventory-form.component.html@108:44 [plugin angular-compiler]

    src/app/ui/view/branch/branch-inventory-form/branch-inventory-form.component.html:352:64:
      352 │ ...              <span class="batch-item-number">#{{ i + 1 }}</span>
          ╵                                                  ~~~~~~~~~~~~

  Error occurs in the template of component BranchInventoryFormComponent.

    src/app/ui/view/branch/branch-inventory-form/branch-inventory-form.component.ts:26:15:
      26 │   templateUrl: './branch-inventory-form.component.html',
         ╵                ~~~~~~~~~~~~~~~~~~~~~~~~~~~~~~~~~~~~~~~~


✘ [ERROR] NG5002: Parser Error: Unexpected token ) at column 13 in [setTimeout(() => showProductDropdown = false, 200)] in /Users/eseoseodion/erp-sales/src/app/ui/view/branch/branch-inventory-form/branch-inventory-form.component.html@108:44 [plugin angular-compiler]

    src/app/ui/view/branch/branch-inventory-form/branch-inventory-form.component.html:352:64:
      352 │ ...              <span class="batch-item-number">#{{ i + 1 }}</span>
          ╵                                                  ~~~~~~~~~~~~

  Error occurs in the template of component BranchInventoryFormComponent.

    src/app/ui/view/branch/branch-inventory-form/branch-inventory-form.component.ts:26:15:
      26 │   templateUrl: './branch-inventory-form.component.html',
         ╵                ~~~~~~~~~~~~~~~~~~~~~~~~~~~~~~~~~~~~~~~~


✘ [ERROR] NG5002: Parser Error: Missing expected ) at column 15 in [setTimeout(() => showProductDropdown = false, 200)] in /Users/eseoseodion/erp-sales/src/app/ui/view/branch/branch-inventory-form/branch-inventory-form.component.html@108:44 [plugin angular-compiler]

    src/app/ui/view/branch/branch-inventory-form/branch-inventory-form.component.html:353:87:
      353 │ ...pe="button" class="btn-remove-item" (click)="removeBatchItem(i)">
          ╵                                                 ~~~~~~~~~~~~~~~~~~

  Error occurs in the template of component BranchInventoryFormComponent.

    src/app/ui/view/branch/branch-inventory-form/branch-inventory-form.component.ts:26:15:
      26 │   templateUrl: './branch-inventory-form.component.html',
         ╵                ~~~~~~~~~~~~~~~~~~~~~~~~~~~~~~~~~~~~~~~~


✘ [ERROR] NG5002: Parser Error: Unexpected token ')' at column 50 in [setTimeout(() => showProductDropdown = false, 200)] in /Users/eseoseodion/erp-sales/src/app/ui/view/branch/branch-inventory-form/branch-inventory-form.component.html@108:44 [plugin angular-compiler]

    src/app/ui/view/branch/branch-inventory-form/branch-inventory-form.component.html:353:87:
      353 │ ...pe="button" class="btn-remove-item" (click)="removeBatchItem(i)">
          ╵                                                 ~~~~~~~~~~~~~~~~~~

  Error occurs in the template of component BranchInventoryFormComponent.

    src/app/ui/view/branch/branch-inventory-form/branch-inventory-form.component.ts:26:15:
      26 │   templateUrl: './branch-inventory-form.component.html',
         ╵                ~~~~~~~~~~~~~~~~~~~~~~~~~~~~~~~~~~~~~~~~


✘ [ERROR] NG5002: Parser Error: Unexpected token ) at column 13 in [setTimeout(() => showProductDropdown = false, 200)] in /Users/eseoseodion/erp-sales/src/app/ui/view/branch/branch-inventory-form/branch-inventory-form.component.html@108:44 [plugin angular-compiler]

    src/app/ui/view/branch/branch-inventory-form/branch-inventory-form.component.html:353:87:
      353 │ ...pe="button" class="btn-remove-item" (click)="removeBatchItem(i)">
          ╵                                                 ~~~~~~~~~~~~~~~~~~

  Error occurs in the template of component BranchInventoryFormComponent.

    src/app/ui/view/branch/branch-inventory-form/branch-inventory-form.component.ts:26:15:
      26 │   templateUrl: './branch-inventory-form.component.html',
         ╵                ~~~~~~~~~~~~~~~~~~~~~~~~~~~~~~~~~~~~~~~~


✘ [ERROR] NG5002: Parser Error: Missing expected ) at column 15 in [setTimeout(() => showProductDropdown = false, 200)] in /Users/eseoseodion/erp-sales/src/app/ui/view/branch/branch-inventory-form/branch-inventory-form.component.html@108:44 [plugin angular-compiler]

    src/app/ui/view/branch/branch-inventory-form/branch-inventory-form.component.html:360:50:
      360 │ ...              <label [for]="'batch-product-' + i">Product</label>
          ╵                                ~~~~~~~~~~~~~~~~~~~~

  Error occurs in the template of component BranchInventoryFormComponent.

    src/app/ui/view/branch/branch-inventory-form/branch-inventory-form.component.ts:26:15:
      26 │   templateUrl: './branch-inventory-form.component.html',
         ╵                ~~~~~~~~~~~~~~~~~~~~~~~~~~~~~~~~~~~~~~~~


✘ [ERROR] NG5002: Parser Error: Unexpected token ')' at column 50 in [setTimeout(() => showProductDropdown = false, 200)] in /Users/eseoseodion/erp-sales/src/app/ui/view/branch/branch-inventory-form/branch-inventory-form.component.html@108:44 [plugin angular-compiler]

    src/app/ui/view/branch/branch-inventory-form/branch-inventory-form.component.html:360:50:
      360 │ ...              <label [for]="'batch-product-' + i">Product</label>
          ╵                                ~~~~~~~~~~~~~~~~~~~~

  Error occurs in the template of component BranchInventoryFormComponent.

    src/app/ui/view/branch/branch-inventory-form/branch-inventory-form.component.ts:26:15:
      26 │   templateUrl: './branch-inventory-form.component.html',
         ╵                ~~~~~~~~~~~~~~~~~~~~~~~~~~~~~~~~~~~~~~~~


✘ [ERROR] NG5002: Parser Error: Unexpected token ) at column 13 in [setTimeout(() => showProductDropdown = false, 200)] in /Users/eseoseodion/erp-sales/src/app/ui/view/branch/branch-inventory-form/branch-inventory-form.component.html@108:44 [plugin angular-compiler]

    src/app/ui/view/branch/branch-inventory-form/branch-inventory-form.component.html:360:50:
      360 │ ...              <label [for]="'batch-product-' + i">Product</label>
          ╵                                ~~~~~~~~~~~~~~~~~~~~

  Error occurs in the template of component BranchInventoryFormComponent.

    src/app/ui/view/branch/branch-inventory-form/branch-inventory-form.component.ts:26:15:
      26 │   templateUrl: './branch-inventory-form.component.html',
         ╵                ~~~~~~~~~~~~~~~~~~~~~~~~~~~~~~~~~~~~~~~~


✘ [ERROR] NG5002: Parser Error: Missing expected ) at column 15 in [setTimeout(() => showProductDropdown = false, 200)] in /Users/eseoseodion/erp-sales/src/app/ui/view/branch/branch-inventory-form/branch-inventory-form.component.html@108:44 [plugin angular-compiler]

    src/app/ui/view/branch/branch-inventory-form/branch-inventory-form.component.html:361:50:
      361 │ ...       <select [id]="'batch-product-' + i" formControlName="pr...
          ╵                         ~~~~~~~~~~~~~~~~~~~~

  Error occurs in the template of component BranchInventoryFormComponent.

    src/app/ui/view/branch/branch-inventory-form/branch-inventory-form.component.ts:26:15:
      26 │   templateUrl: './branch-inventory-form.component.html',
         ╵                ~~~~~~~~~~~~~~~~~~~~~~~~~~~~~~~~~~~~~~~~


✘ [ERROR] NG5002: Parser Error: Unexpected token ')' at column 50 in [setTimeout(() => showProductDropdown = false, 200)] in /Users/eseoseodion/erp-sales/src/app/ui/view/branch/branch-inventory-form/branch-inventory-form.component.html@108:44 [plugin angular-compiler]

    src/app/ui/view/branch/branch-inventory-form/branch-inventory-form.component.html:361:50:
      361 │ ...       <select [id]="'batch-product-' + i" formControlName="pr...
          ╵                         ~~~~~~~~~~~~~~~~~~~~

  Error occurs in the template of component BranchInventoryFormComponent.

    src/app/ui/view/branch/branch-inventory-form/branch-inventory-form.component.ts:26:15:
      26 │   templateUrl: './branch-inventory-form.component.html',
         ╵                ~~~~~~~~~~~~~~~~~~~~~~~~~~~~~~~~~~~~~~~~


✘ [ERROR] NG5002: Parser Error: Unexpected token ) at column 13 in [setTimeout(() => showProductDropdown = false, 200)] in /Users/eseoseodion/erp-sales/src/app/ui/view/branch/branch-inventory-form/branch-inventory-form.component.html@108:44 [plugin angular-compiler]

    src/app/ui/view/branch/branch-inventory-form/branch-inventory-form.component.html:361:50:
      361 │ ...       <select [id]="'batch-product-' + i" formControlName="pr...
          ╵                         ~~~~~~~~~~~~~~~~~~~~

  Error occurs in the template of component BranchInventoryFormComponent.

    src/app/ui/view/branch/branch-inventory-form/branch-inventory-form.component.ts:26:15:
      26 │   templateUrl: './branch-inventory-form.component.html',
         ╵                ~~~~~~~~~~~~~~~~~~~~~~~~~~~~~~~~~~~~~~~~


✘ [ERROR] NG5002: Parser Error: Missing expected ) at column 15 in [setTimeout(() => showProductDropdown = false, 200)] in /Users/eseoseodion/erp-sales/src/app/ui/view/branch/branch-inventory-form/branch-inventory-form.component.html@108:44 [plugin angular-compiler]

    src/app/ui/view/branch/branch-inventory-form/branch-inventory-form.component.html:364:48:
      364 │ ...       <option *ngFor="let product of products" [value]="produ...
          ╵                   ~~~~~~~~~~~~~~~~~~~~~~~~~~~~~~~~

  Error occurs in the template of component BranchInventoryFormComponent.

    src/app/ui/view/branch/branch-inventory-form/branch-inventory-form.component.ts:26:15:
      26 │   templateUrl: './branch-inventory-form.component.html',
         ╵                ~~~~~~~~~~~~~~~~~~~~~~~~~~~~~~~~~~~~~~~~


✘ [ERROR] NG5002: Parser Error: Unexpected token ')' at column 50 in [setTimeout(() => showProductDropdown = false, 200)] in /Users/eseoseodion/erp-sales/src/app/ui/view/branch/branch-inventory-form/branch-inventory-form.component.html@108:44 [plugin angular-compiler]

    src/app/ui/view/branch/branch-inventory-form/branch-inventory-form.component.html:364:48:
      364 │ ...       <option *ngFor="let product of products" [value]="produ...
          ╵                   ~~~~~~~~~~~~~~~~~~~~~~~~~~~~~~~~

  Error occurs in the template of component BranchInventoryFormComponent.

    src/app/ui/view/branch/branch-inventory-form/branch-inventory-form.component.ts:26:15:
      26 │   templateUrl: './branch-inventory-form.component.html',
         ╵                ~~~~~~~~~~~~~~~~~~~~~~~~~~~~~~~~~~~~~~~~


✘ [ERROR] NG5002: Parser Error: Unexpected token ) at column 13 in [setTimeout(() => showProductDropdown = false, 200)] in /Users/eseoseodion/erp-sales/src/app/ui/view/branch/branch-inventory-form/branch-inventory-form.component.html@108:44 [plugin angular-compiler]

    src/app/ui/view/branch/branch-inventory-form/branch-inventory-form.component.html:364:48:
      364 │ ...       <option *ngFor="let product of products" [value]="produ...
          ╵                   ~~~~~~~~~~~~~~~~~~~~~~~~~~~~~~~~

  Error occurs in the template of component BranchInventoryFormComponent.

    src/app/ui/view/branch/branch-inventory-form/branch-inventory-form.component.ts:26:15:
      26 │   templateUrl: './branch-inventory-form.component.html',
         ╵                ~~~~~~~~~~~~~~~~~~~~~~~~~~~~~~~~~~~~~~~~


✘ [ERROR] NG5002: Parser Error: Missing expected ) at column 15 in [setTimeout(() => showProductDropdown = false, 200)] in /Users/eseoseodion/erp-sales/src/app/ui/view/branch/branch-inventory-form/branch-inventory-form.component.html@108:44 [plugin angular-compiler]

    src/app/ui/view/branch/branch-inventory-form/branch-inventory-form.component.html:364:90:
      364 │ ...   <option *ngFor="let product of products" [value]="product.id">
          ╵                                                         ~~~~~~~~~~

  Error occurs in the template of component BranchInventoryFormComponent.

    src/app/ui/view/branch/branch-inventory-form/branch-inventory-form.component.ts:26:15:
      26 │   templateUrl: './branch-inventory-form.component.html',
         ╵                ~~~~~~~~~~~~~~~~~~~~~~~~~~~~~~~~~~~~~~~~


✘ [ERROR] NG5002: Parser Error: Unexpected token ')' at column 50 in [setTimeout(() => showProductDropdown = false, 200)] in /Users/eseoseodion/erp-sales/src/app/ui/view/branch/branch-inventory-form/branch-inventory-form.component.html@108:44 [plugin angular-compiler]

    src/app/ui/view/branch/branch-inventory-form/branch-inventory-form.component.html:364:90:
      364 │ ...   <option *ngFor="let product of products" [value]="product.id">
          ╵                                                         ~~~~~~~~~~

  Error occurs in the template of component BranchInventoryFormComponent.

    src/app/ui/view/branch/branch-inventory-form/branch-inventory-form.component.ts:26:15:
      26 │   templateUrl: './branch-inventory-form.component.html',
         ╵                ~~~~~~~~~~~~~~~~~~~~~~~~~~~~~~~~~~~~~~~~


✘ [ERROR] NG5002: Parser Error: Unexpected token ) at column 13 in [setTimeout(() => showProductDropdown = false, 200)] in /Users/eseoseodion/erp-sales/src/app/ui/view/branch/branch-inventory-form/branch-inventory-form.component.html@108:44 [plugin angular-compiler]

    src/app/ui/view/branch/branch-inventory-form/branch-inventory-form.component.html:364:90:
      364 │ ...   <option *ngFor="let product of products" [value]="product.id">
          ╵                                                         ~~~~~~~~~~

  Error occurs in the template of component BranchInventoryFormComponent.

    src/app/ui/view/branch/branch-inventory-form/branch-inventory-form.component.ts:26:15:
      26 │   templateUrl: './branch-inventory-form.component.html',
         ╵                ~~~~~~~~~~~~~~~~~~~~~~~~~~~~~~~~~~~~~~~~


✘ [ERROR] NG5002: Parser Error: Missing expected ) at column 15 in [setTimeout(() => showProductDropdown = false, 200)] in /Users/eseoseodion/erp-sales/src/app/ui/view/branch/branch-inventory-form/branch-inventory-form.component.html@108:44 [plugin angular-compiler]

    src/app/ui/view/branch/branch-inventory-form/branch-inventory-form.component.html:365:44:
      365 │ ...                           {{ product.name }} ({{ product.sku }})
          ╵                               ~~~~~~~~~~~~~~~~~~~~~~~~~~~~~~~~~~~~~~

  Error occurs in the template of component BranchInventoryFormComponent.

    src/app/ui/view/branch/branch-inventory-form/branch-inventory-form.component.ts:26:15:
      26 │   templateUrl: './branch-inventory-form.component.html',
         ╵                ~~~~~~~~~~~~~~~~~~~~~~~~~~~~~~~~~~~~~~~~


✘ [ERROR] NG5002: Parser Error: Unexpected token ')' at column 50 in [setTimeout(() => showProductDropdown = false, 200)] in /Users/eseoseodion/erp-sales/src/app/ui/view/branch/branch-inventory-form/branch-inventory-form.component.html@108:44 [plugin angular-compiler]

    src/app/ui/view/branch/branch-inventory-form/branch-inventory-form.component.html:365:44:
      365 │ ...                           {{ product.name }} ({{ product.sku }})
          ╵                               ~~~~~~~~~~~~~~~~~~~~~~~~~~~~~~~~~~~~~~

  Error occurs in the template of component BranchInventoryFormComponent.

    src/app/ui/view/branch/branch-inventory-form/branch-inventory-form.component.ts:26:15:
      26 │   templateUrl: './branch-inventory-form.component.html',
         ╵                ~~~~~~~~~~~~~~~~~~~~~~~~~~~~~~~~~~~~~~~~


✘ [ERROR] NG5002: Parser Error: Unexpected token ) at column 13 in [setTimeout(() => showProductDropdown = false, 200)] in /Users/eseoseodion/erp-sales/src/app/ui/view/branch/branch-inventory-form/branch-inventory-form.component.html@108:44 [plugin angular-compiler]

    src/app/ui/view/branch/branch-inventory-form/branch-inventory-form.component.html:365:44:
      365 │ ...                           {{ product.name }} ({{ product.sku }})
          ╵                               ~~~~~~~~~~~~~~~~~~~~~~~~~~~~~~~~~~~~~~

  Error occurs in the template of component BranchInventoryFormComponent.

    src/app/ui/view/branch/branch-inventory-form/branch-inventory-form.component.ts:26:15:
      26 │   templateUrl: './branch-inventory-form.component.html',
         ╵                ~~~~~~~~~~~~~~~~~~~~~~~~~~~~~~~~~~~~~~~~


✘ [ERROR] NG5002: Parser Error: Missing expected ) at column 15 in [setTimeout(() => showProductDropdown = false, 200)] in /Users/eseoseodion/erp-sales/src/app/ui/view/branch/branch-inventory-form/branch-inventory-form.component.html@108:44 [plugin angular-compiler]

    src/app/ui/view/branch/branch-inventory-form/branch-inventory-form.component.html:371:50:
      371 │ ...                 <label [for]="'batch-qty-' + i">Quantity</label>
          ╵                                   ~~~~~~~~~~~~~~~~

  Error occurs in the template of component BranchInventoryFormComponent.

    src/app/ui/view/branch/branch-inventory-form/branch-inventory-form.component.ts:26:15:
      26 │   templateUrl: './branch-inventory-form.component.html',
         ╵                ~~~~~~~~~~~~~~~~~~~~~~~~~~~~~~~~~~~~~~~~


✘ [ERROR] NG5002: Parser Error: Unexpected token ')' at column 50 in [setTimeout(() => showProductDropdown = false, 200)] in /Users/eseoseodion/erp-sales/src/app/ui/view/branch/branch-inventory-form/branch-inventory-form.component.html@108:44 [plugin angular-compiler]

    src/app/ui/view/branch/branch-inventory-form/branch-inventory-form.component.html:371:50:
      371 │ ...                 <label [for]="'batch-qty-' + i">Quantity</label>
          ╵                                   ~~~~~~~~~~~~~~~~

  Error occurs in the template of component BranchInventoryFormComponent.

    src/app/ui/view/branch/branch-inventory-form/branch-inventory-form.component.ts:26:15:
      26 │   templateUrl: './branch-inventory-form.component.html',
         ╵                ~~~~~~~~~~~~~~~~~~~~~~~~~~~~~~~~~~~~~~~~


✘ [ERROR] NG5002: Parser Error: Unexpected token ) at column 13 in [setTimeout(() => showProductDropdown = false, 200)] in /Users/eseoseodion/erp-sales/src/app/ui/view/branch/branch-inventory-form/branch-inventory-form.component.html@108:44 [plugin angular-compiler]

    src/app/ui/view/branch/branch-inventory-form/branch-inventory-form.component.html:371:50:
      371 │ ...                 <label [for]="'batch-qty-' + i">Quantity</label>
          ╵                                   ~~~~~~~~~~~~~~~~

  Error occurs in the template of component BranchInventoryFormComponent.

    src/app/ui/view/branch/branch-inventory-form/branch-inventory-form.component.ts:26:15:
      26 │   templateUrl: './branch-inventory-form.component.html',
         ╵                ~~~~~~~~~~~~~~~~~~~~~~~~~~~~~~~~~~~~~~~~


✘ [ERROR] NG5002: Parser Error: Missing expected ) at column 15 in [setTimeout(() => showProductDropdown = false, 200)] in /Users/eseoseodion/erp-sales/src/app/ui/view/branch/branch-inventory-form/branch-inventory-form.component.html@108:44 [plugin angular-compiler]

    src/app/ui/view/branch/branch-inventory-form/branch-inventory-form.component.html:372:63:
      372 │ ...ut type="number" [id]="'batch-qty-' + i" formControlName="quan...
          ╵                           ~~~~~~~~~~~~~~~~

  Error occurs in the template of component BranchInventoryFormComponent.

    src/app/ui/view/branch/branch-inventory-form/branch-inventory-form.component.ts:26:15:
      26 │   templateUrl: './branch-inventory-form.component.html',
         ╵                ~~~~~~~~~~~~~~~~~~~~~~~~~~~~~~~~~~~~~~~~


✘ [ERROR] NG5002: Parser Error: Unexpected token ')' at column 50 in [setTimeout(() => showProductDropdown = false, 200)] in /Users/eseoseodion/erp-sales/src/app/ui/view/branch/branch-inventory-form/branch-inventory-form.component.html@108:44 [plugin angular-compiler]

    src/app/ui/view/branch/branch-inventory-form/branch-inventory-form.component.html:372:63:
      372 │ ...ut type="number" [id]="'batch-qty-' + i" formControlName="quan...
          ╵                           ~~~~~~~~~~~~~~~~

  Error occurs in the template of component BranchInventoryFormComponent.

    src/app/ui/view/branch/branch-inventory-form/branch-inventory-form.component.ts:26:15:
      26 │   templateUrl: './branch-inventory-form.component.html',
         ╵                ~~~~~~~~~~~~~~~~~~~~~~~~~~~~~~~~~~~~~~~~


✘ [ERROR] NG5002: Parser Error: Unexpected token ) at column 13 in [setTimeout(() => showProductDropdown = false, 200)] in /Users/eseoseodion/erp-sales/src/app/ui/view/branch/branch-inventory-form/branch-inventory-form.component.html@108:44 [plugin angular-compiler]

    src/app/ui/view/branch/branch-inventory-form/branch-inventory-form.component.html:372:63:
      372 │ ...ut type="number" [id]="'batch-qty-' + i" formControlName="quan...
          ╵                           ~~~~~~~~~~~~~~~~

  Error occurs in the template of component BranchInventoryFormComponent.

    src/app/ui/view/branch/branch-inventory-form/branch-inventory-form.component.ts:26:15:
      26 │   templateUrl: './branch-inventory-form.component.html',
         ╵                ~~~~~~~~~~~~~~~~~~~~~~~~~~~~~~~~~~~~~~~~


✘ [ERROR] NG5002: Parser Error: Missing expected ) at column 15 in [setTimeout(() => showProductDropdown = false, 200)] in /Users/eseoseodion/erp-sales/src/app/ui/view/branch/branch-inventory-form/branch-inventory-form.component.html@108:44 [plugin angular-compiler]

    src/app/ui/view/branch/branch-inventory-form/branch-inventory-form.component.html:379:50:
      379 │ ...        <label [for]="'batch-price-' + i">Selling Price (₦)<...
          ╵                          ~~~~~~~~~~~~~~~~~~

  Error occurs in the template of component BranchInventoryFormComponent.

    src/app/ui/view/branch/branch-inventory-form/branch-inventory-form.component.ts:26:15:
      26 │   templateUrl: './branch-inventory-form.component.html',
         ╵                ~~~~~~~~~~~~~~~~~~~~~~~~~~~~~~~~~~~~~~~~


✘ [ERROR] NG5002: Parser Error: Unexpected token ')' at column 50 in [setTimeout(() => showProductDropdown = false, 200)] in /Users/eseoseodion/erp-sales/src/app/ui/view/branch/branch-inventory-form/branch-inventory-form.component.html@108:44 [plugin angular-compiler]

    src/app/ui/view/branch/branch-inventory-form/branch-inventory-form.component.html:379:50:
      379 │ ...        <label [for]="'batch-price-' + i">Selling Price (₦)<...
          ╵                          ~~~~~~~~~~~~~~~~~~

  Error occurs in the template of component BranchInventoryFormComponent.

    src/app/ui/view/branch/branch-inventory-form/branch-inventory-form.component.ts:26:15:
      26 │   templateUrl: './branch-inventory-form.component.html',
         ╵                ~~~~~~~~~~~~~~~~~~~~~~~~~~~~~~~~~~~~~~~~


✘ [ERROR] NG5002: Parser Error: Unexpected token ) at column 13 in [setTimeout(() => showProductDropdown = false, 200)] in /Users/eseoseodion/erp-sales/src/app/ui/view/branch/branch-inventory-form/branch-inventory-form.component.html@108:44 [plugin angular-compiler]

    src/app/ui/view/branch/branch-inventory-form/branch-inventory-form.component.html:379:50:
      379 │ ...        <label [for]="'batch-price-' + i">Selling Price (₦)<...
          ╵                          ~~~~~~~~~~~~~~~~~~

  Error occurs in the template of component BranchInventoryFormComponent.

    src/app/ui/view/branch/branch-inventory-form/branch-inventory-form.component.ts:26:15:
      26 │   templateUrl: './branch-inventory-form.component.html',
         ╵                ~~~~~~~~~~~~~~~~~~~~~~~~~~~~~~~~~~~~~~~~


✘ [ERROR] NG5002: Parser Error: Missing expected ) at column 15 in [setTimeout(() => showProductDropdown = false, 200)] in /Users/eseoseodion/erp-sales/src/app/ui/view/branch/branch-inventory-form/branch-inventory-form.component.html@108:44 [plugin angular-compiler]

    src/app/ui/view/branch/branch-inventory-form/branch-inventory-form.component.html:380:63:
      380 │ ...t type="number" [id]="'batch-price-' + i" formControlName="sel...
          ╵                          ~~~~~~~~~~~~~~~~~~

  Error occurs in the template of component BranchInventoryFormComponent.

    src/app/ui/view/branch/branch-inventory-form/branch-inventory-form.component.ts:26:15:
      26 │   templateUrl: './branch-inventory-form.component.html',
         ╵                ~~~~~~~~~~~~~~~~~~~~~~~~~~~~~~~~~~~~~~~~


✘ [ERROR] NG5002: Parser Error: Unexpected token ')' at column 50 in [setTimeout(() => showProductDropdown = false, 200)] in /Users/eseoseodion/erp-sales/src/app/ui/view/branch/branch-inventory-form/branch-inventory-form.component.html@108:44 [plugin angular-compiler]

    src/app/ui/view/branch/branch-inventory-form/branch-inventory-form.component.html:380:63:
      380 │ ...t type="number" [id]="'batch-price-' + i" formControlName="sel...
          ╵                          ~~~~~~~~~~~~~~~~~~

  Error occurs in the template of component BranchInventoryFormComponent.

    src/app/ui/view/branch/branch-inventory-form/branch-inventory-form.component.ts:26:15:
      26 │   templateUrl: './branch-inventory-form.component.html',
         ╵                ~~~~~~~~~~~~~~~~~~~~~~~~~~~~~~~~~~~~~~~~


✘ [ERROR] NG5002: Parser Error: Unexpected token ) at column 13 in [setTimeout(() => showProductDropdown = false, 200)] in /Users/eseoseodion/erp-sales/src/app/ui/view/branch/branch-inventory-form/branch-inventory-form.component.html@108:44 [plugin angular-compiler]

    src/app/ui/view/branch/branch-inventory-form/branch-inventory-form.component.html:380:63:
      380 │ ...t type="number" [id]="'batch-price-' + i" formControlName="sel...
          ╵                          ~~~~~~~~~~~~~~~~~~

  Error occurs in the template of component BranchInventoryFormComponent.

    src/app/ui/view/branch/branch-inventory-form/branch-inventory-form.component.ts:26:15:
      26 │   templateUrl: './branch-inventory-form.component.html',
         ╵                ~~~~~~~~~~~~~~~~~~~~~~~~~~~~~~~~~~~~~~~~


✘ [ERROR] NG5002: Parser Error: Missing expected ) at column 15 in [setTimeout(() => showProductDropdown = false, 200)] in /Users/eseoseodion/erp-sales/src/app/ui/view/branch/branch-inventory-form/branch-inventory-form.component.html@108:44 [plugin angular-compiler]

    src/app/ui/view/branch/branch-inventory-form/branch-inventory-form.component.html:385:50:
      385 │ ...        <label [for]="'batch-reorder-' + i">Reorder Point</label>
          ╵                          ~~~~~~~~~~~~~~~~~~~~

  Error occurs in the template of component BranchInventoryFormComponent.

    src/app/ui/view/branch/branch-inventory-form/branch-inventory-form.component.ts:26:15:
      26 │   templateUrl: './branch-inventory-form.component.html',
         ╵                ~~~~~~~~~~~~~~~~~~~~~~~~~~~~~~~~~~~~~~~~


✘ [ERROR] NG5002: Parser Error: Unexpected token ')' at column 50 in [setTimeout(() => showProductDropdown = false, 200)] in /Users/eseoseodion/erp-sales/src/app/ui/view/branch/branch-inventory-form/branch-inventory-form.component.html@108:44 [plugin angular-compiler]

    src/app/ui/view/branch/branch-inventory-form/branch-inventory-form.component.html:385:50:
      385 │ ...        <label [for]="'batch-reorder-' + i">Reorder Point</label>
          ╵                          ~~~~~~~~~~~~~~~~~~~~

  Error occurs in the template of component BranchInventoryFormComponent.

    src/app/ui/view/branch/branch-inventory-form/branch-inventory-form.component.ts:26:15:
      26 │   templateUrl: './branch-inventory-form.component.html',
         ╵                ~~~~~~~~~~~~~~~~~~~~~~~~~~~~~~~~~~~~~~~~


✘ [ERROR] NG5002: Parser Error: Unexpected token ) at column 13 in [setTimeout(() => showProductDropdown = false, 200)] in /Users/eseoseodion/erp-sales/src/app/ui/view/branch/branch-inventory-form/branch-inventory-form.component.html@108:44 [plugin angular-compiler]

    src/app/ui/view/branch/branch-inventory-form/branch-inventory-form.component.html:385:50:
      385 │ ...        <label [for]="'batch-reorder-' + i">Reorder Point</label>
          ╵                          ~~~~~~~~~~~~~~~~~~~~

  Error occurs in the template of component BranchInventoryFormComponent.

    src/app/ui/view/branch/branch-inventory-form/branch-inventory-form.component.ts:26:15:
      26 │   templateUrl: './branch-inventory-form.component.html',
         ╵                ~~~~~~~~~~~~~~~~~~~~~~~~~~~~~~~~~~~~~~~~


✘ [ERROR] NG5002: Parser Error: Missing expected ) at column 15 in [setTimeout(() => showProductDropdown = false, 200)] in /Users/eseoseodion/erp-sales/src/app/ui/view/branch/branch-inventory-form/branch-inventory-form.component.html@108:44 [plugin angular-compiler]

    src/app/ui/view/branch/branch-inventory-form/branch-inventory-form.component.html:386:63:
      386 │ ... type="number" [id]="'batch-reorder-' + i" formControlName="re...
          ╵                         ~~~~~~~~~~~~~~~~~~~~

  Error occurs in the template of component BranchInventoryFormComponent.

    src/app/ui/view/branch/branch-inventory-form/branch-inventory-form.component.ts:26:15:
      26 │   templateUrl: './branch-inventory-form.component.html',
         ╵                ~~~~~~~~~~~~~~~~~~~~~~~~~~~~~~~~~~~~~~~~


✘ [ERROR] NG5002: Parser Error: Unexpected token ')' at column 50 in [setTimeout(() => showProductDropdown = false, 200)] in /Users/eseoseodion/erp-sales/src/app/ui/view/branch/branch-inventory-form/branch-inventory-form.component.html@108:44 [plugin angular-compiler]

    src/app/ui/view/branch/branch-inventory-form/branch-inventory-form.component.html:386:63:
      386 │ ... type="number" [id]="'batch-reorder-' + i" formControlName="re...
          ╵                         ~~~~~~~~~~~~~~~~~~~~

  Error occurs in the template of component BranchInventoryFormComponent.

    src/app/ui/view/branch/branch-inventory-form/branch-inventory-form.component.ts:26:15:
      26 │   templateUrl: './branch-inventory-form.component.html',
         ╵                ~~~~~~~~~~~~~~~~~~~~~~~~~~~~~~~~~~~~~~~~


✘ [ERROR] NG5002: Parser Error: Unexpected token ) at column 13 in [setTimeout(() => showProductDropdown = false, 200)] in /Users/eseoseodion/erp-sales/src/app/ui/view/branch/branch-inventory-form/branch-inventory-form.component.html@108:44 [plugin angular-compiler]

    src/app/ui/view/branch/branch-inventory-form/branch-inventory-form.component.html:386:63:
      386 │ ... type="number" [id]="'batch-reorder-' + i" formControlName="re...
          ╵                         ~~~~~~~~~~~~~~~~~~~~

  Error occurs in the template of component BranchInventoryFormComponent.

    src/app/ui/view/branch/branch-inventory-form/branch-inventory-form.component.ts:26:15:
      26 │   templateUrl: './branch-inventory-form.component.html',
         ╵                ~~~~~~~~~~~~~~~~~~~~~~~~~~~~~~~~~~~~~~~~


✘ [ERROR] NG5002: Parser Error: Missing expected ) at column 15 in [setTimeout(() => showProductDropdown = false, 200)] in /Users/eseoseodion/erp-sales/src/app/ui/view/branch/branch-inventory-form/branch-inventory-form.component.html@108:44 [plugin angular-compiler]

    src/app/ui/view/branch/branch-inventory-form/branch-inventory-form.component.html:393:50:
      393 │ ...          <label [for]="'batch-safety-' + i">Safety Stock</label>
          ╵                            ~~~~~~~~~~~~~~~~~~~

  Error occurs in the template of component BranchInventoryFormComponent.

    src/app/ui/view/branch/branch-inventory-form/branch-inventory-form.component.ts:26:15:
      26 │   templateUrl: './branch-inventory-form.component.html',
         ╵                ~~~~~~~~~~~~~~~~~~~~~~~~~~~~~~~~~~~~~~~~


✘ [ERROR] NG5002: Parser Error: Unexpected token ')' at column 50 in [setTimeout(() => showProductDropdown = false, 200)] in /Users/eseoseodion/erp-sales/src/app/ui/view/branch/branch-inventory-form/branch-inventory-form.component.html@108:44 [plugin angular-compiler]

    src/app/ui/view/branch/branch-inventory-form/branch-inventory-form.component.html:393:50:
      393 │ ...          <label [for]="'batch-safety-' + i">Safety Stock</label>
          ╵                            ~~~~~~~~~~~~~~~~~~~

  Error occurs in the template of component BranchInventoryFormComponent.

    src/app/ui/view/branch/branch-inventory-form/branch-inventory-form.component.ts:26:15:
      26 │   templateUrl: './branch-inventory-form.component.html',
         ╵                ~~~~~~~~~~~~~~~~~~~~~~~~~~~~~~~~~~~~~~~~


✘ [ERROR] NG5002: Parser Error: Unexpected token ) at column 13 in [setTimeout(() => showProductDropdown = false, 200)] in /Users/eseoseodion/erp-sales/src/app/ui/view/branch/branch-inventory-form/branch-inventory-form.component.html@108:44 [plugin angular-compiler]

    src/app/ui/view/branch/branch-inventory-form/branch-inventory-form.component.html:393:50:
      393 │ ...          <label [for]="'batch-safety-' + i">Safety Stock</label>
          ╵                            ~~~~~~~~~~~~~~~~~~~

  Error occurs in the template of component BranchInventoryFormComponent.

    src/app/ui/view/branch/branch-inventory-form/branch-inventory-form.component.ts:26:15:
      26 │   templateUrl: './branch-inventory-form.component.html',
         ╵                ~~~~~~~~~~~~~~~~~~~~~~~~~~~~~~~~~~~~~~~~


✘ [ERROR] NG5002: Parser Error: Missing expected ) at column 15 in [setTimeout(() => showProductDropdown = false, 200)] in /Users/eseoseodion/erp-sales/src/app/ui/view/branch/branch-inventory-form/branch-inventory-form.component.html@108:44 [plugin angular-compiler]

    src/app/ui/view/branch/branch-inventory-form/branch-inventory-form.component.html:394:63:
      394 │ ...t type="number" [id]="'batch-safety-' + i" formControlName="sa...
          ╵                          ~~~~~~~~~~~~~~~~~~~

  Error occurs in the template of component BranchInventoryFormComponent.

    src/app/ui/view/branch/branch-inventory-form/branch-inventory-form.component.ts:26:15:
      26 │   templateUrl: './branch-inventory-form.component.html',
         ╵                ~~~~~~~~~~~~~~~~~~~~~~~~~~~~~~~~~~~~~~~~


✘ [ERROR] NG5002: Parser Error: Unexpected token ')' at column 50 in [setTimeout(() => showProductDropdown = false, 200)] in /Users/eseoseodion/erp-sales/src/app/ui/view/branch/branch-inventory-form/branch-inventory-form.component.html@108:44 [plugin angular-compiler]

    src/app/ui/view/branch/branch-inventory-form/branch-inventory-form.component.html:394:63:
      394 │ ...t type="number" [id]="'batch-safety-' + i" formControlName="sa...
          ╵                          ~~~~~~~~~~~~~~~~~~~

  Error occurs in the template of component BranchInventoryFormComponent.

    src/app/ui/view/branch/branch-inventory-form/branch-inventory-form.component.ts:26:15:
      26 │   templateUrl: './branch-inventory-form.component.html',
         ╵                ~~~~~~~~~~~~~~~~~~~~~~~~~~~~~~~~~~~~~~~~


✘ [ERROR] NG5002: Parser Error: Unexpected token ) at column 13 in [setTimeout(() => showProductDropdown = false, 200)] in /Users/eseoseodion/erp-sales/src/app/ui/view/branch/branch-inventory-form/branch-inventory-form.component.html@108:44 [plugin angular-compiler]

    src/app/ui/view/branch/branch-inventory-form/branch-inventory-form.component.html:394:63:
      394 │ ...t type="number" [id]="'batch-safety-' + i" formControlName="sa...
          ╵                          ~~~~~~~~~~~~~~~~~~~

  Error occurs in the template of component BranchInventoryFormComponent.

    src/app/ui/view/branch/branch-inventory-form/branch-inventory-form.component.ts:26:15:
      26 │   templateUrl: './branch-inventory-form.component.html',
         ╵                ~~~~~~~~~~~~~~~~~~~~~~~~~~~~~~~~~~~~~~~~


✘ [ERROR] NG5002: Parser Error: Missing expected ) at column 15 in [setTimeout(() => showProductDropdown = false, 200)] in /Users/eseoseodion/erp-sales/src/app/ui/view/branch/branch-inventory-form/branch-inventory-form.component.html@108:44 [plugin angular-compiler]

    src/app/ui/view/branch/branch-inventory-form/branch-inventory-form.component.html:399:50:
      399 │ ...         <label [for]="'batch-cost-' + i">Cost Price (₦)</la...
          ╵                           ~~~~~~~~~~~~~~~~~

  Error occurs in the template of component BranchInventoryFormComponent.

    src/app/ui/view/branch/branch-inventory-form/branch-inventory-form.component.ts:26:15:
      26 │   templateUrl: './branch-inventory-form.component.html',
         ╵                ~~~~~~~~~~~~~~~~~~~~~~~~~~~~~~~~~~~~~~~~


✘ [ERROR] NG5002: Parser Error: Unexpected token ')' at column 50 in [setTimeout(() => showProductDropdown = false, 200)] in /Users/eseoseodion/erp-sales/src/app/ui/view/branch/branch-inventory-form/branch-inventory-form.component.html@108:44 [plugin angular-compiler]

    src/app/ui/view/branch/branch-inventory-form/branch-inventory-form.component.html:399:50:
      399 │ ...         <label [for]="'batch-cost-' + i">Cost Price (₦)</la...
          ╵                           ~~~~~~~~~~~~~~~~~

  Error occurs in the template of component BranchInventoryFormComponent.

    src/app/ui/view/branch/branch-inventory-form/branch-inventory-form.component.ts:26:15:
      26 │   templateUrl: './branch-inventory-form.component.html',
         ╵                ~~~~~~~~~~~~~~~~~~~~~~~~~~~~~~~~~~~~~~~~


✘ [ERROR] NG5002: Parser Error: Unexpected token ) at column 13 in [setTimeout(() => showProductDropdown = false, 200)] in /Users/eseoseodion/erp-sales/src/app/ui/view/branch/branch-inventory-form/branch-inventory-form.component.html@108:44 [plugin angular-compiler]

    src/app/ui/view/branch/branch-inventory-form/branch-inventory-form.component.html:399:50:
      399 │ ...         <label [for]="'batch-cost-' + i">Cost Price (₦)</la...
          ╵                           ~~~~~~~~~~~~~~~~~

  Error occurs in the template of component BranchInventoryFormComponent.

    src/app/ui/view/branch/branch-inventory-form/branch-inventory-form.component.ts:26:15:
      26 │   templateUrl: './branch-inventory-form.component.html',
         ╵                ~~~~~~~~~~~~~~~~~~~~~~~~~~~~~~~~~~~~~~~~


✘ [ERROR] NG5002: Parser Error: Missing expected ) at column 15 in [setTimeout(() => showProductDropdown = false, 200)] in /Users/eseoseodion/erp-sales/src/app/ui/view/branch/branch-inventory-form/branch-inventory-form.component.html@108:44 [plugin angular-compiler]

    src/app/ui/view/branch/branch-inventory-form/branch-inventory-form.component.html:400:63:
      400 │ ...ut type="number" [id]="'batch-cost-' + i" formControlName="cos...
          ╵                           ~~~~~~~~~~~~~~~~~

  Error occurs in the template of component BranchInventoryFormComponent.

    src/app/ui/view/branch/branch-inventory-form/branch-inventory-form.component.ts:26:15:
      26 │   templateUrl: './branch-inventory-form.component.html',
         ╵                ~~~~~~~~~~~~~~~~~~~~~~~~~~~~~~~~~~~~~~~~


✘ [ERROR] NG5002: Parser Error: Unexpected token ')' at column 50 in [setTimeout(() => showProductDropdown = false, 200)] in /Users/eseoseodion/erp-sales/src/app/ui/view/branch/branch-inventory-form/branch-inventory-form.component.html@108:44 [plugin angular-compiler]

    src/app/ui/view/branch/branch-inventory-form/branch-inventory-form.component.html:400:63:
      400 │ ...ut type="number" [id]="'batch-cost-' + i" formControlName="cos...
          ╵                           ~~~~~~~~~~~~~~~~~

  Error occurs in the template of component BranchInventoryFormComponent.

    src/app/ui/view/branch/branch-inventory-form/branch-inventory-form.component.ts:26:15:
      26 │   templateUrl: './branch-inventory-form.component.html',
         ╵                ~~~~~~~~~~~~~~~~~~~~~~~~~~~~~~~~~~~~~~~~


✘ [ERROR] NG5002: Parser Error: Unexpected token ) at column 13 in [setTimeout(() => showProductDropdown = false, 200)] in /Users/eseoseodion/erp-sales/src/app/ui/view/branch/branch-inventory-form/branch-inventory-form.component.html@108:44 [plugin angular-compiler]

    src/app/ui/view/branch/branch-inventory-form/branch-inventory-form.component.html:400:63:
      400 │ ...ut type="number" [id]="'batch-cost-' + i" formControlName="cos...
          ╵                           ~~~~~~~~~~~~~~~~~

  Error occurs in the template of component BranchInventoryFormComponent.

    src/app/ui/view/branch/branch-inventory-form/branch-inventory-form.component.ts:26:15:
      26 │   templateUrl: './branch-inventory-form.component.html',
         ╵                ~~~~~~~~~~~~~~~~~~~~~~~~~~~~~~~~~~~~~~~~


✘ [ERROR] NG5002: Parser Error: Missing expected ) at column 15 in [setTimeout(() => showProductDropdown = false, 200)] in /Users/eseoseodion/erp-sales/src/app/ui/view/branch/branch-inventory-form/branch-inventory-form.component.html@108:44 [plugin angular-compiler]

    src/app/ui/view/branch/branch-inventory-form/branch-inventory-form.component.html:406:29:
      406 │ ...        <div *ngIf="batchItemsArray.length === 0" class="empty...
          ╵                 ~~~~~~~~~~~~~~~~~~~~~~~~~~~~~~~~~~~~

  Error occurs in the template of component BranchInventoryFormComponent.

    src/app/ui/view/branch/branch-inventory-form/branch-inventory-form.component.ts:26:15:
      26 │   templateUrl: './branch-inventory-form.component.html',
         ╵                ~~~~~~~~~~~~~~~~~~~~~~~~~~~~~~~~~~~~~~~~


✘ [ERROR] NG5002: Parser Error: Unexpected token ')' at column 50 in [setTimeout(() => showProductDropdown = false, 200)] in /Users/eseoseodion/erp-sales/src/app/ui/view/branch/branch-inventory-form/branch-inventory-form.component.html@108:44 [plugin angular-compiler]

    src/app/ui/view/branch/branch-inventory-form/branch-inventory-form.component.html:406:29:
      406 │ ...        <div *ngIf="batchItemsArray.length === 0" class="empty...
          ╵                 ~~~~~~~~~~~~~~~~~~~~~~~~~~~~~~~~~~~~

  Error occurs in the template of component BranchInventoryFormComponent.

    src/app/ui/view/branch/branch-inventory-form/branch-inventory-form.component.ts:26:15:
      26 │   templateUrl: './branch-inventory-form.component.html',
         ╵                ~~~~~~~~~~~~~~~~~~~~~~~~~~~~~~~~~~~~~~~~


✘ [ERROR] NG5002: Parser Error: Unexpected token ) at column 13 in [setTimeout(() => showProductDropdown = false, 200)] in /Users/eseoseodion/erp-sales/src/app/ui/view/branch/branch-inventory-form/branch-inventory-form.component.html@108:44 [plugin angular-compiler]

    src/app/ui/view/branch/branch-inventory-form/branch-inventory-form.component.html:406:29:
      406 │ ...        <div *ngIf="batchItemsArray.length === 0" class="empty...
          ╵                 ~~~~~~~~~~~~~~~~~~~~~~~~~~~~~~~~~~~~

  Error occurs in the template of component BranchInventoryFormComponent.

    src/app/ui/view/branch/branch-inventory-form/branch-inventory-form.component.ts:26:15:
      26 │   templateUrl: './branch-inventory-form.component.html',
         ╵                ~~~~~~~~~~~~~~~~~~~~~~~~~~~~~~~~~~~~~~~~


✘ [ERROR] NG5002: Parser Error: Missing expected ) at column 15 in [setTimeout(() => showProductDropdown = false, 200)] in /Users/eseoseodion/erp-sales/src/app/ui/view/branch/branch-inventory-form/branch-inventory-form.component.html@108:44 [plugin angular-compiler]

    src/app/ui/view/branch/branch-inventory-form/branch-inventory-form.component.html:409:79:
      409 │ ...e="button" class="btn-primary" (click)="addBatchItem()">Add First
          ╵                                            ~~~~~~~~~~~~~~

  Error occurs in the template of component BranchInventoryFormComponent.

    src/app/ui/view/branch/branch-inventory-form/branch-inventory-form.component.ts:26:15:
      26 │   templateUrl: './branch-inventory-form.component.html',
         ╵                ~~~~~~~~~~~~~~~~~~~~~~~~~~~~~~~~~~~~~~~~


✘ [ERROR] NG5002: Parser Error: Unexpected token ')' at column 50 in [setTimeout(() => showProductDropdown = false, 200)] in /Users/eseoseodion/erp-sales/src/app/ui/view/branch/branch-inventory-form/branch-inventory-form.component.html@108:44 [plugin angular-compiler]

    src/app/ui/view/branch/branch-inventory-form/branch-inventory-form.component.html:409:79:
      409 │ ...e="button" class="btn-primary" (click)="addBatchItem()">Add First
          ╵                                            ~~~~~~~~~~~~~~

  Error occurs in the template of component BranchInventoryFormComponent.

    src/app/ui/view/branch/branch-inventory-form/branch-inventory-form.component.ts:26:15:
      26 │   templateUrl: './branch-inventory-form.component.html',
         ╵                ~~~~~~~~~~~~~~~~~~~~~~~~~~~~~~~~~~~~~~~~


✘ [ERROR] NG5002: Parser Error: Unexpected token ) at column 13 in [setTimeout(() => showProductDropdown = false, 200)] in /Users/eseoseodion/erp-sales/src/app/ui/view/branch/branch-inventory-form/branch-inventory-form.component.html@108:44 [plugin angular-compiler]

    src/app/ui/view/branch/branch-inventory-form/branch-inventory-form.component.html:409:79:
      409 │ ...e="button" class="btn-primary" (click)="addBatchItem()">Add First
          ╵                                            ~~~~~~~~~~~~~~

  Error occurs in the template of component BranchInventoryFormComponent.

    src/app/ui/view/branch/branch-inventory-form/branch-inventory-form.component.ts:26:15:
      26 │   templateUrl: './branch-inventory-form.component.html',
         ╵                ~~~~~~~~~~~~~~~~~~~~~~~~~~~~~~~~~~~~~~~~


✘ [ERROR] NG5002: Parser Error: Missing expected ) at column 15 in [setTimeout(() => showProductDropdown = false, 200)] in /Users/eseoseodion/erp-sales/src/app/ui/view/branch/branch-inventory-form/branch-inventory-form.component.html@108:44 [plugin angular-compiler]

    src/app/ui/view/branch/branch-inventory-form/branch-inventory-form.component.html:415:77:
      415 │ ...  <button type="button" class="btn-secondary" (click)="cancel()">
          ╵                                                           ~~~~~~~~

  Error occurs in the template of component BranchInventoryFormComponent.

    src/app/ui/view/branch/branch-inventory-form/branch-inventory-form.component.ts:26:15:
      26 │   templateUrl: './branch-inventory-form.component.html',
         ╵                ~~~~~~~~~~~~~~~~~~~~~~~~~~~~~~~~~~~~~~~~


✘ [ERROR] NG5002: Parser Error: Unexpected token ')' at column 50 in [setTimeout(() => showProductDropdown = false, 200)] in /Users/eseoseodion/erp-sales/src/app/ui/view/branch/branch-inventory-form/branch-inventory-form.component.html@108:44 [plugin angular-compiler]

    src/app/ui/view/branch/branch-inventory-form/branch-inventory-form.component.html:415:77:
      415 │ ...  <button type="button" class="btn-secondary" (click)="cancel()">
          ╵                                                           ~~~~~~~~

  Error occurs in the template of component BranchInventoryFormComponent.

    src/app/ui/view/branch/branch-inventory-form/branch-inventory-form.component.ts:26:15:
      26 │   templateUrl: './branch-inventory-form.component.html',
         ╵                ~~~~~~~~~~~~~~~~~~~~~~~~~~~~~~~~~~~~~~~~


✘ [ERROR] NG5002: Parser Error: Unexpected token ) at column 13 in [setTimeout(() => showProductDropdown = false, 200)] in /Users/eseoseodion/erp-sales/src/app/ui/view/branch/branch-inventory-form/branch-inventory-form.component.html@108:44 [plugin angular-compiler]

    src/app/ui/view/branch/branch-inventory-form/branch-inventory-form.component.html:415:77:
      415 │ ...  <button type="button" class="btn-secondary" (click)="cancel()">
          ╵                                                           ~~~~~~~~

  Error occurs in the template of component BranchInventoryFormComponent.

    src/app/ui/view/branch/branch-inventory-form/branch-inventory-form.component.ts:26:15:
      26 │   templateUrl: './branch-inventory-form.component.html',
         ╵                ~~~~~~~~~~~~~~~~~~~~~~~~~~~~~~~~~~~~~~~~


✘ [ERROR] NG5002: Parser Error: Missing expected ) at column 15 in [setTimeout(() => showProductDropdown = false, 200)] in /Users/eseoseodion/erp-sales/src/app/ui/view/branch/branch-inventory-form/branch-inventory-form.component.html@108:44 [plugin angular-compiler]

    src/app/ui/view/branch/branch-inventory-form/branch-inventory-form.component.html:418:84:
      418 │ ...utton type="button" class="btn-primary btn-save" (click)="save()"
          ╵                                                              ~~~~~~

  Error occurs in the template of component BranchInventoryFormComponent.

    src/app/ui/view/branch/branch-inventory-form/branch-inventory-form.component.ts:26:15:
      26 │   templateUrl: './branch-inventory-form.component.html',
         ╵                ~~~~~~~~~~~~~~~~~~~~~~~~~~~~~~~~~~~~~~~~


✘ [ERROR] NG5002: Parser Error: Unexpected token ')' at column 50 in [setTimeout(() => showProductDropdown = false, 200)] in /Users/eseoseodion/erp-sales/src/app/ui/view/branch/branch-inventory-form/branch-inventory-form.component.html@108:44 [plugin angular-compiler]

    src/app/ui/view/branch/branch-inventory-form/branch-inventory-form.component.html:418:84:
      418 │ ...utton type="button" class="btn-primary btn-save" (click)="save()"
          ╵                                                              ~~~~~~

  Error occurs in the template of component BranchInventoryFormComponent.

    src/app/ui/view/branch/branch-inventory-form/branch-inventory-form.component.ts:26:15:
      26 │   templateUrl: './branch-inventory-form.component.html',
         ╵                ~~~~~~~~~~~~~~~~~~~~~~~~~~~~~~~~~~~~~~~~


✘ [ERROR] NG5002: Parser Error: Unexpected token ) at column 13 in [setTimeout(() => showProductDropdown = false, 200)] in /Users/eseoseodion/erp-sales/src/app/ui/view/branch/branch-inventory-form/branch-inventory-form.component.html@108:44 [plugin angular-compiler]

    src/app/ui/view/branch/branch-inventory-form/branch-inventory-form.component.html:418:84:
      418 │ ...utton type="button" class="btn-primary btn-save" (click)="save()"
          ╵                                                              ~~~~~~

  Error occurs in the template of component BranchInventoryFormComponent.

    src/app/ui/view/branch/branch-inventory-form/branch-inventory-form.component.ts:26:15:
      26 │   templateUrl: './branch-inventory-form.component.html',
         ╵                ~~~~~~~~~~~~~~~~~~~~~~~~~~~~~~~~~~~~~~~~


✘ [ERROR] NG5002: Parser Error: Missing expected ) at column 15 in [setTimeout(() => showProductDropdown = false, 200)] in /Users/eseoseodion/erp-sales/src/app/ui/view/branch/branch-inventory-form/branch-inventory-form.component.html@108:44 [plugin angular-compiler]

    src/app/ui/view/branch/branch-inventory-form/branch-inventory-form.component.html:419:40:
      419 │ ...           [disabled]="isSaving || batchItemsArray.length === 0">
          ╵                           ~~~~~~~~~~~~~~~~~~~~~~~~~~~~~~~~~~~~~~~~

  Error occurs in the template of component BranchInventoryFormComponent.

    src/app/ui/view/branch/branch-inventory-form/branch-inventory-form.component.ts:26:15:
      26 │   templateUrl: './branch-inventory-form.component.html',
         ╵                ~~~~~~~~~~~~~~~~~~~~~~~~~~~~~~~~~~~~~~~~


✘ [ERROR] NG5002: Parser Error: Unexpected token ')' at column 50 in [setTimeout(() => showProductDropdown = false, 200)] in /Users/eseoseodion/erp-sales/src/app/ui/view/branch/branch-inventory-form/branch-inventory-form.component.html@108:44 [plugin angular-compiler]

    src/app/ui/view/branch/branch-inventory-form/branch-inventory-form.component.html:419:40:
      419 │ ...           [disabled]="isSaving || batchItemsArray.length === 0">
          ╵                           ~~~~~~~~~~~~~~~~~~~~~~~~~~~~~~~~~~~~~~~~

  Error occurs in the template of component BranchInventoryFormComponent.

    src/app/ui/view/branch/branch-inventory-form/branch-inventory-form.component.ts:26:15:
      26 │   templateUrl: './branch-inventory-form.component.html',
         ╵                ~~~~~~~~~~~~~~~~~~~~~~~~~~~~~~~~~~~~~~~~


✘ [ERROR] NG5002: Parser Error: Unexpected token ) at column 13 in [setTimeout(() => showProductDropdown = false, 200)] in /Users/eseoseodion/erp-sales/src/app/ui/view/branch/branch-inventory-form/branch-inventory-form.component.html@108:44 [plugin angular-compiler]

    src/app/ui/view/branch/branch-inventory-form/branch-inventory-form.component.html:419:40:
      419 │ ...           [disabled]="isSaving || batchItemsArray.length === 0">
          ╵                           ~~~~~~~~~~~~~~~~~~~~~~~~~~~~~~~~~~~~~~~~

  Error occurs in the template of component BranchInventoryFormComponent.

    src/app/ui/view/branch/branch-inventory-form/branch-inventory-form.component.ts:26:15:
      26 │   templateUrl: './branch-inventory-form.component.html',
         ╵                ~~~~~~~~~~~~~~~~~~~~~~~~~~~~~~~~~~~~~~~~


✘ [ERROR] NG5002: Parser Error: Missing expected ) at column 15 in [setTimeout(() => showProductDropdown = false, 200)] in /Users/eseoseodion/erp-sales/src/app/ui/view/branch/branch-inventory-form/branch-inventory-form.component.html@108:44 [plugin angular-compiler]

    src/app/ui/view/branch/branch-inventory-form/branch-inventory-form.component.html:420:63:
      420 │ ...s="fas" [class.fa-spinner]="isSaving" [class.fa-save]="!isSaving"
          ╵                                ~~~~~~~~

  Error occurs in the template of component BranchInventoryFormComponent.

    src/app/ui/view/branch/branch-inventory-form/branch-inventory-form.component.ts:26:15:
      26 │   templateUrl: './branch-inventory-form.component.html',
         ╵                ~~~~~~~~~~~~~~~~~~~~~~~~~~~~~~~~~~~~~~~~


✘ [ERROR] NG5002: Parser Error: Unexpected token ')' at column 50 in [setTimeout(() => showProductDropdown = false, 200)] in /Users/eseoseodion/erp-sales/src/app/ui/view/branch/branch-inventory-form/branch-inventory-form.component.html@108:44 [plugin angular-compiler]

    src/app/ui/view/branch/branch-inventory-form/branch-inventory-form.component.html:420:63:
      420 │ ...s="fas" [class.fa-spinner]="isSaving" [class.fa-save]="!isSaving"
          ╵                                ~~~~~~~~

  Error occurs in the template of component BranchInventoryFormComponent.

    src/app/ui/view/branch/branch-inventory-form/branch-inventory-form.component.ts:26:15:
      26 │   templateUrl: './branch-inventory-form.component.html',
         ╵                ~~~~~~~~~~~~~~~~~~~~~~~~~~~~~~~~~~~~~~~~


✘ [ERROR] NG5002: Parser Error: Unexpected token ) at column 13 in [setTimeout(() => showProductDropdown = false, 200)] in /Users/eseoseodion/erp-sales/src/app/ui/view/branch/branch-inventory-form/branch-inventory-form.component.html@108:44 [plugin angular-compiler]

    src/app/ui/view/branch/branch-inventory-form/branch-inventory-form.component.html:420:63:
      420 │ ...s="fas" [class.fa-spinner]="isSaving" [class.fa-save]="!isSaving"
          ╵                                ~~~~~~~~

  Error occurs in the template of component BranchInventoryFormComponent.

    src/app/ui/view/branch/branch-inventory-form/branch-inventory-form.component.ts:26:15:
      26 │   templateUrl: './branch-inventory-form.component.html',
         ╵                ~~~~~~~~~~~~~~~~~~~~~~~~~~~~~~~~~~~~~~~~


✘ [ERROR] NG5002: Parser Error: Missing expected ) at column 15 in [setTimeout(() => showProductDropdown = false, 200)] in /Users/eseoseodion/erp-sales/src/app/ui/view/branch/branch-inventory-form/branch-inventory-form.component.html@108:44 [plugin angular-compiler]

    src/app/ui/view/branch/branch-inventory-form/branch-inventory-form.component.html:420:90:
      420 │ ...s="fas" [class.fa-spinner]="isSaving" [class.fa-save]="!isSaving"
          ╵                                                           ~~~~~~~~~

  Error occurs in the template of component BranchInventoryFormComponent.

    src/app/ui/view/branch/branch-inventory-form/branch-inventory-form.component.ts:26:15:
      26 │   templateUrl: './branch-inventory-form.component.html',
         ╵                ~~~~~~~~~~~~~~~~~~~~~~~~~~~~~~~~~~~~~~~~


✘ [ERROR] NG5002: Parser Error: Unexpected token ')' at column 50 in [setTimeout(() => showProductDropdown = false, 200)] in /Users/eseoseodion/erp-sales/src/app/ui/view/branch/branch-inventory-form/branch-inventory-form.component.html@108:44 [plugin angular-compiler]

    src/app/ui/view/branch/branch-inventory-form/branch-inventory-form.component.html:420:90:
      420 │ ...s="fas" [class.fa-spinner]="isSaving" [class.fa-save]="!isSaving"
          ╵                                                           ~~~~~~~~~

  Error occurs in the template of component BranchInventoryFormComponent.

    src/app/ui/view/branch/branch-inventory-form/branch-inventory-form.component.ts:26:15:
      26 │   templateUrl: './branch-inventory-form.component.html',
         ╵                ~~~~~~~~~~~~~~~~~~~~~~~~~~~~~~~~~~~~~~~~


✘ [ERROR] NG5002: Parser Error: Unexpected token ) at column 13 in [setTimeout(() => showProductDropdown = false, 200)] in /Users/eseoseodion/erp-sales/src/app/ui/view/branch/branch-inventory-form/branch-inventory-form.component.html@108:44 [plugin angular-compiler]

    src/app/ui/view/branch/branch-inventory-form/branch-inventory-form.component.html:420:90:
      420 │ ...s="fas" [class.fa-spinner]="isSaving" [class.fa-save]="!isSaving"
          ╵                                                           ~~~~~~~~~

  Error occurs in the template of component BranchInventoryFormComponent.

    src/app/ui/view/branch/branch-inventory-form/branch-inventory-form.component.ts:26:15:
      26 │   templateUrl: './branch-inventory-form.component.html',
         ╵                ~~~~~~~~~~~~~~~~~~~~~~~~~~~~~~~~~~~~~~~~


✘ [ERROR] NG5002: Parser Error: Missing expected ) at column 15 in [setTimeout(() => showProductDropdown = false, 200)] in /Users/eseoseodion/erp-sales/src/app/ui/view/branch/branch-inventory-form/branch-inventory-form.component.html@108:44 [plugin angular-compiler]

    src/app/ui/view/branch/branch-inventory-form/branch-inventory-form.component.html:421:49:
      421 │                                 [class.fa-spin]="isSaving"></i>
          ╵                                                  ~~~~~~~~

  Error occurs in the template of component BranchInventoryFormComponent.

    src/app/ui/view/branch/branch-inventory-form/branch-inventory-form.component.ts:26:15:
      26 │   templateUrl: './branch-inventory-form.component.html',
         ╵                ~~~~~~~~~~~~~~~~~~~~~~~~~~~~~~~~~~~~~~~~


✘ [ERROR] NG5002: Parser Error: Unexpected token ')' at column 50 in [setTimeout(() => showProductDropdown = false, 200)] in /Users/eseoseodion/erp-sales/src/app/ui/view/branch/branch-inventory-form/branch-inventory-form.component.html@108:44 [plugin angular-compiler]

    src/app/ui/view/branch/branch-inventory-form/branch-inventory-form.component.html:421:49:
      421 │                                 [class.fa-spin]="isSaving"></i>
          ╵                                                  ~~~~~~~~

  Error occurs in the template of component BranchInventoryFormComponent.

    src/app/ui/view/branch/branch-inventory-form/branch-inventory-form.component.ts:26:15:
      26 │   templateUrl: './branch-inventory-form.component.html',
         ╵                ~~~~~~~~~~~~~~~~~~~~~~~~~~~~~~~~~~~~~~~~


✘ [ERROR] NG5002: Parser Error: Unexpected token ) at column 13 in [setTimeout(() => showProductDropdown = false, 200)] in /Users/eseoseodion/erp-sales/src/app/ui/view/branch/branch-inventory-form/branch-inventory-form.component.html@108:44 [plugin angular-compiler]

    src/app/ui/view/branch/branch-inventory-form/branch-inventory-form.component.html:421:49:
      421 │                                 [class.fa-spin]="isSaving"></i>
          ╵                                                  ~~~~~~~~

  Error occurs in the template of component BranchInventoryFormComponent.

    src/app/ui/view/branch/branch-inventory-form/branch-inventory-form.component.ts:26:15:
      26 │   templateUrl: './branch-inventory-form.component.html',
         ╵                ~~~~~~~~~~~~~~~~~~~~~~~~~~~~~~~~~~~~~~~~


✘ [ERROR] NG5002: Parser Error: Missing expected ) at column 15 in [setTimeout(() => showProductDropdown = false, 200)] in /Users/eseoseodion/erp-sales/src/app/ui/view/branch/branch-inventory-form/branch-inventory-form.component.html@108:44 [plugin angular-compiler]

    src/app/ui/view/branch/branch-inventory-form/branch-inventory-form.component.html:422:28:
      422 │ ...          {{ isSaving ? 'Saving...' : 'Save All (' + batchItem...
          ╵              ~~~~~~~~~~~~~~~~~~~~~~~~~~~~~~~~~~~~~~~~~~~~~~~~~~~~

  Error occurs in the template of component BranchInventoryFormComponent.

    src/app/ui/view/branch/branch-inventory-form/branch-inventory-form.component.ts:26:15:
      26 │   templateUrl: './branch-inventory-form.component.html',
         ╵                ~~~~~~~~~~~~~~~~~~~~~~~~~~~~~~~~~~~~~~~~


✘ [ERROR] NG5002: Parser Error: Unexpected token ')' at column 50 in [setTimeout(() => showProductDropdown = false, 200)] in /Users/eseoseodion/erp-sales/src/app/ui/view/branch/branch-inventory-form/branch-inventory-form.component.html@108:44 [plugin angular-compiler]

    src/app/ui/view/branch/branch-inventory-form/branch-inventory-form.component.html:422:28:
      422 │ ...          {{ isSaving ? 'Saving...' : 'Save All (' + batchItem...
          ╵              ~~~~~~~~~~~~~~~~~~~~~~~~~~~~~~~~~~~~~~~~~~~~~~~~~~~~

  Error occurs in the template of component BranchInventoryFormComponent.

    src/app/ui/view/branch/branch-inventory-form/branch-inventory-form.component.ts:26:15:
      26 │   templateUrl: './branch-inventory-form.component.html',
         ╵                ~~~~~~~~~~~~~~~~~~~~~~~~~~~~~~~~~~~~~~~~


✘ [ERROR] NG5002: Parser Error: Unexpected token ) at column 13 in [setTimeout(() => showProductDropdown = false, 200)] in /Users/eseoseodion/erp-sales/src/app/ui/view/branch/branch-inventory-form/branch-inventory-form.component.html@108:44 [plugin angular-compiler]

    src/app/ui/view/branch/branch-inventory-form/branch-inventory-form.component.html:422:28:
      422 │ ...          {{ isSaving ? 'Saving...' : 'Save All (' + batchItem...
          ╵              ~~~~~~~~~~~~~~~~~~~~~~~~~~~~~~~~~~~~~~~~~~~~~~~~~~~~

  Error occurs in the template of component BranchInventoryFormComponent.

    src/app/ui/view/branch/branch-inventory-form/branch-inventory-form.component.ts:26:15:
      26 │   templateUrl: './branch-inventory-form.component.html',
         ╵                ~~~~~~~~~~~~~~~~~~~~~~~~~~~~~~~~~~~~~~~~


✘ [ERROR] NG5002: Parser Error: Missing expected ) at column 15 in [setTimeout(() => showProductDropdown = false, 200)] in /Users/eseoseodion/erp-sales/src/app/ui/view/branch/branch-inventory-form/branch-inventory-form.component.html@108:44 [plugin angular-compiler]

    src/app/ui/view/branch/branch-inventory-form/branch-inventory-form.component.html:433:37:
      433 │         <div class="confirm-overlay" *ngIf="showConfirmDialog">
          ╵                                      ~~~~~~~~~~~~~~~~~~~~~~~~~

  Error occurs in the template of component BranchInventoryFormComponent.

    src/app/ui/view/branch/branch-inventory-form/branch-inventory-form.component.ts:26:15:
      26 │   templateUrl: './branch-inventory-form.component.html',
         ╵                ~~~~~~~~~~~~~~~~~~~~~~~~~~~~~~~~~~~~~~~~


✘ [ERROR] NG5002: Parser Error: Unexpected token ')' at column 50 in [setTimeout(() => showProductDropdown = false, 200)] in /Users/eseoseodion/erp-sales/src/app/ui/view/branch/branch-inventory-form/branch-inventory-form.component.html@108:44 [plugin angular-compiler]

    src/app/ui/view/branch/branch-inventory-form/branch-inventory-form.component.html:433:37:
      433 │         <div class="confirm-overlay" *ngIf="showConfirmDialog">
          ╵                                      ~~~~~~~~~~~~~~~~~~~~~~~~~

  Error occurs in the template of component BranchInventoryFormComponent.

    src/app/ui/view/branch/branch-inventory-form/branch-inventory-form.component.ts:26:15:
      26 │   templateUrl: './branch-inventory-form.component.html',
         ╵                ~~~~~~~~~~~~~~~~~~~~~~~~~~~~~~~~~~~~~~~~


✘ [ERROR] NG5002: Parser Error: Unexpected token ) at column 13 in [setTimeout(() => showProductDropdown = false, 200)] in /Users/eseoseodion/erp-sales/src/app/ui/view/branch/branch-inventory-form/branch-inventory-form.component.html@108:44 [plugin angular-compiler]

    src/app/ui/view/branch/branch-inventory-form/branch-inventory-form.component.html:433:37:
      433 │         <div class="confirm-overlay" *ngIf="showConfirmDialog">
          ╵                                      ~~~~~~~~~~~~~~~~~~~~~~~~~

  Error occurs in the template of component BranchInventoryFormComponent.

    src/app/ui/view/branch/branch-inventory-form/branch-inventory-form.component.ts:26:15:
      26 │   templateUrl: './branch-inventory-form.component.html',
         ╵                ~~~~~~~~~~~~~~~~~~~~~~~~~~~~~~~~~~~~~~~~


✘ [ERROR] NG5002: Parser Error: Missing expected ) at column 15 in [setTimeout(() => showProductDropdown = false, 200)] in /Users/eseoseodion/erp-sales/src/app/ui/view/branch/branch-inventory-form/branch-inventory-form.component.html@108:44 [plugin angular-compiler]

    src/app/ui/view/branch/branch-inventory-form/branch-inventory-form.component.html:439:19:
      439 │                 <p>{{ confirmMessage }}</p>
          ╵                    ~~~~~~~~~~~~~~~~~~~~

  Error occurs in the template of component BranchInventoryFormComponent.

    src/app/ui/view/branch/branch-inventory-form/branch-inventory-form.component.ts:26:15:
      26 │   templateUrl: './branch-inventory-form.component.html',
         ╵                ~~~~~~~~~~~~~~~~~~~~~~~~~~~~~~~~~~~~~~~~


✘ [ERROR] NG5002: Parser Error: Unexpected token ')' at column 50 in [setTimeout(() => showProductDropdown = false, 200)] in /Users/eseoseodion/erp-sales/src/app/ui/view/branch/branch-inventory-form/branch-inventory-form.component.html@108:44 [plugin angular-compiler]

    src/app/ui/view/branch/branch-inventory-form/branch-inventory-form.component.html:439:19:
      439 │                 <p>{{ confirmMessage }}</p>
          ╵                    ~~~~~~~~~~~~~~~~~~~~

  Error occurs in the template of component BranchInventoryFormComponent.

    src/app/ui/view/branch/branch-inventory-form/branch-inventory-form.component.ts:26:15:
      26 │   templateUrl: './branch-inventory-form.component.html',
         ╵                ~~~~~~~~~~~~~~~~~~~~~~~~~~~~~~~~~~~~~~~~


✘ [ERROR] NG5002: Parser Error: Unexpected token ) at column 13 in [setTimeout(() => showProductDropdown = false, 200)] in /Users/eseoseodion/erp-sales/src/app/ui/view/branch/branch-inventory-form/branch-inventory-form.component.html@108:44 [plugin angular-compiler]

    src/app/ui/view/branch/branch-inventory-form/branch-inventory-form.component.html:439:19:
      439 │                 <p>{{ confirmMessage }}</p>
          ╵                    ~~~~~~~~~~~~~~~~~~~~

  Error occurs in the template of component BranchInventoryFormComponent.

    src/app/ui/view/branch/branch-inventory-form/branch-inventory-form.component.ts:26:15:
      26 │   templateUrl: './branch-inventory-form.component.html',
         ╵                ~~~~~~~~~~~~~~~~~~~~~~~~~~~~~~~~~~~~~~~~


✘ [ERROR] NG5002: Parser Error: Missing expected ) at column 15 in [setTimeout(() => showProductDropdown = false, 200)] in /Users/eseoseodion/erp-sales/src/app/ui/view/branch/branch-inventory-form/branch-inventory-form.component.html@108:44 [plugin angular-compiler]

    src/app/ui/view/branch/branch-inventory-form/branch-inventory-form.component.html:441:59:
      441 │ ...-secondary" (click)="cancelConfirmDialog()">Continue Editing</...
          ╵                         ~~~~~~~~~~~~~~~~~~~~~

  Error occurs in the template of component BranchInventoryFormComponent.

    src/app/ui/view/branch/branch-inventory-form/branch-inventory-form.component.ts:26:15:
      26 │   templateUrl: './branch-inventory-form.component.html',
         ╵                ~~~~~~~~~~~~~~~~~~~~~~~~~~~~~~~~~~~~~~~~


✘ [ERROR] NG5002: Parser Error: Unexpected token ')' at column 50 in [setTimeout(() => showProductDropdown = false, 200)] in /Users/eseoseodion/erp-sales/src/app/ui/view/branch/branch-inventory-form/branch-inventory-form.component.html@108:44 [plugin angular-compiler]

    src/app/ui/view/branch/branch-inventory-form/branch-inventory-form.component.html:441:59:
      441 │ ...-secondary" (click)="cancelConfirmDialog()">Continue Editing</...
          ╵                         ~~~~~~~~~~~~~~~~~~~~~

  Error occurs in the template of component BranchInventoryFormComponent.

    src/app/ui/view/branch/branch-inventory-form/branch-inventory-form.component.ts:26:15:
      26 │   templateUrl: './branch-inventory-form.component.html',
         ╵                ~~~~~~~~~~~~~~~~~~~~~~~~~~~~~~~~~~~~~~~~


✘ [ERROR] NG5002: Parser Error: Unexpected token ) at column 13 in [setTimeout(() => showProductDropdown = false, 200)] in /Users/eseoseodion/erp-sales/src/app/ui/view/branch/branch-inventory-form/branch-inventory-form.component.html@108:44 [plugin angular-compiler]

    src/app/ui/view/branch/branch-inventory-form/branch-inventory-form.component.html:441:59:
      441 │ ...-secondary" (click)="cancelConfirmDialog()">Continue Editing</...
          ╵                         ~~~~~~~~~~~~~~~~~~~~~

  Error occurs in the template of component BranchInventoryFormComponent.

    src/app/ui/view/branch/branch-inventory-form/branch-inventory-form.component.ts:26:15:
      26 │   templateUrl: './branch-inventory-form.component.html',
         ╵                ~~~~~~~~~~~~~~~~~~~~~~~~~~~~~~~~~~~~~~~~


✘ [ERROR] NG5002: Parser Error: Missing expected ) at column 15 in [setTimeout(() => showProductDropdown = false, 200)] in /Users/eseoseodion/erp-sales/src/app/ui/view/branch/branch-inventory-form/branch-inventory-form.component.html@108:44 [plugin angular-compiler]

    src/app/ui/view/branch/branch-inventory-form/branch-inventory-form.component.html:442:56:
      442 │ ...s="btn-danger" (click)="confirmCancel()">Discard Changes</button>
          ╵                            ~~~~~~~~~~~~~~~

  Error occurs in the template of component BranchInventoryFormComponent.

    src/app/ui/view/branch/branch-inventory-form/branch-inventory-form.component.ts:26:15:
      26 │   templateUrl: './branch-inventory-form.component.html',
         ╵                ~~~~~~~~~~~~~~~~~~~~~~~~~~~~~~~~~~~~~~~~


✘ [ERROR] NG5002: Parser Error: Unexpected token ')' at column 50 in [setTimeout(() => showProductDropdown = false, 200)] in /Users/eseoseodion/erp-sales/src/app/ui/view/branch/branch-inventory-form/branch-inventory-form.component.html@108:44 [plugin angular-compiler]

    src/app/ui/view/branch/branch-inventory-form/branch-inventory-form.component.html:442:56:
      442 │ ...s="btn-danger" (click)="confirmCancel()">Discard Changes</button>
          ╵                            ~~~~~~~~~~~~~~~

  Error occurs in the template of component BranchInventoryFormComponent.

    src/app/ui/view/branch/branch-inventory-form/branch-inventory-form.component.ts:26:15:
      26 │   templateUrl: './branch-inventory-form.component.html',
         ╵                ~~~~~~~~~~~~~~~~~~~~~~~~~~~~~~~~~~~~~~~~


✘ [ERROR] NG5002: Parser Error: Unexpected token ) at column 13 in [setTimeout(() => showProductDropdown = false, 200)] in /Users/eseoseodion/erp-sales/src/app/ui/view/branch/branch-inventory-form/branch-inventory-form.component.html@108:44 [plugin angular-compiler]

    src/app/ui/view/branch/branch-inventory-form/branch-inventory-form.component.html:442:56:
      442 │ ...s="btn-danger" (click)="confirmCancel()">Discard Changes</button>
          ╵                            ~~~~~~~~~~~~~~~

  Error occurs in the template of component BranchInventoryFormComponent.

    src/app/ui/view/branch/branch-inventory-form/branch-inventory-form.component.ts:26:15:
      26 │   templateUrl: './branch-inventory-form.component.html',
         ╵                ~~~~~~~~~~~~~~~~~~~~~~~~~~~~~~~~~~~~~~~~


✘ [ERROR] TS2322: Type 'boolean | undefined' is not assignable to type 'boolean'.
  Type 'undefined' is not assignable to type 'boolean'. [plugin angular-compiler]

    src/app/ui/view/branch/branch-inventory-form/branch-inventory-form.component.ts:348:10:
      348 │           return this.inventoryForm.get('productId')?.valid &&
          ╵           ~~~~~~


✘ [ERROR] TS2322: Type 'boolean | undefined' is not assignable to type 'boolean'. [plugin angular-compiler]

    src/app/ui/view/branch/branch-inventory-form/branch-inventory-form.component.ts:352:8:
      352 │         return this.inventoryForm.get('sellingPrice')?.valid;
          ╵         ~~~~~~


✘ [ERROR] TS2741: Property 'reorderQuantity' is missing in type '{ id: string; branchId: string; branchName: string; productId: any; productName: string; sku: string; quantity: number; reorderPoint: number; safetyStock: number; sellingPrice: number; costPrice: number; lastUpdated: Date; }' but required in type 'BranchInventory'. [plugin angular-compiler]

    src/app/ui/view/branch/branch-inventory-form/branch-inventory-form.component.ts:399:12:
      399 │       const savedItem: BranchInventory = {
          ╵             ~~~~~~~~~

  'reorderQuantity' is declared here.

    src/app/ui/domain/inventory/inventory.dto.ts:159:4:
      159 │     reorderQuantity: number;
          ╵     ~~~~~~~~~~~~~~~


